202.46.56.110 - - [12/Oct/2016:17:58:11 +0300] "GET /Technology/t/ HTTP/1.1" 404 208 "-" "Mozilla/5.0 (Windows NT 10.0; WOW64) AppleWebKit/537.36 (KHTML, like Gecko) Chrome/45.0.2454.93 Safari/537.36"
37.9.118.28 - - [12/Oct/2016:18:05:09 +0300] "GET / HTTP/1.1" 404 151 "-" "Mozilla/5.0 (compatible; YandexMetrika/2.0; +http://yandex.com/bots mtmon01i.yandex.ru)"
37.9.118.28 - - [12/Oct/2016:18:05:20 +0300] "GET / HTTP/1.1" 404 151 "-" "Mozilla/5.0 (compatible; YandexMetrika/2.0; +http://yandex.com/bots mtmon01i.yandex.ru)"
109.90.210.70 - - [12/Oct/2016:18:15:25 +0300] "GET /robots.txt HTTP/1.0" 404 177 "-" "Mozilla/5.0 (compatible; MJ12bot/v1.4.5; http://www.majestic12.co.uk/bot.php?+)"
109.90.210.70 - - [12/Oct/2016:18:15:27 +0300] "GET /omparison/comparison-betbrain.html HTTP/1.0" 404 177 "-" "Mozilla/5.0 (compatible; MJ12bot/v1.4.5; http://www.majestic12.co.uk/bot.php?+)"
109.90.210.70 - - [12/Oct/2016:18:15:43 +0300] "GET /robots.txt HTTP/1.0" 404 177 "-" "Mozilla/5.0 (compatible; MJ12bot/v1.4.5; http://www.majestic12.co.uk/bot.php?+)"
109.90.210.70 - - [12/Oct/2016:18:15:44 +0300] "GET /football_stat/italy/round1.htm HTTP/1.0" 404 177 "-" "Mozilla/5.0 (compatible; MJ12bot/v1.4.5; http://www.majestic12.co.uk/bot.php?+)"
109.90.210.70 - - [12/Oct/2016:18:15:46 +0300] "GET /football_stat/italy/round10.htm HTTP/1.0" 404 177 "-" "Mozilla/5.0 (compatible; MJ12bot/v1.4.5; http://www.majestic12.co.uk/bot.php?+)"
109.90.210.70 - - [12/Oct/2016:18:15:47 +0300] "GET /football_stat/italy/round11.htm HTTP/1.0" 404 177 "-" "Mozilla/5.0 (compatible; MJ12bot/v1.4.5; http://www.majestic12.co.uk/bot.php?+)"
109.90.210.70 - - [12/Oct/2016:18:15:49 +0300] "GET /forecasts-english-premier-league-/forecasts-table-english-premier-league-.html?limit=10&page=5&filternach= HTTP/1.0" 404 177 "-" "Mozilla/5.0 (compatible; MJ12bot/v1.4.5; http://www.majestic12.co.uk/bot.php?+)"
66.249.76.39 - - [12/Oct/2016:18:16:21 +0300] "GET /forum/forum.html?id=4&filter_order=t.last_post&filter_order_Dir=desc HTTP/1.1" 404 208 "-" "Mozilla/5.0 (Linux; Android 6.0.1; Nexus 5X Build/MMB29P) AppleWebKit/537.36 (KHTML, like Gecko) Chrome/41.0.2272.96 Mobile Safari/537.36 (compatible; Googlebot/2.1; +http://www.google.com/bot.html)"
192.99.144.140 - - [12/Oct/2016:18:20:42 +0300] "PROPFIND /webdav/ HTTP/1.1" 404 177 "-" "WEBDAV Client"
157.55.39.132 - - [12/Oct/2016:18:21:40 +0300] "GET /blog/all-blog.html HTTP/1.1" 404 151 "-" "Mozilla/5.0 (iPhone; CPU iPhone OS 7_0 like Mac OS X) AppleWebKit/537.51.1 (KHTML, like Gecko) Version/7.0 Mobile/11A465 Safari/9537.53 (compatible; bingbot/2.0; +http://www.bing.com/bingbot.htm)"
95.108.129.196 - - [12/Oct/2016:18:23:16 +0300] "GET / HTTP/1.1" 404 151 "-" "Mozilla/5.0 (compatible; YandexMetrika/2.0; +http://yandex.com/bots mtmon01e.yandex.ru)"
95.108.129.196 - - [12/Oct/2016:18:23:28 +0300] "GET / HTTP/1.1" 404 151 "-" "Mozilla/5.0 (compatible; YandexMetrika/2.0; +http://yandex.com/bots mtmon01e.yandex.ru)"
157.55.39.170 - - [12/Oct/2016:18:28:30 +0300] "GET / HTTP/1.1" 404 151 "-" "Mozilla/5.0 (compatible; bingbot/2.0; +http://www.bing.com/bingbot.htm)"
109.86.71.185 - - [12/Oct/2016:18:34:46 +0300] "GET / HTTP/1.0" 404 579 "http://www.se-kmv.ru/" "Mozilla/5.0 (Windows NT 6.1; WOW64) AppleWebKit/537.36 (KHTML, like Gecko) Chrome/48.0.2564.97 Safari/537.36"
109.86.71.185 - - [12/Oct/2016:18:34:47 +0300] "GET / HTTP/1.0" 404 579 "http://se-kmv.ru/" "Mozilla/5.0 (Windows NT 6.1) AppleWebKit/537.36 (KHTML, like Gecko) Chrome/48.0.2564.109 Safari/537.36"
95.108.129.196 - - [12/Oct/2016:18:52:24 +0300] "GET / HTTP/1.1" 404 151 "-" "Mozilla/5.0 (compatible; YandexMetrika/2.0; +http://yandex.com/bots mtmon01e.yandex.ru)"
159.203.161.160 - - [12/Oct/2016:18:55:30 +0300] "HEAD / HTTP/1.1" 404 0 "http://www.netcraft.com/survey/" "Mozilla/4.0 (compatible; Netcraft Web Server Survey)"
178.62.40.186 - - [12/Oct/2016:18:57:40 +0300] "GET /version HTTP/1.1" 404 177 "-" "Custom 1.0"
66.249.76.41 - - [12/Oct/2016:19:03:22 +0300] "GET /forum/topic.html?id=6 HTTP/1.1" 404 208 "-" "Mozilla/5.0 (Linux; Android 6.0.1; Nexus 5X Build/MMB29P) AppleWebKit/537.36 (KHTML, like Gecko) Chrome/41.0.2272.96 Mobile Safari/537.36 (compatible; Googlebot/2.1; +http://www.google.com/bot.html)"
157.55.39.170 - - [12/Oct/2016:19:14:34 +0300] "GET / HTTP/1.1" 404 151 "-" "Mozilla/5.0 (compatible; bingbot/2.0; +http://www.bing.com/bingbot.htm)"
207.46.13.177 - - [12/Oct/2016:19:34:17 +0300] "GET /index.php/categories/investment-guide/itemlist/category/15-energosbyt HTTP/1.1" 404 151 "-" "Mozilla/5.0 (compatible; bingbot/2.0; +http://www.bing.com/bingbot.htm)"
213.180.206.196 - - [12/Oct/2016:19:38:45 +0300] "GET / HTTP/1.1" 404 151 "-" "Mozilla/5.0 (compatible; YandexMetrika/2.0; +http://yandex.com/bots mtmon01g.yandex.ru)"
66.249.76.69 - - [12/Oct/2016:19:40:09 +0300] "GET /ResourceHead/management/Strategy/analiticfuzzy.html HTTP/1.1" 404 151 "-" "Mozilla/5.0 (compatible; Googlebot/2.1; +http://www.google.com/bot.html)"
37.9.118.28 - - [12/Oct/2016:19:45:40 +0300] "GET / HTTP/1.1" 404 151 "-" "Mozilla/5.0 (compatible; YandexMetrika/2.0; +http://yandex.com/bots mtmon01i.yandex.ru)"
66.249.76.90 - - [12/Oct/2016:19:50:44 +0300] "GET /download/bi/presentations/deductor/analytic_platform/evolution/deductor_5_evolution_platform.swf HTTP/1.1" 404 208 "-" "Mozilla/5.0 (Linux; Android 6.0.1; Nexus 5X Build/MMB29P) AppleWebKit/537.36 (KHTML, like Gecko) Chrome/41.0.2272.96 Mobile Safari/537.36 (compatible; Googlebot/2.1; +http://www.google.com/bot.html)"
37.9.118.28 - - [12/Oct/2016:19:52:22 +0300] "GET / HTTP/1.1" 404 151 "-" "Mozilla/5.0 (compatible; YandexMetrika/2.0; +http://yandex.com/bots mtmon01i.yandex.ru)"
40.77.167.10 - - [12/Oct/2016:19:57:16 +0300] "GET / HTTP/1.1" 404 151 "-" "Mozilla/5.0 (compatible; bingbot/2.0; +http://www.bing.com/bingbot.htm)"
207.46.13.177 - - [12/Oct/2016:20:03:55 +0300] "GET /robots.txt HTTP/1.1" 404 151 "-" "Mozilla/5.0 (compatible; bingbot/2.0; +http://www.bing.com/bingbot.htm)"
207.46.13.177 - - [12/Oct/2016:20:03:55 +0300] "GET /Product/DEDUCTOR/choice.html HTTP/1.1" 404 151 "-" "Mozilla/5.0 (compatible; bingbot/2.0; +http://www.bing.com/bingbot.htm)"
157.55.39.213 - - [12/Oct/2016:20:04:00 +0300] "GET /index.php HTTP/1.1" 404 151 "-" "Mozilla/5.0 (compatible; bingbot/2.0; +http://www.bing.com/bingbot.htm)"
157.55.39.213 - - [12/Oct/2016:20:04:00 +0300] "GET /Technology/t/ HTTP/1.1" 404 151 "-" "Mozilla/5.0 (compatible; bingbot/2.0; +http://www.bing.com/bingbot.htm)"
157.55.39.213 - - [12/Oct/2016:20:04:00 +0300] "GET /ResourceHead/management/Strategy/analiticfuzzy.html HTTP/1.1" 404 151 "-" "Mozilla/5.0 (compatible; bingbot/2.0; +http://www.bing.com/bingbot.htm)"
157.55.39.213 - - [12/Oct/2016:20:04:00 +0300] "GET /ResourceHead/management/ HTTP/1.1" 404 151 "-" "Mozilla/5.0 (compatible; bingbot/2.0; +http://www.bing.com/bingbot.htm)"
157.55.39.213 - - [12/Oct/2016:20:04:01 +0300] "GET /Product/crm/functions_crm.html HTTP/1.1" 404 151 "-" "Mozilla/5.0 (compatible; bingbot/2.0; +http://www.bing.com/bingbot.htm)"
157.55.39.170 - - [12/Oct/2016:20:04:05 +0300] "GET /Rech/roznTrade/ HTTP/1.1" 404 151 "-" "Mozilla/5.0 (compatible; bingbot/2.0; +http://www.bing.com/bingbot.htm)"
157.55.39.170 - - [12/Oct/2016:20:04:05 +0300] "GET /Rech/ HTTP/1.1" 404 151 "-" "Mozilla/5.0 (compatible; bingbot/2.0; +http://www.bing.com/bingbot.htm)"
157.55.39.170 - - [12/Oct/2016:20:04:05 +0300] "GET /News/ HTTP/1.1" 404 151 "-" "Mozilla/5.0 (compatible; bingbot/2.0; +http://www.bing.com/bingbot.htm)"
40.77.167.80 - - [12/Oct/2016:20:04:10 +0300] "GET /index.php/component/content/article/34/69 HTTP/1.1" 404 151 "-" "Mozilla/5.0 (compatible; bingbot/2.0; +http://www.bing.com/bingbot.htm)"
40.77.167.80 - - [12/Oct/2016:20:04:10 +0300] "GET /about/clients.html HTTP/1.1" 404 151 "-" "Mozilla/5.0 (compatible; bingbot/2.0; +http://www.bing.com/bingbot.htm)"
40.77.167.80 - - [12/Oct/2016:20:04:10 +0300] "GET /Rech/insurance/ HTTP/1.1" 404 151 "-" "Mozilla/5.0 (compatible; bingbot/2.0; +http://www.bing.com/bingbot.htm)"
40.77.167.80 - - [12/Oct/2016:20:04:11 +0300] "GET /Product/ HTTP/1.1" 404 151 "-" "Mozilla/5.0 (compatible; bingbot/2.0; +http://www.bing.com/bingbot.htm)"
40.77.167.80 - - [12/Oct/2016:20:04:11 +0300] "GET /Library/ HTTP/1.1" 404 151 "-" "Mozilla/5.0 (compatible; bingbot/2.0; +http://www.bing.com/bingbot.htm)"
157.55.39.100 - - [12/Oct/2016:20:10:29 +0300] "GET /plan-of-study.pdf HTTP/1.1" 404 151 "-" "Mozilla/5.0 (compatible; bingbot/2.0; +http://www.bing.com/bingbot.htm)"
5.79.68.55 - - [12/Oct/2016:20:18:27 +0300] "GET / HTTP/1.1" 404 151 "-" "Mozilla/5.0 (compatible; LinkpadBot/1.08; +http://www.linkpad.ru)"
5.79.68.55 - - [12/Oct/2016:20:18:28 +0300] "GET / HTTP/1.1" 404 151 "-" "Mozilla/5.0 (compatible; LinkpadBot/1.08; +http://www.linkpad.ru)"
178.162.214.204 - - [12/Oct/2016:20:19:00 +0300] "GET / HTTP/1.1" 404 177 "http://digital-human.ru" "Opera/9.80 (Windows NT 5.1; U; ru) Presto/2.2.15 Version/10.01"
5.79.68.55 - - [12/Oct/2016:20:21:45 +0300] "GET / HTTP/1.1" 404 151 "-" "Mozilla/5.0 (compatible; LinkpadBot/1.08; +http://www.linkpad.ru)"
5.79.68.55 - - [12/Oct/2016:20:21:46 +0300] "GET / HTTP/1.1" 404 151 "-" "Mozilla/5.0 (compatible; LinkpadBot/1.08; +http://www.linkpad.ru)"
139.162.13.205 - - [12/Oct/2016:20:26:22 +0300] "GET / HTTP/1.1" 404 208 "-" "Mozilla/5.0 (Windows NT 10.0; WOW64) AppleWebKit/537.36 (KHTML, like Gecko) Chrome/45.0.2454.101 Safari/537.36"
40.77.167.31 - - [12/Oct/2016:20:27:58 +0300] "GET /robots.txt HTTP/1.1" 404 151 "-" "Mozilla/5.0 (compatible; bingbot/2.0; +http://www.bing.com/bingbot.htm)"
45.55.84.127 - - [12/Oct/2016:20:29:00 +0300] "HEAD / HTTP/1.1" 404 0 "http://www.netcraft.com/survey/" "Mozilla/4.0 (compatible; Netcraft Web Server Survey)"
213.59.149.50 - - [12/Oct/2016:20:33:59 +0300] "GET / HTTP/1.1" 404 208 "http://www.rockwool.ru/aboutcompany/contacts/wheretobuy" "Mozilla/5.0 (Windows NT 10.0; WOW64) AppleWebKit/537.36 (KHTML, like Gecko) Chrome/52.0.2743.116 YaBrowser/16.9.1.1192 Yowser/2.5 Safari/537.36"
92.63.111.246 - - [12/Oct/2016:20:34:12 +0300] "GET / HTTP/1.1" 404 177 "http://www.google.com/'\x22`" "Mozilla/5.0 (X11; U; Linux i686 (x86_64); en-US; rv:1.8.1.6) Gecko/20070817 IceWeasel/2.0.0.6-g3'\x22`"
92.63.111.246 - - [12/Oct/2016:20:34:12 +0300] "GET / HTTP/1.1" 404 177 "http://www.google.com/'\x22`" "Mozilla/5.0 (X11; U; Linux i686 (x86_64); en-US; rv:1.8.1.6) Gecko/20070817 IceWeasel/2.0.0.6-g3'\x22`"
92.63.111.246 - - [12/Oct/2016:20:34:12 +0300] "GET /'\x22` HTTP/1.1" 404 177 "http://www.google.com/'\x22`" "Mozilla/5.0 (X11; U; Linux i686 (x86_64); en-US; rv:1.8.1.6) Gecko/20070817 IceWeasel/2.0.0.6-g3'\x22`"
92.63.111.246 - - [12/Oct/2016:20:34:12 +0300] "GET / HTTP/1.1" 404 579 "-" "Mozilla/4.0 (compatible; MSIE 11.0; Windows NT 5.1)"
5.255.253.75 - - [12/Oct/2016:20:36:45 +0300] "GET /robots.txt HTTP/1.1" 404 177 "-" "Mozilla/5.0 (compatible; YandexBot/3.0; +http://yandex.com/bots)"
66.249.75.163 - - [12/Oct/2016:20:37:39 +0300] "GET /forum/forum.html?id=10&filter_order=t.num_replies&filter_order_Dir=desc HTTP/1.1" 404 208 "-" "Mozilla/5.0 (Linux; Android 6.0.1; Nexus 5X Build/MMB29P) AppleWebKit/537.36 (KHTML, like Gecko) Chrome/41.0.2272.96 Mobile Safari/537.36 (compatible; Googlebot/2.1; +http://www.google.com/bot.html)"
159.203.102.226 - - [12/Oct/2016:20:40:11 +0300] "HEAD / HTTP/1.1" 404 0 "http://www.netcraft.com/survey/" "Mozilla/4.0 (compatible; Netcraft Web Server Survey)"
40.77.167.31 - - [12/Oct/2016:20:45:23 +0300] "GET /robots.txt HTTP/1.1" 404 151 "-" "Mozilla/5.0 (compatible; bingbot/2.0; +http://www.bing.com/bingbot.htm)"
180.97.106.37 - - [12/Oct/2016:20:51:47 +0300] "HEAD http://180.163.113.82/check_proxy HTTP/1.1" 404 0 "-" "-"
45.55.228.14 - - [12/Oct/2016:20:57:27 +0300] "HEAD / HTTP/1.1" 404 0 "http://www.netcraft.com/survey/" "Mozilla/4.0 (compatible; Netcraft Web Server Survey)"
185.153.198.239 - - [12/Oct/2016:20:59:55 +0300] "GET / HTTP/1.1" 404 151 "-" "Mozilla/5.0 (Windows NT 5.1; rv:9.0.1) Gecko/20100101 Firefox/9.0.1"
185.153.198.239 - - [12/Oct/2016:20:59:55 +0300] "GET /HNAP1/ HTTP/1.1" 404 151 "http://37.46.131.12/" "Mozilla/5.0 (Windows NT 5.1; rv:9.0.1) Gecko/20100101 Firefox/9.0.1"
111.13.136.46 - - [12/Oct/2016:21:00:57 +0300] "GET http://ai-forecasts.com/statistics/statistics-aiforecasts.html HTTP/1.0" 404 177 "https://dumpwithpin.com/" "Mozilla/5.0 (Windows NT 6.1; WOW64; rv:43.0) Gecko/20100101 Firefox/43.0"
207.46.13.177 - - [12/Oct/2016:21:09:42 +0300] "GET / HTTP/1.1" 404 151 "-" "Mozilla/5.0 (compatible; bingbot/2.0; +http://www.bing.com/bingbot.htm)"
37.9.118.28 - - [12/Oct/2016:21:11:04 +0300] "GET / HTTP/1.1" 404 151 "-" "Mozilla/5.0 (compatible; YandexMetrika/2.0; +http://yandex.com/bots mtmon01i.yandex.ru)"
37.9.118.24 - - [12/Oct/2016:21:12:27 +0300] "GET / HTTP/1.1" 404 151 "-" "Mozilla/5.0 (compatible; YandexMetrika/2.0; +http://yandex.com/bots)"
89.19.197.52 - - [12/Oct/2016:21:12:49 +0300] "GET /sync?ssp=376946&m=p&extid=05f626b1-56f2-3c03-0000-0536a9691283 HTTP/1.1" 404 208 "http://profile.ssp.rambler.ru/sandbox?img=WCl71F5gyXxYKXvUXmDJfOkjLINZSqKxwH8hgFkbYgvzQZKnIeztlWGV*GMmGu8ZynbZbZVGJx3xt98VsY41nrFhj5-mzH0kpa-qZ86SwinjqnprW97k2F*5252TrQSExql2Be5WMMfZvQt1rW4YkgIAAAC63LwKAAAAAA&img=5jybmW1uyyjmPJuZbW7LKH4b*DLT7roSToDbGSIEgEs4juMJfjGba6SvYJbFCfCGo1bNsi23T9iGyUG*M-AdNs1uX9XHAvIfOBHp05JtnknzDyJni*bVP3QMKOw6umRNes3*Pw1zPhVxufTcEE0wXwIAAAC63LwKAAAAAA&img=dIvpBE8EDDd0i*kETwQMN1922S9uYjjuQssTWrIUWXMdhgDOTa50zOgnRg5HW0mpc3V78EhQ3G0Ul6KcbbgOXksa0vLe39VwQi6ZzCka3JiYQnhUICZEKyKWagaIad6PAgAAALrcvAoAAAAA&img=SKBfEXeqrilIoF8Rd6quKUjvOCrt2qOx9P25vJ8voRhECyuesvBDptP0htpfl09LsJxyFrDE8Y84G7004b08wSjoF7y*1qdDO5BRFD-AHFEsk-8EqSHcZNdwC*35FEFS8Y7gqE6*c0NLGhqYnfjKSAIAAAC63LwKAAAAAA&img=e71usBF34OV7vW6wEXfg5TyNJew*fdukQxGXXnbuSBlusYh1wGJuKq*jMj3nyZ*JJnyc9muusHmcpZulf6UeM1RE-BH1HjdJU6tHyj6ffbJwEzwO52tWKMxz705xgNaZkI0QBcorc8i89nCJFGgAR8oSCPKq6jvpKx4VofiKyOkCAAAAuty8CgAAAAA&script=9bH4SKwjuTv1sfhIrCO5OzMow601-XSPfNboo1wS7TFDGvEt5ov9X0pQXgqyxy7claurennKiGheNCY-j7e1CxxZlSPgVIYvQYjGP0pWXxk-K7VudUbYtL2DWyOQb23Jjtce0HIsauM-bspCQJ2EQIaBjriSLbv2ADfeQ2Vt15CwCgpINLRn6HhWpG8l746CAgAAALrcvAoAAAAA&img=naBxZoBhT0OdoHFmgGFPQ05wHB8xcjMYbpm6d0ALVrPkkgbac7t7ZKAhVkd*3EvmaHynVNj-O4nKyXmizcUKTD-viTfqlZMoD*scl-tn1kK*ywNI7DWyw3yRXysizE-9hx5p-E0JCfIIMeYLrABU8AIAAAC63LwKAAAAAA&img=qOr1WAwreoeo6vVYDCt6h5Vp3zckAyvpfut5UB*N*bKc0NplgwJCjy8R*q0SEdS8kzN*Nzpe5NQFFN-vApovxzrc1R54Hf6YfLIi-YhdJu-wXtJsJYZlWftqe1yAHB5lAgAAALrcvAoAAAAA&img=yf8cybGiu*bJ-xzJsaK75hdvPQEueFISi1HxBK2D86Yfc0QCBRI2GcU*mfU65**DXSbY*ujN3hcOoRpBMdC3zQXmDHSgc94eei272thNFIzRKWX2NyExAIdSfbPiUM3k-d9ZJljjt86IyqOIkMkCcgIAAAC63LwKAAAAAA&img=agCpZEls8CZqAKlkSWzwJhe3GTRZlG*-CitJS36ZoVxr5-gimNBt95nMwqKIFoCi4f2M2u3NEE3A0z1ts8ols*-0b0u-gvM1i6INVG4oEE-iHPP4QLZRhhIKFf6HxBP5z1RA88esiXwYjaU2MCwwszBToUf-YxFC-Az-d85ExrICAAAAuty8CgAAAAA&img=KOlQYrUTscUo6VBitROxxbtEo209Bjyn2n2tzJJzpIle9w3I4GvmdVZv*lSh0xv3ZdybVoVnensUYERjNCqBUVpt7WQRhTPoln0cZ9ClHFVsP3d74OhrqBHoIDcp9tP9s784kUdq45hA2Y0jL7exSwIAAAC63LwKAAAAAA&img=O0PASldUiQI7Q8BKV1SJAtPi1vT7tKG*kv88ryTLNhGjZBzKvl5W5-17Di*AYV9y6aFjsxbPGWIvuIOL6e7ds15G0cUzcnhMQ2sOB5nfUQFZTDUOT0kjZzWQqXHWVDBEAgAAALrcvAoAAAAA&img=qJvZpVZ7coSom9mlVntyhHoQDVMul1JYglY-dKgzoQmDelvi1727tsRUynE80*pcvhzp6O5*jyaszYlVpafWxIJUZMpGU5XJjVHRFoEJc9e3nf4vYW2FHCAflp1cSKFpcah-blBDap79eErefvOdbDmk5PP2Ydo9Un-yI6x8ia0CAAAAuty8CgAAAAA&img=o8kNYLOQDE*jyQ1gs5AMT99maaL5C0CCXUgKxNHE*j9zLC9QiqWntY0e8x4pF0x1xDU7fHdtlFKv2qMKNZn8avblM3o4LjtrOJivM9cNV7QkQyOFnjI-HCPv72GO1h5oAgAAALrcvAoAAAAA&img=63hNw5mxB83reE3DmbEHzUz2SZLWqF0BXT7CM96EBIutZFRILqhYei0rg3DlxpBJHnZ6tSpa8qgRpY5DnlyhEWxLYATUM3Qk6StgOeo07g-U67yGA1ZmaC1Oy3mt*MAl0KWE-L6wi1j531zo6BnklgIAAAC63LwKAAAAAA&img=yHj6ecu0ldbIePp5y7SV1hCs7tSZ0JZTii7peK0FQP-HnTdQLtT95WnUwlF6NF8agq3s9GZG02IWbqwlsqckMROObKXDcwzYRr0EEoh78tU871ziEi7l-Vom7*sd*VqfmZu5NjXbiRslzeIrnOaYhAIAAAC63LwKAAAAAA&img=jjQORHISyP6ONA5EchLI-lxL5YCEEvAtGSIlA2y2*3Nbh2QsCq-Fkpx*oKGhbsTTxvRx4gYlFn9OjVSHQ0TW8uYpnljYa3xhamPdrP4ZGrJESli-ApmcZC5G8UmA7p5wr2R6rMCbKgBumBcWck8BOwIAAAC63LwKAAAAAA&img=-Yi555bHgwv9iLnnlseDC8kmy4dpOLSr7hPT6EeJxR0vhzeRsQjfx-FMzxbI2mhy6xs0O4QZObDVUtCKBLNs1a356cuMAkf0pHM1s1Aec-nP1URJjEMVbct*lWtBaZwgg7GPHJzWdM9OJwhYxq3OkwIAAAC63LwKAAAAAA&img=Fx*DBt*6MpgXH4MG37oymOL3EneHQsHFipBZ-phLROj4HCrJLHC4k2LUT8tLSMi5y6vT5V83aQLhJVV9Teg5XA46o0qyCxWJZ9FcgdWaUeMGHBphYMkzdZhbj6xf5ViKHIX83F1W-z589OIHRGorFQIAAAC63LwKAAAAAA&img=sZtuqwFytSmxm26rAXK1KYpVaNwI06mWYeWjHr*P*pZ8SKsQFvmp37zSw01ybQX1DObuG6x1442FNmQCPIrAH7sIQptBj6EFMM279LStRnik6S3W7Kvp4q3pzRUmfqM8AgAAALrcvAoAAAAA&img=0CHwdo-ypAXQIfB2j-KkBax1ZyHs6fCVcVz9X*XPrhuLxGkM7jMLJmCvK6jENMHbWswsfNEQaXVUwD45dxzwz*ib63Sc4RXJfSbNvbXPR27HMRG37PetJ-xoeRC59BixPy-Xii-8zXRDOvCWc9Jd3gIAAAC63LwKAAAAAA" "Mozilla/5.0 (Windows NT 6.1; WOW64) AppleWebKit/537.36 (KHTML, like Gecko) Chrome/53.0.2785.143 Safari/537.36"
207.46.13.177 - - [12/Oct/2016:21:13:39 +0300] "GET /ozsybry/skachat_seriala_spec_7469_0.jpg HTTP/1.1" 404 151 "-" "Mozilla/5.0 (compatible; bingbot/2.0; +http://www.bing.com/bingbot.htm)"
95.79.25.92 - - [12/Oct/2016:21:18:06 +0300] "GET / HTTP/1.1" 500 110257 "http://www.digital-human.ru/admin/account/profile/" "Mozilla/5.0 (Windows NT 6.1; WOW64; rv:49.0) Gecko/20100101 Firefox/49.0"
66.249.76.41 - - [12/Oct/2016:21:25:07 +0300] "GET /forum/forum.html?id=11&filter_order=t.id&filter_order_Dir=asc HTTP/1.1" 500 125850 "-" "Mozilla/5.0 (Linux; Android 6.0.1; Nexus 5X Build/MMB29P) AppleWebKit/537.36 (KHTML, like Gecko) Chrome/41.0.2272.96 Mobile Safari/537.36 (compatible; Googlebot/2.1; +http://www.google.com/bot.html)"
95.108.129.196 - - [12/Oct/2016:21:27:26 +0300] "GET / HTTP/1.1" 500 109042 "-" "Mozilla/5.0 (compatible; YandexMetrika/2.0; +http://yandex.com/bots mtmon01e.yandex.ru)"
178.252.127.223 - - [12/Oct/2016:21:27:41 +0300] "GET /Rech/opttrade/analysis_client_base7.gif HTTP/1.1" 500 125392 "http://drawings.pixmy.ru/view/10405741" "Mozilla/5.0 (Windows NT 10.0; Win64; x64) AppleWebKit/537.36 (KHTML, like Gecko) Chrome/51.0.2704.79 Safari/537.36 Edge/14.14393"
95.79.25.92 - - [12/Oct/2016:21:39:19 +0300] "GET / HTTP/1.1" 500 106796 "http://www.digital-human.ru/admin/account/profile/" "Mozilla/5.0 (Windows NT 6.1; WOW64; rv:49.0) Gecko/20100101 Firefox/49.0"
37.57.107.66 - - [12/Oct/2016:21:42:09 +0300] "GET / HTTP/1.1" 500 105814 "http://adstat.rambler.ru/wrds/" "Mozilla/5.0 (Windows; U; Windows NT 5.1; ru; rv:1.9.0.1) Gecko/2008070208 AdCentriaIM/1.7 Firefox/3.0.1"
95.79.25.92 - - [12/Oct/2016:21:42:41 +0300] "GET / HTTP/1.1" 500 110544 "http://www.digital-human.ru/admin/account/profile/" "Mozilla/5.0 (Windows NT 6.1; WOW64; rv:49.0) Gecko/20100101 Firefox/49.0"
95.79.25.92 - - [12/Oct/2016:21:44:49 +0300] "GET / HTTP/1.1" 500 110538 "http://www.digital-human.ru/admin/account/profile/" "Mozilla/5.0 (Windows NT 6.1; WOW64; rv:49.0) Gecko/20100101 Firefox/49.0"
95.79.25.92 - - [12/Oct/2016:21:49:46 +0300] "GET / HTTP/1.1" 500 112348 "http://www.digital-human.ru/admin/account/profile/" "Mozilla/5.0 (Windows NT 6.1; WOW64; rv:49.0) Gecko/20100101 Firefox/49.0"
95.79.25.92 - - [12/Oct/2016:21:55:41 +0300] "GET / HTTP/1.1" 500 112498 "http://www.digital-human.ru/admin/account/profile/" "Mozilla/5.0 (Windows NT 6.1; WOW64; rv:49.0) Gecko/20100101 Firefox/49.0"
178.136.123.10 - - [12/Oct/2016:21:56:11 +0300] "GET /Product/crm/functions_crm.html HTTP/1.1" 500 127587 "-" "Mozilla/5.0 (iPhone; CPU iPhone OS 10_1 like Mac OS X) AppleWebKit/602.2.14 (KHTML, like Gecko) Version/10.0 Mobile/14B71 Safari/602.1"
178.136.123.10 - - [12/Oct/2016:21:56:11 +0300] "GET /apple-touch-icon-120x120-precomposed.png HTTP/1.1" 500 127321 "-" "MobileSafari/602.1 CFNetwork/808.1.4 Darwin/16.1.0"
178.136.123.10 - - [12/Oct/2016:21:56:11 +0300] "GET /apple-touch-icon-120x120.png HTTP/1.1" 500 127183 "-" "MobileSafari/602.1 CFNetwork/808.1.4 Darwin/16.1.0"
178.136.123.10 - - [12/Oct/2016:21:56:11 +0300] "GET /apple-touch-icon-precomposed.png HTTP/1.1" 500 127248 "-" "MobileSafari/602.1 CFNetwork/808.1.4 Darwin/16.1.0"
178.136.123.10 - - [12/Oct/2016:21:56:12 +0300] "GET /apple-touch-icon.png HTTP/1.1" 500 127055 "-" "MobileSafari/602.1 CFNetwork/808.1.4 Darwin/16.1.0"
178.136.123.10 - - [12/Oct/2016:21:56:12 +0300] "GET /apple-touch-icon-120x120-precomposed.png HTTP/1.1" 500 127376 "-" "MobileSafari/602.1 CFNetwork/808.1.4 Darwin/16.1.0"
178.136.123.10 - - [12/Oct/2016:21:56:12 +0300] "GET /apple-touch-icon-120x120.png HTTP/1.1" 500 127183 "-" "MobileSafari/602.1 CFNetwork/808.1.4 Darwin/16.1.0"
178.136.123.10 - - [12/Oct/2016:21:56:12 +0300] "GET /apple-touch-icon-precomposed.png HTTP/1.1" 500 127248 "-" "MobileSafari/602.1 CFNetwork/808.1.4 Darwin/16.1.0"
178.136.123.10 - - [12/Oct/2016:21:56:12 +0300] "GET /apple-touch-icon.png HTTP/1.1" 500 127055 "-" "MobileSafari/602.1 CFNetwork/808.1.4 Darwin/16.1.0"
95.79.25.92 - - [12/Oct/2016:21:57:23 +0300] "GET / HTTP/1.1" 500 95182 "http://www.digital-human.ru/admin/account/profile/" "Mozilla/5.0 (Windows NT 6.1; WOW64; rv:49.0) Gecko/20100101 Firefox/49.0"
95.79.25.92 - - [12/Oct/2016:21:58:57 +0300] "GET / HTTP/1.1" 404 1007 "http://www.digital-human.ru/admin/account/profile/" "Mozilla/5.0 (Windows NT 6.1; WOW64; rv:49.0) Gecko/20100101 Firefox/49.0"
204.44.77.6 - - [12/Oct/2016:21:59:06 +0300] "GET / HTTP/1.0" 404 2255 "http://bi-grouplabs.ru" "Mozilla/5.0 (Macintosh; Intel Mac OS X 10_10_1) AppleWebKit/537.36 (KHTML, like Gecko) Chrome/39.0.2171.95 Safari/537.36"
95.79.25.92 - - [12/Oct/2016:21:59:28 +0300] "GET /account/login/ HTTP/1.1" 500 74758 "-" "Mozilla/5.0 (Windows NT 6.1; WOW64; rv:49.0) Gecko/20100101 Firefox/49.0"
68.64.174.189 - - [12/Oct/2016:22:05:24 +0300] "GET /license.php HTTP/1.0" 404 2289 "-" "Mozilla/4.0 (compatible; MSIE 6.0; Windows NT 5.2; WOW64; SV1)"
157.55.39.63 - - [12/Oct/2016:22:10:33 +0300] "GET / HTTP/1.1" 404 151 "-" "Mozilla/5.0 (compatible; bingbot/2.0; +http://www.bing.com/bingbot.htm)"
66.249.76.90 - - [12/Oct/2016:22:11:59 +0300] "GET /index.php/categories/metallurgy/itemlist/tag/%D0%9C%D0%B5%D1%82%D0%B0%D0%BB%D0%BB%D1%83%D1%80%D0%B3%D0%B8%D1%8F HTTP/1.1" 404 208 "-" "Mozilla/5.0 (Linux; Android 6.0.1; Nexus 5X Build/MMB29P) AppleWebKit/537.36 (KHTML, like Gecko) Chrome/41.0.2272.96 Mobile Safari/537.36 (compatible; Googlebot/2.1; +http://www.google.com/bot.html)"
159.203.168.65 - - [12/Oct/2016:22:16:14 +0300] "HEAD / HTTP/1.1" 404 0 "http://www.netcraft.com/survey/" "Mozilla/4.0 (compatible; Netcraft Web Server Survey)"
95.79.25.92 - - [12/Oct/2016:22:17:17 +0300] "GET /account/login/ HTTP/1.1" 404 151 "-" "Mozilla/5.0 (Windows NT 6.1; WOW64; rv:49.0) Gecko/20100101 Firefox/49.0"
95.79.25.92 - - [12/Oct/2016:22:17:21 +0300] "GET /account/login/ HTTP/1.1" 404 151 "-" "Mozilla/5.0 (Windows NT 6.1; WOW64; rv:49.0) Gecko/20100101 Firefox/49.0"
95.79.25.92 - - [12/Oct/2016:22:17:35 +0300] "GET /account/login/ HTTP/1.1" 500 184158 "-" "Mozilla/5.0 (Windows NT 6.1; WOW64; rv:49.0) Gecko/20100101 Firefox/49.0"
157.55.39.213 - - [12/Oct/2016:22:18:24 +0300] "GET /robots.txt HTTP/1.1" 404 2307 "-" "Mozilla/5.0 (compatible; bingbot/2.0; +http://www.bing.com/bingbot.htm)"
157.55.39.213 - - [12/Oct/2016:22:18:32 +0300] "GET / HTTP/1.1" 404 1009 "-" "Mozilla/5.0 (compatible; bingbot/2.0; +http://www.bing.com/bingbot.htm)"
178.136.123.10 - - [12/Oct/2016:22:31:25 +0300] "GET /Product/crm/functions_crm.html HTTP/1.1" 404 151 "-" "Mozilla/5.0 (iPhone; CPU iPhone OS 10_1 like Mac OS X) AppleWebKit/602.2.14 (KHTML, like Gecko) Version/10.0 Mobile/14B71 Safari/602.1"
178.136.123.10 - - [12/Oct/2016:22:31:25 +0300] "GET /apple-touch-icon-120x120-precomposed.png HTTP/1.1" 404 151 "-" "MobileSafari/602.1 CFNetwork/808.1.4 Darwin/16.1.0"
178.136.123.10 - - [12/Oct/2016:22:31:25 +0300] "GET /apple-touch-icon-120x120.png HTTP/1.1" 404 151 "-" "MobileSafari/602.1 CFNetwork/808.1.4 Darwin/16.1.0"
178.136.123.10 - - [12/Oct/2016:22:31:25 +0300] "GET /apple-touch-icon-precomposed.png HTTP/1.1" 404 151 "-" "MobileSafari/602.1 CFNetwork/808.1.4 Darwin/16.1.0"
178.136.123.10 - - [12/Oct/2016:22:31:25 +0300] "GET /apple-touch-icon.png HTTP/1.1" 404 151 "-" "MobileSafari/602.1 CFNetwork/808.1.4 Darwin/16.1.0"
178.136.123.10 - - [12/Oct/2016:22:31:25 +0300] "GET /apple-touch-icon-120x120-precomposed.png HTTP/1.1" 404 151 "-" "MobileSafari/602.1 CFNetwork/808.1.4 Darwin/16.1.0"
178.136.123.10 - - [12/Oct/2016:22:31:25 +0300] "GET /apple-touch-icon-120x120.png HTTP/1.1" 404 151 "-" "MobileSafari/602.1 CFNetwork/808.1.4 Darwin/16.1.0"
178.136.123.10 - - [12/Oct/2016:22:31:25 +0300] "GET /apple-touch-icon-precomposed.png HTTP/1.1" 404 151 "-" "MobileSafari/602.1 CFNetwork/808.1.4 Darwin/16.1.0"
178.136.123.10 - - [12/Oct/2016:22:31:25 +0300] "GET /apple-touch-icon.png HTTP/1.1" 404 151 "-" "MobileSafari/602.1 CFNetwork/808.1.4 Darwin/16.1.0"
213.180.206.196 - - [12/Oct/2016:22:33:03 +0300] "GET / HTTP/1.1" 404 151 "-" "Mozilla/5.0 (compatible; YandexMetrika/2.0; +http://yandex.com/bots mtmon01g.yandex.ru)"
45.55.137.220 - - [12/Oct/2016:22:33:34 +0300] "HEAD / HTTP/1.1" 404 0 "http://www.netcraft.com/survey/" "Mozilla/4.0 (compatible; Netcraft Web Server Survey)"
157.55.39.170 - - [12/Oct/2016:22:37:02 +0300] "GET /robots.txt HTTP/1.1" 404 177 "-" "Mozilla/5.0 (compatible; bingbot/2.0; +http://www.bing.com/bingbot.htm)"
157.55.39.170 - - [12/Oct/2016:22:37:08 +0300] "GET / HTTP/1.1" 404 151 "-" "Mozilla/5.0 (compatible; bingbot/2.0; +http://www.bing.com/bingbot.htm)"
213.180.206.196 - - [12/Oct/2016:22:38:35 +0300] "GET / HTTP/1.1" 404 151 "-" "Mozilla/5.0 (compatible; YandexMetrika/2.0; +http://yandex.com/bots mtmon01g.yandex.ru)"
104.131.29.201 - - [12/Oct/2016:22:40:33 +0300] "HEAD / HTTP/1.1" 404 0 "http://www.netcraft.com/survey/" "Mozilla/4.0 (compatible; Netcraft Web Server Survey)"
66.249.76.48 - - [12/Oct/2016:22:42:03 +0300] "GET /robots.txt HTTP/1.1" 404 151 "-" "Mozilla/5.0 (compatible; Googlebot/2.1; +http://www.google.com/bot.html)"
66.249.76.47 - - [12/Oct/2016:22:42:04 +0300] "GET / HTTP/1.1" 404 151 "-" "Mozilla/5.0 (compatible; Googlebot/2.1; +http://www.google.com/bot.html)"
207.46.13.177 - - [12/Oct/2016:22:45:23 +0300] "GET /robots.txt HTTP/1.1" 404 151 "-" "Mozilla/5.0 (compatible; bingbot/2.0; +http://www.bing.com/bingbot.htm)"
40.77.167.80 - - [12/Oct/2016:22:46:02 +0300] "GET /ResourceHead/management/Strategy/analitic4.gif HTTP/1.1" 404 151 "-" "Mozilla/5.0 (compatible; bingbot/2.0; +http://www.bing.com/bingbot.htm)"
95.79.25.92 - - [12/Oct/2016:22:48:52 +0300] "GET /account/login/ HTTP/1.1" 500 119403 "-" "Mozilla/5.0 (Windows NT 6.1; WOW64; rv:49.0) Gecko/20100101 Firefox/49.0"
213.180.206.196 - - [12/Oct/2016:22:49:04 +0300] "GET / HTTP/1.1" 500 118267 "-" "Mozilla/5.0 (compatible; YandexMetrika/2.0; +http://yandex.com/bots mtmon01g.yandex.ru)"
37.9.118.29 - - [12/Oct/2016:22:51:57 +0300] "GET / HTTP/1.1" 404 151 "-" "Mozilla/5.0 (compatible; YandexMetrika/2.0; +http://yandex.com/bots)"
95.79.25.92 - - [12/Oct/2016:22:54:48 +0300] "GET /account/login/ HTTP/1.1" 500 184158 "-" "Mozilla/5.0 (Windows NT 6.1; WOW64; rv:49.0) Gecko/20100101 Firefox/49.0"
95.79.25.92 - - [12/Oct/2016:22:57:19 +0300] "GET /account/login/ HTTP/1.1" 200 1200 "-" "Mozilla/5.0 (Windows NT 6.1; WOW64; rv:49.0) Gecko/20100101 Firefox/49.0"
95.79.25.92 - - [12/Oct/2016:22:57:19 +0300] "GET /static/css/base.css HTTP/1.1" 404 151 "http://digital-human.ru/account/login/" "Mozilla/5.0 (Windows NT 6.1; WOW64; rv:49.0) Gecko/20100101 Firefox/49.0"
66.249.65.19 - - [12/Oct/2016:22:59:28 +0300] "GET /download/bi/presentations/deductor/business/industrial_forecasting/industrial_forecasting.swf HTTP/1.1" 404 208 "-" "Mozilla/5.0 (Linux; Android 6.0.1; Nexus 5X Build/MMB29P) AppleWebKit/537.36 (KHTML, like Gecko) Chrome/41.0.2272.96 Mobile Safari/537.36 (compatible; Googlebot/2.1; +http://www.google.com/bot.html)"
107.173.183.144 - - [12/Oct/2016:23:35:03 +0300] "HEAD /blog/wp-login.php HTTP/1.1" 404 0 "http://45.79.81.203:65080/t.txt" "Mechanize/2.7.3 Ruby/1.9.3p551 (http://github.com/sparklemotion/mechanize/)"
51.255.202.66 - - [12/Oct/2016:23:39:05 +0300] "GET / HTTP/1.1" 404 208 "http://ai-forecasts.com/" "Mozilla/5.0 (Windows NT 6.1; WOW64) AppleWebKit/537.36 (KHTML, like Gecko) Chrome/44.0.2403.125 Safari/537.36"
51.255.202.66 - - [12/Oct/2016:23:39:06 +0300] "GET / HTTP/1.1" 404 208 "http://ai-forecasts.com/" "Mozilla/5.0 (Windows NT 6.1; WOW64) AppleWebKit/537.36 (KHTML, like Gecko) Chrome/44.0.2403.125 Safari/537.36"
66.249.65.19 - - [12/Oct/2016:23:46:17 +0300] "GET /download/bi/presentations/deductor/methodology/analysis_business_information/analysis_business_information.swf HTTP/1.1" 404 208 "-" "Mozilla/5.0 (Linux; Android 6.0.1; Nexus 5X Build/MMB29P) AppleWebKit/537.36 (KHTML, like Gecko) Chrome/41.0.2272.96 Mobile Safari/537.36 (compatible; Googlebot/2.1; +http://www.google.com/bot.html)"
180.76.15.17 - - [12/Oct/2016:23:51:07 +0300] "GET / HTTP/1.1" 404 151 "-" "Mozilla/5.0 (compatible; Baiduspider/2.0; +http://www.baidu.com/search/spider.html)"
45.55.152.131 - - [12/Oct/2016:23:52:16 +0300] "HEAD / HTTP/1.1" 404 0 "http://www.netcraft.com/survey/" "Mozilla/4.0 (compatible; Netcraft Web Server Survey)"
95.108.129.196 - - [12/Oct/2016:23:52:20 +0300] "GET / HTTP/1.1" 404 151 "-" "Mozilla/5.0 (compatible; YandexMetrika/2.0; +http://yandex.com/bots mtmon01e.yandex.ru)"
68.64.174.189 - - [12/Oct/2016:23:56:57 +0300] "GET /license.php HTTP/1.0" 404 579 "-" "Mozilla/4.0 (compatible; MSIE 6.0; Windows NT 5.0; InfoPath.1; .NET CLR 2.0.50727)"
180.76.15.153 - - [12/Oct/2016:23:58:08 +0300] "GET / HTTP/1.1" 404 151 "-" "Mozilla/5.0 (compatible; Baiduspider/2.0; +http://www.baidu.com/search/spider.html)"
94.199.151.22 - - [13/Oct/2016:00:00:08 +0300] "GET /robots.txt HTTP/1.1" 404 151 "-" "Wotbox/2.01 (+http://www.wotbox.com/bot/)"
94.199.151.22 - - [13/Oct/2016:00:00:21 +0300] "GET / HTTP/1.1" 404 151 "-" "Wotbox/2.01 (+http://www.wotbox.com/bot/)"
37.9.118.28 - - [13/Oct/2016:00:16:36 +0300] "GET / HTTP/1.1" 404 151 "-" "Mozilla/5.0 (compatible; YandexMetrika/2.0; +http://yandex.com/bots mtmon01i.yandex.ru)"
192.243.53.51 - - [13/Oct/2016:00:18:31 +0300] "GET /robots.txt HTTP/1.1" 404 151 "-" "Mozilla/5.0 (compatible; SemrushBot/1.1~bl; +http://www.semrush.com/bot.html)"
141.8.142.86 - - [13/Oct/2016:00:19:10 +0300] "GET /robots.txt HTTP/1.1" 404 177 "-" "Mozilla/5.0 (compatible; YandexBot/3.0; +http://yandex.com/bots)"
141.8.142.86 - - [13/Oct/2016:00:19:14 +0300] "GET /sistem/viewtopic-10125.html HTTP/1.1" 404 151 "-" "Mozilla/5.0 (compatible; YandexBot/3.0; +http://yandex.com/bots)"
192.243.53.51 - - [13/Oct/2016:00:20:57 +0300] "GET /news.html HTTP/1.1" 404 151 "-" "Mozilla/5.0 (compatible; SemrushBot/1.1~bl; +http://www.semrush.com/bot.html)"
192.243.53.51 - - [13/Oct/2016:00:21:17 +0300] "GET /news.html HTTP/1.1" 404 151 "-" "Mozilla/5.0 (compatible; SemrushBot/1.1~bl; +http://www.semrush.com/bot.html)"
192.243.53.51 - - [13/Oct/2016:00:21:29 +0300] "GET /news.html HTTP/1.1" 404 151 "-" "Mozilla/5.0 (compatible; SemrushBot/1.1~bl; +http://www.semrush.com/bot.html)"
157.55.39.63 - - [13/Oct/2016:00:29:01 +0300] "GET / HTTP/1.1" 404 151 "-" "Mozilla/5.0 (compatible; bingbot/2.0; +http://www.bing.com/bingbot.htm)"
66.249.76.90 - - [13/Oct/2016:00:33:52 +0300] "GET /robots.txt HTTP/1.1" 404 151 "-" "Mozilla/5.0 (compatible; Googlebot/2.1; +http://www.google.com/bot.html)"
66.249.76.66 - - [13/Oct/2016:00:33:52 +0300] "GET /index.php/categories/metallurgy/item/42-ars-more HTTP/1.1" 404 208 "-" "Mozilla/5.0 (Linux; Android 6.0.1; Nexus 5X Build/MMB29P) AppleWebKit/537.36 (KHTML, like Gecko) Chrome/41.0.2272.96 Mobile Safari/537.36 (compatible; Googlebot/2.1; +http://www.google.com/bot.html)"
37.46.85.29 - - [13/Oct/2016:00:38:39 +0300] "GET /vicidial/admin.php HTTP/1.1" 404 177 "-" "curl/7.19.7 (x86_64-redhat-linux-gnu) libcurl/7.19.7 NSS/3.21 Basic ECC zlib/1.2.3 libidn/1.18 libssh2/1.4.2"
95.108.129.196 - - [13/Oct/2016:00:40:00 +0300] "GET / HTTP/1.1" 404 151 "-" "Mozilla/5.0 (compatible; YandexMetrika/2.0; +http://yandex.com/bots mtmon01e.yandex.ru)"
192.243.53.51 - - [13/Oct/2016:00:44:47 +0300] "GET /robots.txt HTTP/1.1" 404 151 "-" "Mozilla/5.0 (compatible; SemrushBot/1.1~bl; +http://www.semrush.com/bot.html)"
157.55.39.139 - - [13/Oct/2016:00:59:54 +0300] "GET /robots.txt HTTP/1.1" 404 177 "-" "Mozilla/5.0 (compatible; bingbot/2.0; +http://www.bing.com/bingbot.htm)"
157.55.39.139 - - [13/Oct/2016:01:00:00 +0300] "GET / HTTP/1.1" 404 151 "-" "Mozilla/5.0 (compatible; bingbot/2.0; +http://www.bing.com/bingbot.htm)"
192.243.53.51 - - [13/Oct/2016:01:07:46 +0300] "GET /robots.txt HTTP/1.1" 404 151 "-" "Mozilla/5.0 (compatible; SemrushBot/1.1~bl; +http://www.semrush.com/bot.html)"
192.243.53.51 - - [13/Oct/2016:01:09:14 +0300] "GET /news.html HTTP/1.1" 404 151 "-" "Mozilla/5.0 (compatible; SemrushBot/1.1~bl; +http://www.semrush.com/bot.html)"
192.243.53.51 - - [13/Oct/2016:01:10:13 +0300] "GET /news.html HTTP/1.1" 404 151 "-" "Mozilla/5.0 (compatible; SemrushBot/1.1~bl; +http://www.semrush.com/bot.html)"
95.108.129.196 - - [13/Oct/2016:01:10:33 +0300] "GET / HTTP/1.1" 404 151 "-" "Mozilla/5.0 (compatible; YandexMetrika/2.0; +http://yandex.com/bots mtmon01e.yandex.ru)"
208.80.194.30 - - [13/Oct/2016:01:10:48 +0300] "GET /Rech/plan/forecast_elektra.html HTTP/1.0" 404 579 "-" "Mozilla/4.0 (compatible; MSIE 8.0; Windows NT 6.1)"
66.249.65.171 - - [13/Oct/2016:01:20:33 +0300] "GET /forum/topic.html?id=11&p=1 HTTP/1.1" 404 208 "-" "Mozilla/5.0 (Linux; Android 6.0.1; Nexus 5X Build/MMB29P) AppleWebKit/537.36 (KHTML, like Gecko) Chrome/41.0.2272.96 Mobile Safari/537.36 (compatible; Googlebot/2.1; +http://www.google.com/bot.html)"
5.255.253.75 - - [13/Oct/2016:01:25:56 +0300] "GET /robots.txt HTTP/1.1" 404 177 "-" "Mozilla/5.0 (compatible; YandexBot/3.0; +http://yandex.com/bots)"
5.255.253.75 - - [13/Oct/2016:01:26:00 +0300] "GET /index.php/user/itemlist/tag/%D0%9F%D1%80%D0%BE%D0%B3%D0%BD%D0%BE%D0%B7%D0%B8%D1%80%D0%BE%D0%B2%D0%B0%D0%BD%D0%B8%D0%B5/user/user/user/user HTTP/1.1" 404 151 "-" "Mozilla/5.0 (compatible; YandexBot/3.0; +http://yandex.com/bots)"
157.55.39.139 - - [13/Oct/2016:01:28:47 +0300] "GET / HTTP/1.1" 404 151 "-" "Mozilla/5.0 (compatible; bingbot/2.0; +http://www.bing.com/bingbot.htm)"
187.32.50.181 - - [13/Oct/2016:01:31:23 +0300] "GET / HTTP/1.1" 404 177 "-" "curl/7.17.1 (mips-unknown-linux-gnu) libcurl/7.17.1 OpenSSL/0.9.8i zlib/1.2.3"
77.247.181.163 - - [13/Oct/2016:01:35:43 +0300] "GET / HTTP/1.1" 404 208 "http://high-tech.su/" "Mozilla/5.0 (Windows NT 6.1; WOW64) AppleWebKit/537.36 (KHTML, like Gecko) Chrome/44.0.2403.125 Safari/537.36"
77.247.181.163 - - [13/Oct/2016:01:35:44 +0300] "GET / HTTP/1.1" 404 208 "http://high-tech.su/" "Mozilla/5.0 (Windows NT 6.1; WOW64) AppleWebKit/537.36 (KHTML, like Gecko) Chrome/44.0.2403.125 Safari/537.36"
195.123.209.184 - - [13/Oct/2016:01:37:47 +0300] "POST /libraries/joomla/exporter.php HTTP/1.1" 404 208 "http://high-tech.su/" "Mozilla/5.0 (Windows NT 6.1; WOW64) AppleWebKit/537.36 (KHTML, like Gecko) Chrome/44.0.2403.125 Safari/537.36"
192.243.53.51 - - [13/Oct/2016:01:40:01 +0300] "GET /robots.txt HTTP/1.1" 404 151 "-" "Mozilla/5.0 (compatible; SemrushBot/1.1~bl; +http://www.semrush.com/bot.html)"
192.243.53.51 - - [13/Oct/2016:01:41:09 +0300] "GET /news.html HTTP/1.1" 404 151 "-" "Mozilla/5.0 (compatible; SemrushBot/1.1~bl; +http://www.semrush.com/bot.html)"
109.234.156.66 - - [13/Oct/2016:01:43:42 +0300] "GET / HTTP/1.1" 404 208 "-" "Mozilla/5.0 (X11; Linux x86_64) AppleWebKit/537.36 (KHTML, like Gecko) Ubuntu Chromium/43.0.2357.81 Chrome/43.0.2357.81 Safari/537.36"
37.9.118.28 - - [13/Oct/2016:01:49:45 +0300] "GET / HTTP/1.1" 404 151 "-" "Mozilla/5.0 (compatible; YandexMetrika/2.0; +http://yandex.com/bots mtmon01i.yandex.ru)"
213.180.206.196 - - [13/Oct/2016:01:59:07 +0300] "GET / HTTP/1.1" 404 151 "-" "Mozilla/5.0 (compatible; YandexMetrika/2.0; +http://yandex.com/bots mtmon01g.yandex.ru)"
193.201.225.61 - - [13/Oct/2016:02:06:35 +0300] "GET /statistics/statistics-aiforecasts.html HTTP/1.0" 404 579 "http://xn--d1acaljdgleabb1c0a4k.xn--p1ai/" "Mozilla/5.0 (Windows NT 6.1; WOW64) AppleWebKit/537.36 (KHTML, like Gecko) Chrome/48.0.2564.109 Safari/537.36"
193.201.225.61 - - [13/Oct/2016:02:06:35 +0300] "GET /statistics/statistics-aiforecasts.html HTTP/1.0" 404 579 "http://xn--d1acaljdgleabb1c0a4k.xn--p1ai/" "Mozilla/5.0 (Windows NT 10.0; WOW64) AppleWebKit/537.36 (KHTML, like Gecko) Chrome/48.0.2564.97 Safari/537.36"
193.201.225.61 - - [13/Oct/2016:02:06:35 +0300] "GET /statistics-aiforecasts.html HTTP/1.0" 404 579 "http://xn--d1acaljdgleabb1c0a4k.xn--p1ai/" "Mozilla/5.0 (Windows NT 10.0; WOW64) AppleWebKit/537.36 (KHTML, like Gecko) Chrome/48.0.2564.97 Safari/537.36"
193.201.225.61 - - [13/Oct/2016:02:06:35 +0300] "GET /statistics/statistics-aiforecasts.html HTTP/1.0" 404 177 "http://xn--d1acaljdgleabb1c0a4k.xn--p1ai/" "Mozilla/5.0 (Windows NT 6.3; WOW64; rv:43.0) Gecko/20100101 Firefox/43.0"
193.201.225.61 - - [13/Oct/2016:02:06:35 +0300] "GET /statistics-aiforecasts.html HTTP/1.0" 404 177 "http://xn--d1acaljdgleabb1c0a4k.xn--p1ai/" "Mozilla/5.0 (Windows NT 6.3; WOW64; rv:43.0) Gecko/20100101 Firefox/43.0"
193.201.225.61 - - [13/Oct/2016:02:06:36 +0300] "GET /statistics/statistics-aiforecasts.html HTTP/1.0" 404 177 "http://xn--d1acaljdgleabb1c0a4k.xn--p1ai/" "Mozilla/5.0 (Windows NT 6.1; rv:43.0) Gecko/20100101 Firefox/43.0"
193.201.225.61 - - [13/Oct/2016:02:06:36 +0300] "GET /statistics-aiforecasts.html HTTP/1.0" 404 177 "http://xn--d1acaljdgleabb1c0a4k.xn--p1ai/" "Mozilla/5.0 (Windows NT 6.1; rv:43.0) Gecko/20100101 Firefox/43.0"
193.201.225.61 - - [13/Oct/2016:02:06:36 +0300] "GET /statistics/statistics-aiforecasts.html HTTP/1.0" 404 579 "http://xn--d1acaljdgleabb1c0a4k.xn--p1ai/" "Mozilla/5.0 (Windows NT 6.1; WOW64) AppleWebKit/537.36 (KHTML, like Gecko) Chrome/48.0.2564.82 Safari/537.36 OPR/35.0.2066.37"
193.201.225.61 - - [13/Oct/2016:02:06:36 +0300] "GET /statistics-aiforecasts.html HTTP/1.0" 404 579 "http://xn--d1acaljdgleabb1c0a4k.xn--p1ai/" "Mozilla/5.0 (Windows NT 6.1; WOW64) AppleWebKit/537.36 (KHTML, like Gecko) Chrome/48.0.2564.82 Safari/537.36 OPR/35.0.2066.37"
37.9.118.28 - - [13/Oct/2016:02:07:42 +0300] "GET / HTTP/1.1" 404 151 "-" "Mozilla/5.0 (compatible; YandexMetrika/2.0; +http://yandex.com/bots mtmon01i.yandex.ru)"
66.249.76.41 - - [13/Oct/2016:02:08:20 +0300] "GET /robots.txt HTTP/1.1" 404 151 "-" "Mozilla/5.0 (compatible; Googlebot/2.1; +http://www.google.com/bot.html)"
66.249.76.37 - - [13/Oct/2016:02:08:20 +0300] "GET /forum/forum.html?id=3&filter_order=t.id&filter_order_Dir=asc HTTP/1.1" 404 208 "-" "Mozilla/5.0 (Linux; Android 6.0.1; Nexus 5X Build/MMB29P) AppleWebKit/537.36 (KHTML, like Gecko) Chrome/41.0.2272.96 Mobile Safari/537.36 (compatible; Googlebot/2.1; +http://www.google.com/bot.html)"
192.243.53.51 - - [13/Oct/2016:02:12:22 +0300] "GET /robots.txt HTTP/1.1" 404 151 "-" "Mozilla/5.0 (compatible; SemrushBot/1.1~bl; +http://www.semrush.com/bot.html)"
192.243.53.51 - - [13/Oct/2016:02:13:20 +0300] "GET /news.html HTTP/1.1" 404 151 "-" "Mozilla/5.0 (compatible; SemrushBot/1.1~bl; +http://www.semrush.com/bot.html)"
40.77.167.80 - - [13/Oct/2016:02:21:49 +0300] "GET /index.php/menu-types HTTP/1.1" 404 151 "-" "Mozilla/5.0 (compatible; bingbot/2.0; +http://www.bing.com/bingbot.htm)"
192.243.53.51 - - [13/Oct/2016:02:29:34 +0300] "GET /robots.txt HTTP/1.1" 404 151 "-" "Mozilla/5.0 (compatible; SemrushBot/1.1~bl; +http://www.semrush.com/bot.html)"
192.243.53.51 - - [13/Oct/2016:02:30:20 +0300] "GET /news.html HTTP/1.1" 404 151 "-" "Mozilla/5.0 (compatible; SemrushBot/1.1~bl; +http://www.semrush.com/bot.html)"
157.55.39.139 - - [13/Oct/2016:02:41:42 +0300] "GET / HTTP/1.1" 404 151 "-" "Mozilla/5.0 (compatible; bingbot/2.0; +http://www.bing.com/bingbot.htm)"
157.55.39.247 - - [13/Oct/2016:02:44:38 +0300] "GET /robots.txt HTTP/1.1" 404 151 "-" "Mozilla/5.0 (compatible; bingbot/2.0; +http://www.bing.com/bingbot.htm)"
40.77.167.10 - - [13/Oct/2016:02:44:49 +0300] "GET / HTTP/1.1" 404 151 "-" "Mozilla/5.0 (compatible; bingbot/2.0; +http://www.bing.com/bingbot.htm)"
66.249.76.39 - - [13/Oct/2016:02:45:26 +0300] "GET /forum/forum.html?id=10&filter_order=t.num_replies&filter_order_Dir=asc HTTP/1.1" 404 208 "-" "Mozilla/5.0 (Linux; Android 6.0.1; Nexus 5X Build/MMB29P) AppleWebKit/537.36 (KHTML, like Gecko) Chrome/41.0.2272.96 Mobile Safari/537.36 (compatible; Googlebot/2.1; +http://www.google.com/bot.html)"
206.253.226.7 - - [13/Oct/2016:02:56:55 +0300] "GET /robots.txt HTTP/1.1" 404 177 "-" "Mozilla/5.0 (compatible; oBot/2.3.1; http://filterdb.iss.net/crawler/)"
206.253.226.7 - - [13/Oct/2016:02:56:55 +0300] "HEAD /Library/Zadeh.pdf HTTP/1.1" 404 0 "-" "Mozilla/5.0 (compatible; oBot/2.3.1; http://filterdb.iss.net/crawler/)"
193.111.140.153 - - [13/Oct/2016:02:57:15 +0300] "GET /robots.txt HTTP/1.0" 404 177 "-" "Mozilla/5.0 (compatible; MJ12bot/v1.4.5; http://www.majestic12.co.uk/bot.php?+)"
193.111.140.153 - - [13/Oct/2016:02:57:17 +0300] "GET /ResourceHead/tools/ERP/ERP3.html HTTP/1.0" 404 177 "-" "Mozilla/5.0 (compatible; MJ12bot/v1.4.5; http://www.majestic12.co.uk/bot.php?+)"
5.143.231.18 - - [13/Oct/2016:03:13:09 +0300] "GET /robots.txt HTTP/1.1" 404 151 "-" "Mozilla/5.0 (compatible; SputnikBot/2.3; +http://corp.sputnik.ru/webmaster)"
5.143.231.18 - - [13/Oct/2016:03:13:11 +0300] "GET /index.php/component/content/article/34-template-articles/81-bi-trader-futures-more HTTP/1.1" 404 151 "-" "Mozilla/5.0 (compatible; SputnikBot/2.3; +http://corp.sputnik.ru/webmaster)"
5.143.231.18 - - [13/Oct/2016:03:13:13 +0300] "GET /index.php/user/item/42-ars-more/user/user/user/user/user/user/user/user/user/user/user/user/user HTTP/1.1" 404 151 "-" "Mozilla/5.0 (compatible; SputnikBot/2.3; +http://corp.sputnik.ru/webmaster)"
5.143.231.18 - - [13/Oct/2016:03:13:15 +0300] "GET /index.php/user/item/42-ars-more/user/user/user/user/user/user/user/user/user/user HTTP/1.1" 404 151 "-" "Mozilla/5.0 (compatible; SputnikBot/2.3; +http://corp.sputnik.ru/webmaster)"
5.143.231.18 - - [13/Oct/2016:03:13:17 +0300] "GET /index.php/categories/item/42-ars-more/categories/categories/categories/categories/categories/categories/categories/categories/categories HTTP/1.1" 404 151 "-" "Mozilla/5.0 (compatible; SputnikBot/2.3; +http://corp.sputnik.ru/webmaster)"
5.143.231.18 - - [13/Oct/2016:03:13:19 +0300] "GET /index.php/categories/financial-adviser/item/42-ars-more/categories/financial-adviser/categories/financial-adviser/categories/financial-adviser/categories/financial-adviser/categories/financial-adviser/categories/financial-adviser/categories/financial-adviser/categories/financial-adviser/categories/financial-adviser HTTP/1.1" 404 151 "-" "Mozilla/5.0 (compatible; SputnikBot/2.3; +http://corp.sputnik.ru/webmaster)"
5.143.231.18 - - [13/Oct/2016:03:13:21 +0300] "GET /index.php/categories/financial-adviser/item/28-scoring-solutions/categories/financial-adviser/categories/financial-adviser/categories/financial-adviser/categories/financial-adviser/categories/financial-adviser/categories/financial-adviser/categories/financial-adviser/categories/financial-adviser HTTP/1.1" 404 151 "-" "Mozilla/5.0 (compatible; SputnikBot/2.3; +http://corp.sputnik.ru/webmaster)"
5.143.231.18 - - [13/Oct/2016:03:13:23 +0300] "GET /index.php/categories/petrochemistry/item/41-recommendatory-system/categories/petrochemistry/categories/petrochemistry/categories/petrochemistry/categories/petrochemistry/categories/petrochemistry/categories/petrochemistry/categories/petrochemistry/categories/petrochemistry/categories/petrochemistry HTTP/1.1" 404 151 "-" "Mozilla/5.0 (compatible; SputnikBot/2.3; +http://corp.sputnik.ru/webmaster)"
5.143.231.18 - - [13/Oct/2016:03:13:25 +0300] "GET /index.php/categories/energosbyt/item/41-recommendatory-system/categories/energosbyt/categories/energosbyt/categories/energosbyt/categories/energosbyt/categories/energosbyt/categories/energosbyt/categories/energosbyt/categories/energosbyt/categories/energosbyt HTTP/1.1" 404 151 "-" "Mozilla/5.0 (compatible; SputnikBot/2.3; +http://corp.sputnik.ru/webmaster)"
5.143.231.18 - - [13/Oct/2016:03:13:28 +0300] "GET /index.php/categories/financial-adviser/item/41-recommendatory-system/categories/financial-adviser/categories/financial-adviser/categories/financial-adviser/categories/financial-adviser/categories/financial-adviser/categories/financial-adviser/categories/financial-adviser/categories/financial-adviser HTTP/1.1" 404 151 "-" "Mozilla/5.0 (compatible; SputnikBot/2.3; +http://corp.sputnik.ru/webmaster)"
5.143.231.18 - - [13/Oct/2016:03:13:30 +0300] "GET /index.php/categories/petrochemistry/item/41-recommendatory-system/categories/petrochemistry/categories/petrochemistry/categories/petrochemistry/categories/petrochemistry/categories/petrochemistry/categories/petrochemistry/categories/petrochemistry/categories/petrochemistry/categories/petrochemistry/categories/petrochemistry/categories/petrochemistry/categories/petrochemistry/categories/petrochemistry HTTP/1.1" 404 151 "-" "Mozilla/5.0 (compatible; SputnikBot/2.3; +http://corp.sputnik.ru/webmaster)"
5.143.231.18 - - [13/Oct/2016:03:13:32 +0300] "GET /index.php/categories/financial-adviser/item/41-recommendatory-system/categories/financial-adviser/categories/financial-adviser/categories/financial-adviser/categories/financial-adviser/categories/financial-adviser/categories/financial-adviser/categories/financial-adviser/categories/financial-adviser/categories/financial-adviser/categories/financial-adviser/categories/financial-adviser/categories/financial-adviser/categories/financial-adviser HTTP/1.1" 404 151 "-" "Mozilla/5.0 (compatible; SputnikBot/2.3; +http://corp.sputnik.ru/webmaster)"
5.143.231.18 - - [13/Oct/2016:03:13:34 +0300] "GET /index.php/component/content/article/34-template-articles/82-make-money-energy-futures HTTP/1.1" 404 151 "-" "Mozilla/5.0 (compatible; SputnikBot/2.3; +http://corp.sputnik.ru/webmaster)"
5.143.231.18 - - [13/Oct/2016:03:13:36 +0300] "GET /index.php/user/itemlist/tag/%D0%9D%D0%B5%D1%84%D1%82%D0%B5%D1%85%D0%B8%D0%BC%D0%B8%D1%8F/user/user/user/user/user/user/user/user/user/user/user/user/user/user/user HTTP/1.1" 404 151 "-" "Mozilla/5.0 (compatible; SputnikBot/2.3; +http://corp.sputnik.ru/webmaster)"
5.143.231.18 - - [13/Oct/2016:03:13:38 +0300] "GET /index.php/user/itemlist/tag/%D0%91%D0%B0%D0%BD%D0%BA%D0%B8/user/user/user/user/user/user/user HTTP/1.1" 404 151 "-" "Mozilla/5.0 (compatible; SputnikBot/2.3; +http://corp.sputnik.ru/webmaster)"
5.143.231.18 - - [13/Oct/2016:03:13:40 +0300] "GET /index.php/user/itemlist/tag/%D0%91%D0%B0%D0%BD%D0%BA%D0%B8/user/user/user/user/user/user/user/user/user/user/user HTTP/1.1" 404 151 "-" "Mozilla/5.0 (compatible; SputnikBot/2.3; +http://corp.sputnik.ru/webmaster)"
5.143.231.18 - - [13/Oct/2016:03:13:42 +0300] "GET /Rech/Bookmakers/bets_2_2007-2008.xls HTTP/1.1" 404 151 "-" "Mozilla/5.0 (compatible; SputnikBot/2.3; +http://corp.sputnik.ru/webmaster)"
5.143.231.18 - - [13/Oct/2016:03:13:44 +0300] "GET /index.php/categories/petrochemistry/itemlist/tag/%D0%91%D0%B0%D0%BD%D0%BA%D0%B8/categories/petrochemistry/categories/petrochemistry/categories/petrochemistry/categories/petrochemistry/categories/petrochemistry/categories/petrochemistry/categories/petrochemistry/categories/petrochemistry/categories/petrochemistry/categories/petrochemistry/categories/petrochemistry/categories/petrochemistry/categories/petrochemistry HTTP/1.1" 404 151 "-" "Mozilla/5.0 (compatible; SputnikBot/2.3; +http://corp.sputnik.ru/webmaster)"
5.143.231.18 - - [13/Oct/2016:03:13:46 +0300] "GET /index.php/categories/itemlist/tag/%D0%91%D0%B0%D0%BD%D0%BA%D0%B8/categories/categories/categories/categories/categories/categories/categories HTTP/1.1" 404 151 "-" "Mozilla/5.0 (compatible; SputnikBot/2.3; +http://corp.sputnik.ru/webmaster)"
5.143.231.18 - - [13/Oct/2016:03:13:48 +0300] "GET /index.php/categories/market-center/itemlist/tag/%D0%A0%D0%B5%D0%BA%D0%BE%D0%BC%D0%B5%D0%BD%D0%B4%D0%B0%D1%82%D0%B5%D0%BB%D1%8C%D0%BD%D0%B0%D1%8F%20%D1%81%D0%B8%D1%81%D1%82%D0%B5%D0%BC%D0%B0/categories/market-center/categories/market-center/categories/market-center/categories/market-center/categories/market-center/categories/market-center/categories/market-center/categories/market-center/categories/market-center HTTP/1.1" 404 151 "-" "Mozilla/5.0 (compatible; SputnikBot/2.3; +http://corp.sputnik.ru/webmaster)"
5.143.231.18 - - [13/Oct/2016:03:13:50 +0300] "GET /index.php/categories/itemlist/category/11-recommendatory-system-ars/categories/categories/categories/categories/categories/categories/categories/categories/categories/categories/categories/categories/categories/categories HTTP/1.1" 404 151 "-" "Mozilla/5.0 (compatible; SputnikBot/2.3; +http://corp.sputnik.ru/webmaster)"
5.143.231.18 - - [13/Oct/2016:03:13:52 +0300] "GET /index.php/categories/investment-guide/itemlist/tag/%D0%91%D0%B0%D0%BD%D0%BA%D0%B8/categories/investment-guide/categories/investment-guide/categories/investment-guide/categories/investment-guide/categories/investment-guide/categories/investment-guide HTTP/1.1" 404 151 "-" "Mozilla/5.0 (compatible; SputnikBot/2.3; +http://corp.sputnik.ru/webmaster)"
5.143.231.18 - - [13/Oct/2016:03:13:54 +0300] "GET /index.php/categories/petrochemistry/itemlist/tag/%D0%91%D0%B0%D0%BD%D0%BA%D0%B8/categories/petrochemistry/categories/petrochemistry/categories/petrochemistry/categories/petrochemistry/categories/petrochemistry/categories/petrochemistry/categories/petrochemistry HTTP/1.1" 404 151 "-" "Mozilla/5.0 (compatible; SputnikBot/2.3; +http://corp.sputnik.ru/webmaster)"
5.143.231.18 - - [13/Oct/2016:03:13:56 +0300] "GET /index.php/user/itemlist/tag/%D0%A0%D0%B5%D0%BA%D0%BE%D0%BC%D0%B5%D0%BD%D0%B4%D0%B0%D1%82%D0%B5%D0%BB%D1%8C%D0%BD%D0%B0%D1%8F%20%D1%81%D0%B8%D1%81%D1%82%D0%B5%D0%BC%D0%B0/user/user/user/user/user/user/user HTTP/1.1" 404 151 "-" "Mozilla/5.0 (compatible; SputnikBot/2.3; +http://corp.sputnik.ru/webmaster)"
