95.79.25.92 - - [15/Oct/2016:13:22:52 +0300] "GET /social-auth/login/vk/ HTTP/1.1" 404 867 "http://digital-human.ru/account/login/" "Mozilla/5.0 (Windows NT 6.1; WOW64; rv:49.0) Gecko/20100101 Firefox/49.0"
5.255.253.75 - - [15/Oct/2016:13:24:22 +0300] "GET /robots.txt HTTP/1.1" 404 2409 "-" "Mozilla/5.0 (compatible; YandexBot/3.0; +http://yandex.com/bots)"
5.255.253.75 - - [15/Oct/2016:13:24:26 +0300] "GET /index.php/categories/financial-adviser/itemlist/tag/%D0%A0%D0%B5%D0%BA%D0%BE%D0%BC%D0%B5%D0%BD%D0%B4%D0%B0%D1%82%D0%B5%D0%BB%D1%8C%D0%BD%D0%B0%D1%8F%20%D1%81%D0%B8%D1%81%D1%82%D0%B5%D0%BC%D0%B0 HTTP/1.1" 404 1173 "-" "Mozilla/5.0 (compatible; YandexBot/3.0; +http://yandex.com/bots)"
95.79.25.92 - - [15/Oct/2016:13:25:10 +0300] "GET /social-auth/login/vk/ HTTP/1.1" 404 867 "http://digital-human.ru/account/login/" "Mozilla/5.0 (Windows NT 6.1; WOW64; rv:49.0) Gecko/20100101 Firefox/49.0"
95.79.25.92 - - [15/Oct/2016:13:25:17 +0300] "GET /account/login/ HTTP/1.1" 200 1193 "-" "Mozilla/5.0 (Windows NT 6.1; WOW64; rv:49.0) Gecko/20100101 Firefox/49.0"
95.79.25.92 - - [15/Oct/2016:13:25:18 +0300] "GET /static/css/base.css HTTP/1.1" 404 151 "http://digital-human.ru/account/login/" "Mozilla/5.0 (Windows NT 6.1; WOW64; rv:49.0) Gecko/20100101 Firefox/49.0"
95.79.25.92 - - [15/Oct/2016:13:25:20 +0300] "GET /account/login/ HTTP/1.1" 200 1198 "-" "Mozilla/5.0 (Windows NT 6.1; WOW64; rv:49.0) Gecko/20100101 Firefox/49.0"
95.79.25.92 - - [15/Oct/2016:13:25:20 +0300] "GET /static/css/base.css HTTP/1.1" 404 151 "http://digital-human.ru/account/login/" "Mozilla/5.0 (Windows NT 6.1; WOW64; rv:49.0) Gecko/20100101 Firefox/49.0"
95.79.25.92 - - [15/Oct/2016:13:25:33 +0300] "GET /social-auth/login/facebook/ HTTP/1.1" 302 5 "http://digital-human.ru/account/login/" "Mozilla/5.0 (Windows NT 6.1; WOW64; rv:49.0) Gecko/20100101 Firefox/49.0"
95.79.25.92 - - [15/Oct/2016:13:26:06 +0300] "GET /account/register/ HTTP/1.1" 500 141708 "http://digital-human.ru/account/login/" "Mozilla/5.0 (Windows NT 6.1; WOW64; rv:49.0) Gecko/20100101 Firefox/49.0"
95.79.25.92 - - [15/Oct/2016:13:27:52 +0300] "GET /account/register/ HTTP/1.1" 200 1189 "http://digital-human.ru/account/login/" "Mozilla/5.0 (Windows NT 6.1; WOW64; rv:49.0) Gecko/20100101 Firefox/49.0"
95.79.25.92 - - [15/Oct/2016:13:27:53 +0300] "GET /static/css/base.css HTTP/1.1" 404 151 "http://digital-human.ru/account/register/" "Mozilla/5.0 (Windows NT 6.1; WOW64; rv:49.0) Gecko/20100101 Firefox/49.0"
213.180.206.196 - - [15/Oct/2016:13:28:01 +0300] "GET / HTTP/1.1" 404 1007 "-" "Mozilla/5.0 (compatible; YandexMetrika/2.0; +http://yandex.com/bots mtmon01g.yandex.ru)"
95.79.25.92 - - [15/Oct/2016:13:28:02 +0300] "GET /account/login/ HTTP/1.1" 200 1198 "http://digital-human.ru/account/register/" "Mozilla/5.0 (Windows NT 6.1; WOW64; rv:49.0) Gecko/20100101 Firefox/49.0"
95.79.25.92 - - [15/Oct/2016:13:28:03 +0300] "GET /static/css/base.css HTTP/1.1" 404 151 "http://digital-human.ru/account/login/" "Mozilla/5.0 (Windows NT 6.1; WOW64; rv:49.0) Gecko/20100101 Firefox/49.0"
95.79.25.92 - - [15/Oct/2016:13:28:08 +0300] "GET /account/password-reset/ HTTP/1.1" 200 958 "http://digital-human.ru/account/login/" "Mozilla/5.0 (Windows NT 6.1; WOW64; rv:49.0) Gecko/20100101 Firefox/49.0"
95.79.25.92 - - [15/Oct/2016:13:28:08 +0300] "GET /static/css/base.css HTTP/1.1" 404 151 "http://digital-human.ru/account/password-reset/" "Mozilla/5.0 (Windows NT 6.1; WOW64; rv:49.0) Gecko/20100101 Firefox/49.0"
95.79.25.92 - - [15/Oct/2016:13:28:12 +0300] "GET /account/login/ HTTP/1.1" 200 1196 "http://digital-human.ru/account/password-reset/" "Mozilla/5.0 (Windows NT 6.1; WOW64; rv:49.0) Gecko/20100101 Firefox/49.0"
95.79.25.92 - - [15/Oct/2016:13:28:12 +0300] "GET /static/css/base.css HTTP/1.1" 404 151 "http://digital-human.ru/account/login/" "Mozilla/5.0 (Windows NT 6.1; WOW64; rv:49.0) Gecko/20100101 Firefox/49.0"
95.79.25.92 - - [15/Oct/2016:13:28:14 +0300] "GET /social-auth/login/vk/ HTTP/1.1" 404 867 "http://digital-human.ru/account/login/" "Mozilla/5.0 (Windows NT 6.1; WOW64; rv:49.0) Gecko/20100101 Firefox/49.0"
95.79.25.92 - - [15/Oct/2016:13:28:27 +0300] "GET /account/login/ HTTP/1.1" 200 1194 "http://digital-human.ru/account/password-reset/" "Mozilla/5.0 (Windows NT 6.1; WOW64; rv:49.0) Gecko/20100101 Firefox/49.0"
95.79.25.92 - - [15/Oct/2016:13:30:58 +0300] "GET /account/login/ HTTP/1.1" 200 1199 "http://digital-human.ru/account/password-reset/" "Mozilla/5.0 (Windows NT 6.1; WOW64; rv:49.0) Gecko/20100101 Firefox/49.0"
95.79.25.92 - - [15/Oct/2016:13:30:59 +0300] "GET /static/css/base.css HTTP/1.1" 404 151 "http://digital-human.ru/account/login/" "Mozilla/5.0 (Windows NT 6.1; WOW64; rv:49.0) Gecko/20100101 Firefox/49.0"
95.79.25.92 - - [15/Oct/2016:13:31:05 +0300] "GET /social-auth/login/vk/ HTTP/1.1" 404 867 "http://digital-human.ru/account/login/" "Mozilla/5.0 (Windows NT 6.1; WOW64; rv:49.0) Gecko/20100101 Firefox/49.0"
95.79.25.92 - - [15/Oct/2016:13:31:23 +0300] "GET /account/login/ HTTP/1.1" 200 1199 "http://digital-human.ru/account/password-reset/" "Mozilla/5.0 (Windows NT 6.1; WOW64; rv:49.0) Gecko/20100101 Firefox/49.0"
95.79.25.92 - - [15/Oct/2016:13:31:27 +0300] "GET /social-auth/login/google-oauth2/ HTTP/1.1" 302 5 "http://digital-human.ru/account/login/" "Mozilla/5.0 (Windows NT 6.1; WOW64; rv:49.0) Gecko/20100101 Firefox/49.0"
95.79.25.92 - - [15/Oct/2016:13:31:30 +0300] "GET /account/login/ HTTP/1.1" 200 1192 "http://digital-human.ru/account/password-reset/" "Mozilla/5.0 (Windows NT 6.1; WOW64; rv:49.0) Gecko/20100101 Firefox/49.0"
95.79.25.92 - - [15/Oct/2016:13:31:34 +0300] "GET /social-auth/login/twitter/ HTTP/1.1" 500 98800 "http://digital-human.ru/account/login/" "Mozilla/5.0 (Windows NT 6.1; WOW64; rv:49.0) Gecko/20100101 Firefox/49.0"
95.79.25.92 - - [15/Oct/2016:13:31:51 +0300] "GET /account/login/ HTTP/1.1" 200 1198 "http://digital-human.ru/account/password-reset/" "Mozilla/5.0 (Windows NT 6.1; WOW64; rv:49.0) Gecko/20100101 Firefox/49.0"
95.79.25.92 - - [15/Oct/2016:13:31:54 +0300] "GET /social-auth/login/vk/ HTTP/1.1" 404 867 "http://digital-human.ru/account/login/" "Mozilla/5.0 (Windows NT 6.1; WOW64; rv:49.0) Gecko/20100101 Firefox/49.0"
88.76.245.8 - - [15/Oct/2016:13:39:45 +0300] "GET /robots.txt HTTP/1.0" 404 2393 "-" "Mozilla/5.0 (compatible; MJ12bot/v1.4.5; http://www.majestic12.co.uk/bot.php?+)"
88.76.245.8 - - [15/Oct/2016:13:39:47 +0300] "GET /ResourceHead/management/analiticBI/ HTTP/1.0" 404 2468 "-" "Mozilla/5.0 (compatible; MJ12bot/v1.4.5; http://www.majestic12.co.uk/bot.php?+)"
88.76.245.8 - - [15/Oct/2016:13:39:48 +0300] "GET /ResourceHead/tools/CRM/ HTTP/1.0" 404 2432 "-" "Mozilla/5.0 (compatible; MJ12bot/v1.4.5; http://www.majestic12.co.uk/bot.php?+)"
46.229.164.98 - - [15/Oct/2016:13:41:47 +0300] "GET /robots.txt HTTP/1.1" 404 1020 "-" "Mozilla/5.0 (compatible; SemrushBot/1.1~bl; +http://www.semrush.com/bot.html)"
95.79.25.92 - - [15/Oct/2016:13:44:44 +0300] "GET /social-auth/login/vk/ HTTP/1.1" 404 867 "http://digital-human.ru/account/login/" "Mozilla/5.0 (Windows NT 6.1; WOW64; rv:49.0) Gecko/20100101 Firefox/49.0"
95.79.25.92 - - [15/Oct/2016:13:44:47 +0300] "GET /social-auth/login/vk/ HTTP/1.1" 404 867 "http://digital-human.ru/account/login/" "Mozilla/5.0 (Windows NT 6.1; WOW64; rv:49.0) Gecko/20100101 Firefox/49.0"
95.79.25.92 - - [15/Oct/2016:13:44:49 +0300] "GET /account/login/ HTTP/1.1" 200 1199 "http://digital-human.ru/account/password-reset/" "Mozilla/5.0 (Windows NT 6.1; WOW64; rv:49.0) Gecko/20100101 Firefox/49.0"
95.79.25.92 - - [15/Oct/2016:13:44:53 +0300] "GET /account/login/ HTTP/1.1" 200 1199 "http://digital-human.ru/account/password-reset/" "Mozilla/5.0 (Windows NT 6.1; WOW64; rv:49.0) Gecko/20100101 Firefox/49.0"
95.79.25.92 - - [15/Oct/2016:13:44:53 +0300] "GET /static/css/base.css HTTP/1.1" 404 151 "http://digital-human.ru/account/login/" "Mozilla/5.0 (Windows NT 6.1; WOW64; rv:49.0) Gecko/20100101 Firefox/49.0"
95.79.25.92 - - [15/Oct/2016:13:44:59 +0300] "GET /social-auth/login/vk/ HTTP/1.1" 404 867 "http://digital-human.ru/account/login/" "Mozilla/5.0 (Windows NT 6.1; WOW64; rv:49.0) Gecko/20100101 Firefox/49.0"
95.79.25.92 - - [15/Oct/2016:13:45:02 +0300] "GET /account/login/ HTTP/1.1" 200 1198 "http://digital-human.ru/account/password-reset/" "Mozilla/5.0 (Windows NT 6.1; WOW64; rv:49.0) Gecko/20100101 Firefox/49.0"
95.108.129.196 - - [15/Oct/2016:13:46:19 +0300] "GET / HTTP/1.1" 404 1010 "-" "Mozilla/5.0 (compatible; YandexMetrika/2.0; +http://yandex.com/bots mtmon01e.yandex.ru)"
95.79.25.92 - - [15/Oct/2016:13:54:08 +0300] "GET /account/login/ HTTP/1.1" 200 1278 "-" "Mozilla/5.0 (Windows NT 6.1; WOW64; rv:49.0) Gecko/20100101 Firefox/49.0"
95.79.25.92 - - [15/Oct/2016:13:54:08 +0300] "GET /static/css/base.css HTTP/1.1" 404 151 "http://www.digital-human.ru/account/login/" "Mozilla/5.0 (Windows NT 6.1; WOW64; rv:49.0) Gecko/20100101 Firefox/49.0"
95.79.25.92 - - [15/Oct/2016:13:54:11 +0300] "GET /account/login/ HTTP/1.1" 200 1273 "-" "Mozilla/5.0 (Windows NT 6.1; WOW64; rv:49.0) Gecko/20100101 Firefox/49.0"
95.79.25.92 - - [15/Oct/2016:13:54:11 +0300] "GET /static/css/base.css HTTP/1.1" 404 151 "http://www.digital-human.ru/account/login/" "Mozilla/5.0 (Windows NT 6.1; WOW64; rv:49.0) Gecko/20100101 Firefox/49.0"
95.79.25.92 - - [15/Oct/2016:13:54:13 +0300] "GET /social-auth/login/facebook/ HTTP/1.1" 302 5 "http://www.digital-human.ru/account/login/" "Mozilla/5.0 (Windows NT 6.1; WOW64; rv:49.0) Gecko/20100101 Firefox/49.0"
95.79.25.92 - - [15/Oct/2016:13:54:48 +0300] "GET /account/login/ HTTP/1.1" 200 1277 "-" "Mozilla/5.0 (Windows NT 6.1; WOW64; rv:49.0) Gecko/20100101 Firefox/49.0"
95.79.25.92 - - [15/Oct/2016:13:54:50 +0300] "GET /account/login/ HTTP/1.1" 200 1273 "-" "Mozilla/5.0 (Windows NT 6.1; WOW64; rv:49.0) Gecko/20100101 Firefox/49.0"
95.79.25.92 - - [15/Oct/2016:13:54:50 +0300] "GET /static/css/base.css HTTP/1.1" 404 151 "http://www.digital-human.ru/account/login/" "Mozilla/5.0 (Windows NT 6.1; WOW64; rv:49.0) Gecko/20100101 Firefox/49.0"
95.79.25.92 - - [15/Oct/2016:13:55:03 +0300] "GET /account/login/ HTTP/1.1" 200 1201 "-" "Mozilla/5.0 (Windows NT 6.1; WOW64) AppleWebKit/537.36 (KHTML, like Gecko) Chrome/53.0.2785.116 Safari/537.36 OPR/40.0.2308.81"
95.79.25.92 - - [15/Oct/2016:13:55:03 +0300] "GET /static/css/base.css HTTP/1.1" 404 208 "http://www.digital-human.ru/account/login/" "Mozilla/5.0 (Windows NT 6.1; WOW64) AppleWebKit/537.36 (KHTML, like Gecko) Chrome/53.0.2785.116 Safari/537.36 OPR/40.0.2308.81"
95.79.25.92 - - [15/Oct/2016:13:55:06 +0300] "GET /social-auth/login/facebook/ HTTP/1.1" 302 5 "http://www.digital-human.ru/account/login/" "Mozilla/5.0 (Windows NT 6.1; WOW64) AppleWebKit/537.36 (KHTML, like Gecko) Chrome/53.0.2785.116 Safari/537.36 OPR/40.0.2308.81"
95.79.25.92 - - [15/Oct/2016:14:01:02 +0300] "GET /account/login/ HTTP/1.1" 200 1275 "-" "Mozilla/5.0 (Windows NT 6.1; WOW64; rv:49.0) Gecko/20100101 Firefox/49.0"
95.79.25.92 - - [15/Oct/2016:14:01:03 +0300] "GET /static/css/base.css HTTP/1.1" 404 151 "http://www.digital-human.ru/account/login/" "Mozilla/5.0 (Windows NT 6.1; WOW64; rv:49.0) Gecko/20100101 Firefox/49.0"
95.79.25.92 - - [15/Oct/2016:14:01:07 +0300] "GET /social-auth/login/vk/ HTTP/1.1" 404 871 "http://www.digital-human.ru/account/login/" "Mozilla/5.0 (Windows NT 6.1; WOW64; rv:49.0) Gecko/20100101 Firefox/49.0"
95.79.25.92 - - [15/Oct/2016:14:01:11 +0300] "GET /social-auth/login/vk/ HTTP/1.1" 404 871 "http://www.digital-human.ru/account/login/" "Mozilla/5.0 (Windows NT 6.1; WOW64; rv:49.0) Gecko/20100101 Firefox/49.0"
95.79.25.92 - - [15/Oct/2016:14:01:15 +0300] "GET /account/login/ HTTP/1.1" 200 1275 "-" "Mozilla/5.0 (Windows NT 6.1; WOW64; rv:49.0) Gecko/20100101 Firefox/49.0"
95.79.25.92 - - [15/Oct/2016:14:03:32 +0300] "GET /account/login/ HTTP/1.1" 404 151 "-" "Mozilla/5.0 (Windows NT 6.1; WOW64; rv:49.0) Gecko/20100101 Firefox/49.0"
95.79.25.92 - - [15/Oct/2016:14:06:05 +0300] "GET /account/login/ HTTP/1.1" 400 37 "-" "Mozilla/5.0 (Windows NT 6.1; WOW64; rv:49.0) Gecko/20100101 Firefox/49.0"
95.79.25.92 - - [15/Oct/2016:14:06:08 +0300] "GET /account/login/ HTTP/1.1" 400 37 "-" "Mozilla/5.0 (Windows NT 6.1; WOW64; rv:49.0) Gecko/20100101 Firefox/49.0"
157.55.39.170 - - [15/Oct/2016:14:07:48 +0300] "GET / HTTP/1.1" 404 151 "-" "Mozilla/5.0 (compatible; bingbot/2.0; +http://www.bing.com/bingbot.htm)"
1.192.128.23 - - [15/Oct/2016:14:11:31 +0300] "GET /manager/html HTTP/1.1" 404 151 "-" "Mozilla/5.0 (Windows NT 5.1; rv:5.0) Gecko/20100101 Firefox/5.0"
95.79.25.92 - - [15/Oct/2016:14:13:51 +0300] "GET /account/login/ HTTP/1.1" 404 151 "-" "Mozilla/5.0 (Windows NT 6.1; WOW64; rv:49.0) Gecko/20100101 Firefox/49.0"
207.241.231.247 - - [15/Oct/2016:14:18:46 +0300] "GET /robots.txt HTTP/1.1" 404 177 "-" "Mozilla/5.0 (compatible; archive.org_bot; Wayback Machine Live Record; +http://archive.org/details/archive.org_bot)"
46.229.164.102 - - [15/Oct/2016:14:26:09 +0300] "GET /robots.txt HTTP/1.1" 404 151 "-" "Mozilla/5.0 (compatible; SemrushBot/1.1~bl; +http://www.semrush.com/bot.html)"
146.185.176.238 - - [15/Oct/2016:14:29:34 +0300] "GET /robots.txt HTTP/1.0" 404 177 "-" "SafeDNSBot (https://www.safedns.com/searchbot)"
146.185.176.238 - - [15/Oct/2016:14:29:35 +0300] "GET /blog/all-blog.html HTTP/1.0" 404 177 "-" "SafeDNSBot (https://www.safedns.com/searchbot)"
95.79.25.92 - - [15/Oct/2016:14:30:18 +0300] "GET /account/login/ HTTP/1.1" 404 151 "-" "Mozilla/5.0 (Windows NT 6.1; WOW64; rv:49.0) Gecko/20100101 Firefox/49.0"
95.79.25.92 - - [15/Oct/2016:14:32:04 +0300] "GET /account/login/ HTTP/1.1" 404 151 "-" "Mozilla/5.0 (Windows NT 6.1; WOW64; rv:49.0) Gecko/20100101 Firefox/49.0"
146.185.176.238 - - [15/Oct/2016:14:33:56 +0300] "GET /blog/robotics/19-students-development-ai.html HTTP/1.0" 404 177 "-" "SafeDNSBot (https://www.safedns.com/searchbot)"
146.185.176.238 - - [15/Oct/2016:14:34:08 +0300] "GET /school HTTP/1.0" 404 177 "-" "SafeDNSBot (https://www.safedns.com/searchbot)"
207.46.13.34 - - [15/Oct/2016:14:38:08 +0300] "GET /files/2008_1.xls HTTP/1.1" 404 151 "-" "Mozilla/5.0 (compatible; bingbot/2.0; +http://www.bing.com/bingbot.htm)"
146.185.176.238 - - [15/Oct/2016:14:39:25 +0300] "GET /blog/all-blog/87-path-to-science.html HTTP/1.0" 404 177 "-" "SafeDNSBot (https://www.safedns.com/searchbot)"
95.79.25.92 - - [15/Oct/2016:14:39:35 +0300] "GET /account/login/ HTTP/1.1" 404 151 "-" "Mozilla/5.0 (Windows NT 6.1; WOW64; rv:49.0) Gecko/20100101 Firefox/49.0"
207.46.13.84 - - [15/Oct/2016:14:40:43 +0300] "GET / HTTP/1.1" 404 151 "-" "Mozilla/5.0 (iPhone; CPU iPhone OS 7_0 like Mac OS X) AppleWebKit/537.51.1 (KHTML, like Gecko) Version/7.0 Mobile/11A465 Safari/9537.53 (compatible; bingbot/2.0; +http://www.bing.com/bingbot.htm)"
95.79.25.92 - - [15/Oct/2016:14:41:57 +0300] "GET /account/login/ HTTP/1.1" 404 151 "-" "Mozilla/5.0 (Windows NT 6.1; WOW64; rv:49.0) Gecko/20100101 Firefox/49.0"
95.79.25.92 - - [15/Oct/2016:14:41:59 +0300] "GET /account/login/ HTTP/1.1" 404 151 "-" "Mozilla/5.0 (Windows NT 6.1; WOW64; rv:49.0) Gecko/20100101 Firefox/49.0"
146.185.176.238 - - [15/Oct/2016:14:43:57 +0300] "GET /web-links HTTP/1.0" 404 177 "-" "SafeDNSBot (https://www.safedns.com/searchbot)"
95.79.25.92 - - [15/Oct/2016:14:45:59 +0300] "GET /account/login/ HTTP/1.1" 404 151 "-" "Mozilla/5.0 (Windows NT 6.1; WOW64; rv:49.0) Gecko/20100101 Firefox/49.0"
95.79.25.92 - - [15/Oct/2016:14:46:22 +0300] "GET /admin/account/profile/ HTTP/1.1" 404 151 "http://www.digital-human.ru/admin/account/profile/add/" "Mozilla/5.0 (Windows NT 6.1; WOW64; rv:49.0) Gecko/20100101 Firefox/49.0"
95.79.25.92 - - [15/Oct/2016:14:46:30 +0300] "GET /admin/ HTTP/1.1" 404 151 "-" "Mozilla/5.0 (Windows NT 6.1; WOW64; rv:49.0) Gecko/20100101 Firefox/49.0"
157.55.39.170 - - [15/Oct/2016:14:50:20 +0300] "GET /robots.txt HTTP/1.1" 404 177 "-" "Mozilla/5.0 (compatible; bingbot/2.0; +http://www.bing.com/bingbot.htm)"
95.108.129.196 - - [15/Oct/2016:14:50:20 +0300] "GET / HTTP/1.1" 404 151 "-" "Mozilla/5.0 (compatible; YandexMetrika/2.0; +http://yandex.com/bots mtmon01e.yandex.ru)"
157.55.39.170 - - [15/Oct/2016:14:50:46 +0300] "GET / HTTP/1.1" 404 151 "-" "Mozilla/5.0 (compatible; bingbot/2.0; +http://www.bing.com/bingbot.htm)"
31.43.39.74 - - [15/Oct/2016:14:51:21 +0300] "GET /ozsybry/skachat_avtokliker_na_l2_1389_0.jpg HTTP/1.1" 404 208 "http://zvezdasoft2008.clan.su/blog/avtokliker_dlja_l2_gracija_ehpilog/2014-03-02-33" "Mozilla/5.0 (Windows NT 6.1; WOW64) AppleWebKit/537.36 (KHTML, like Gecko) Chrome/53.0.2785.116 Safari/537.36 OPR/40.0.2308.81"
95.79.25.92 - - [15/Oct/2016:15:00:10 +0300] "GET /admin/ HTTP/1.1" 404 151 "-" "Mozilla/5.0 (Windows NT 6.1; WOW64; rv:49.0) Gecko/20100101 Firefox/49.0"
95.79.25.92 - - [15/Oct/2016:15:07:39 +0300] "GET /admin/ HTTP/1.1" 404 151 "-" "Mozilla/5.0 (Windows NT 6.1; WOW64; rv:49.0) Gecko/20100101 Firefox/49.0"
94.181.139.249 - - [15/Oct/2016:15:07:42 +0300] "GET / HTTP/1.0" 404 579 "http://www.bi-grouplabs.ru/" "Mozilla/5.0 (Windows NT 6.1; WOW64) AppleWebKit/537.36 (KHTML, like Gecko) Chrome/47.0.2526.111 Safari/537.36 OPR/34.0.2036.50"
95.79.25.92 - - [15/Oct/2016:15:07:42 +0300] "GET /admin/ HTTP/1.1" 404 151 "-" "Mozilla/5.0 (Windows NT 6.1; WOW64; rv:49.0) Gecko/20100101 Firefox/49.0"
94.181.139.249 - - [15/Oct/2016:15:07:45 +0300] "GET / HTTP/1.0" 404 579 "http://forum.bi-grouplabs.ru/" "Mozilla/5.0 (Windows NT 6.1; WOW64) AppleWebKit/537.36 (KHTML, like Gecko) Chrome/47.0.2526.111 Safari/537.36 OPR/34.0.2036.50"
37.9.118.28 - - [15/Oct/2016:15:16:45 +0300] "GET / HTTP/1.1" 404 151 "-" "Mozilla/5.0 (compatible; YandexMetrika/2.0; +http://yandex.com/bots mtmon01i.yandex.ru)"
95.108.129.196 - - [15/Oct/2016:15:40:19 +0300] "GET / HTTP/1.1" 404 151 "-" "Mozilla/5.0 (compatible; YandexMetrika/2.0; +http://yandex.com/bots mtmon01e.yandex.ru)"
176.193.109.112 - - [15/Oct/2016:15:50:52 +0300] "GET /Technology/t/ HTTP/1.1" 404 151 "-" "Opera/12.80 (Windows NT 5.1; U; en) Presto/2.10.289 Version/12.02"
95.28.10.30 - - [15/Oct/2016:15:53:20 +0300] "GET /Technology/t/ HTTP/1.1" 404 208 "-" "Mozilla/5.0 (Windows NT 4.0; WOW64) AppleWebKit/537.36 (KHTML, like Gecko) Chrome/37.0.2049.0 Safari/537.36"
199.30.24.29 - - [15/Oct/2016:16:23:40 +0300] "GET /ozsybry/skachat_iznasilovanie_zhestkoe_5358_0.jpg HTTP/1.1" 404 151 "http://vadrivers.weebly.com/" "Mozilla/5.0 (iPhone; CPU iPhone OS 7_0 like Mac OS X) AppleWebKit/537.51.1 (KHTML, like Gecko) Version/7.0 Mobile/11A465 Safari/9537.53 BingPreview/1.0b"
45.55.70.238 - - [15/Oct/2016:16:24:07 +0300] "GET / HTTP/1.0" 404 177 "-" "Mozilla/5.0 (compatible; NetcraftSurveyAgent/1.0; +info@netcraft.com)"
207.46.13.147 - - [15/Oct/2016:16:30:58 +0300] "GET /index.php/services/outsourcing-menu HTTP/1.1" 404 151 "-" "Mozilla/5.0 (compatible; bingbot/2.0; +http://www.bing.com/bingbot.htm)"
213.180.206.196 - - [15/Oct/2016:16:34:33 +0300] "GET / HTTP/1.1" 404 151 "-" "Mozilla/5.0 (compatible; YandexMetrika/2.0; +http://yandex.com/bots mtmon01g.yandex.ru)"
191.241.39.114 - - [15/Oct/2016:16:38:10 +0300] "GET / HTTP/1.1" 404 177 "-" "curl/7.17.1 (mips-unknown-linux-gnu) libcurl/7.17.1 OpenSSL/0.9.8i zlib/1.2.3"
207.46.13.193 - - [15/Oct/2016:16:40:46 +0300] "GET /download/bi/screenshots/deductor/OLAP/ HTTP/1.1" 404 151 "-" "Mozilla/5.0 (compatible; bingbot/2.0; +http://www.bing.com/bingbot.htm)"
207.46.13.193 - - [15/Oct/2016:16:40:47 +0300] "GET /ResourceHead/management/Strategy/swot2.html HTTP/1.1" 404 151 "-" "Mozilla/5.0 (compatible; bingbot/2.0; +http://www.bing.com/bingbot.htm)"
207.46.13.193 - - [15/Oct/2016:16:40:47 +0300] "GET /ResourceEDU/ HTTP/1.1" 404 151 "-" "Mozilla/5.0 (compatible; bingbot/2.0; +http://www.bing.com/bingbot.htm)"
207.46.13.193 - - [15/Oct/2016:16:40:47 +0300] "GET /Product/crm/ HTTP/1.1" 404 151 "-" "Mozilla/5.0 (compatible; bingbot/2.0; +http://www.bing.com/bingbot.htm)"
207.46.13.193 - - [15/Oct/2016:16:40:47 +0300] "GET /Product/ERP/Compiere/technology/architecture/ HTTP/1.1" 404 151 "-" "Mozilla/5.0 (compatible; bingbot/2.0; +http://www.bing.com/bingbot.htm)"
207.46.13.147 - - [15/Oct/2016:16:41:07 +0300] "GET /price/ HTTP/1.1" 404 151 "-" "Mozilla/5.0 (compatible; bingbot/2.0; +http://www.bing.com/bingbot.htm)"
207.46.13.147 - - [15/Oct/2016:16:41:07 +0300] "GET /partners/ HTTP/1.1" 404 151 "-" "Mozilla/5.0 (compatible; bingbot/2.0; +http://www.bing.com/bingbot.htm)"
207.46.13.147 - - [15/Oct/2016:16:41:07 +0300] "GET /Technology/t/DataMining/neuro/ HTTP/1.1" 404 151 "-" "Mozilla/5.0 (compatible; bingbot/2.0; +http://www.bing.com/bingbot.htm)"
207.46.13.147 - - [15/Oct/2016:16:41:07 +0300] "GET /Product/crm/vtiger/vtiger1.html HTTP/1.1" 404 151 "-" "Mozilla/5.0 (compatible; bingbot/2.0; +http://www.bing.com/bingbot.htm)"
207.46.13.147 - - [15/Oct/2016:16:41:08 +0300] "GET /Product/crm/data_analysis_CRM/ HTTP/1.1" 404 151 "-" "Mozilla/5.0 (compatible; bingbot/2.0; +http://www.bing.com/bingbot.htm)"
207.46.13.147 - - [15/Oct/2016:16:41:08 +0300] "GET /Product/DEDUCTOR/ HTTP/1.1" 404 151 "-" "Mozilla/5.0 (compatible; bingbot/2.0; +http://www.bing.com/bingbot.htm)"
207.46.13.147 - - [15/Oct/2016:16:41:08 +0300] "GET /Contacts/ HTTP/1.1" 404 151 "-" "Mozilla/5.0 (compatible; bingbot/2.0; +http://www.bing.com/bingbot.htm)"
157.55.39.170 - - [15/Oct/2016:16:41:38 +0300] "GET /about/ HTTP/1.1" 404 151 "-" "Mozilla/5.0 (compatible; bingbot/2.0; +http://www.bing.com/bingbot.htm)"
37.9.118.28 - - [15/Oct/2016:16:42:58 +0300] "GET / HTTP/1.1" 404 151 "-" "Mozilla/5.0 (compatible; YandexMetrika/2.0; +http://yandex.com/bots mtmon01i.yandex.ru)"
157.55.39.1 - - [15/Oct/2016:16:44:51 +0300] "GET /robots.txt HTTP/1.1" 404 177 "-" "Mozilla/5.0 (compatible; bingbot/2.0; +http://www.bing.com/bingbot.htm)"
157.55.39.1 - - [15/Oct/2016:16:44:52 +0300] "GET /robots.txt HTTP/1.1" 404 177 "-" "Mozilla/5.0 (compatible; bingbot/2.0; +http://www.bing.com/bingbot.htm)"
157.55.39.1 - - [15/Oct/2016:16:45:31 +0300] "GET /robots.txt HTTP/1.1" 404 177 "-" "Mozilla/5.0 (compatible; bingbot/2.0; +http://www.bing.com/bingbot.htm)"
95.79.25.92 - - [15/Oct/2016:16:47:13 +0300] "GET /admin/ HTTP/1.1" 404 151 "-" "Mozilla/5.0 (Windows NT 6.1; WOW64; rv:49.0) Gecko/20100101 Firefox/49.0"
95.79.25.92 - - [15/Oct/2016:16:49:00 +0300] "GET /admin/ HTTP/1.1" 404 151 "-" "Mozilla/5.0 (Windows NT 6.1; WOW64; rv:49.0) Gecko/20100101 Firefox/49.0"
95.79.25.92 - - [15/Oct/2016:16:49:03 +0300] "GET /admin/ HTTP/1.1" 404 151 "-" "Mozilla/5.0 (Windows NT 6.1; WOW64; rv:49.0) Gecko/20100101 Firefox/49.0"
95.79.25.92 - - [15/Oct/2016:16:49:09 +0300] "GET /admin/ HTTP/1.1" 404 151 "-" "Mozilla/5.0 (Windows NT 6.1; WOW64; rv:49.0) Gecko/20100101 Firefox/49.0"
37.9.118.28 - - [15/Oct/2016:16:49:50 +0300] "GET / HTTP/1.1" 404 151 "-" "Mozilla/5.0 (compatible; YandexMetrika/2.0; +http://yandex.com/bots mtmon01i.yandex.ru)"
66.249.65.148 - - [15/Oct/2016:16:56:59 +0300] "GET /download/bi/presentations/deductor/methodology/analysis_business_information/analysis_business_information.swf HTTP/1.1" 404 208 "-" "Mozilla/5.0 (Linux; Android 6.0.1; Nexus 5X Build/MMB29P) AppleWebKit/537.36 (KHTML, like Gecko) Chrome/41.0.2272.96 Mobile Safari/537.36 (compatible; Googlebot/2.1; +http://www.google.com/bot.html)"
77.222.108.38 - - [15/Oct/2016:17:00:24 +0300] "GET / HTTP/1.1" 404 151 "-" "Mozilla/5.0 (Windows NT 6.1; WOW64; rv:35.0) Gecko/20100101 Firefox/35.0"
77.222.108.38 - - [15/Oct/2016:17:00:25 +0300] "GET / HTTP/1.1" 404 151 "-" "Mozilla/5.0 (Windows NT 6.1; WOW64; rv:35.0) Gecko/20100101 Firefox/35.0"
157.55.39.170 - - [15/Oct/2016:17:10:45 +0300] "GET /Rech/electricity/Price_Forecasting_RSV.html HTTP/1.1" 404 151 "-" "Mozilla/5.0 (iPhone; CPU iPhone OS 7_0 like Mac OS X) AppleWebKit/537.51.1 (KHTML, like Gecko) Version/7.0 Mobile/11A465 Safari/9537.53 (compatible; bingbot/2.0; +http://www.bing.com/bingbot.htm)"
194.44.106.33 - - [15/Oct/2016:17:15:20 +0300] "GET /Product/crm/functions_crm.html HTTP/1.1" 404 151 "-" "Mozilla/5.0 (iPhone; CPU iPhone OS 10_1 like Mac OS X) AppleWebKit/602.2.14 (KHTML, like Gecko) Version/10.0 Mobile/14B71 Safari/602.1"
194.44.106.33 - - [15/Oct/2016:17:15:20 +0300] "GET /apple-touch-icon-120x120-precomposed.png HTTP/1.1" 404 151 "-" "MobileSafari/602.1 CFNetwork/808.1.4 Darwin/16.1.0"
194.44.106.33 - - [15/Oct/2016:17:15:20 +0300] "GET /apple-touch-icon-120x120.png HTTP/1.1" 404 151 "-" "MobileSafari/602.1 CFNetwork/808.1.4 Darwin/16.1.0"
194.44.106.33 - - [15/Oct/2016:17:15:20 +0300] "GET /apple-touch-icon-precomposed.png HTTP/1.1" 404 151 "-" "MobileSafari/602.1 CFNetwork/808.1.4 Darwin/16.1.0"
194.44.106.33 - - [15/Oct/2016:17:15:20 +0300] "GET /apple-touch-icon.png HTTP/1.1" 404 151 "-" "MobileSafari/602.1 CFNetwork/808.1.4 Darwin/16.1.0"
194.44.106.33 - - [15/Oct/2016:17:15:20 +0300] "GET /apple-touch-icon-120x120-precomposed.png HTTP/1.1" 404 151 "-" "MobileSafari/602.1 CFNetwork/808.1.4 Darwin/16.1.0"
194.44.106.33 - - [15/Oct/2016:17:15:20 +0300] "GET /apple-touch-icon-120x120.png HTTP/1.1" 404 151 "-" "MobileSafari/602.1 CFNetwork/808.1.4 Darwin/16.1.0"
194.44.106.33 - - [15/Oct/2016:17:15:21 +0300] "GET /apple-touch-icon-precomposed.png HTTP/1.1" 404 151 "-" "MobileSafari/602.1 CFNetwork/808.1.4 Darwin/16.1.0"
194.44.106.33 - - [15/Oct/2016:17:15:21 +0300] "GET /apple-touch-icon.png HTTP/1.1" 404 151 "-" "MobileSafari/602.1 CFNetwork/808.1.4 Darwin/16.1.0"
95.28.50.168 - - [15/Oct/2016:17:21:51 +0300] "GET /Technology/t/ HTTP/1.1" 404 151 "-" "Mozilla/5.0 (X11; OpenBSD amd64; rv:28.0) Gecko/20100101 Firefox/28.0"
51.255.48.154 - - [15/Oct/2016:17:22:15 +0300] "GET /robots.txt HTTP/1.0" 404 177 "-" "Mozilla/5.0 (compatible; MJ12bot/v1.4.5; http://www.majestic12.co.uk/bot.php?+)"
51.255.48.154 - - [15/Oct/2016:17:22:16 +0300] "GET /service/34-description-service/44-odio-turpis-nam-orci.html HTTP/1.0" 404 177 "-" "Mozilla/5.0 (compatible; MJ12bot/v1.4.5; http://www.majestic12.co.uk/bot.php?+)"
51.255.48.154 - - [15/Oct/2016:17:22:17 +0300] "GET /robots.txt HTTP/1.0" 404 177 "-" "Mozilla/5.0 (compatible; MJ12bot/v1.4.5; http://www.majestic12.co.uk/bot.php?+)"
51.255.48.154 - - [15/Oct/2016:17:22:18 +0300] "GET /football_stat/germany/round19.htm HTTP/1.0" 404 177 "-" "Mozilla/5.0 (compatible; MJ12bot/v1.4.5; http://www.majestic12.co.uk/bot.php?+)"
51.255.48.154 - - [15/Oct/2016:17:22:20 +0300] "GET /football_stat/germany/round30.htm HTTP/1.0" 404 177 "-" "Mozilla/5.0 (compatible; MJ12bot/v1.4.5; http://www.majestic12.co.uk/bot.php?+)"
51.255.48.154 - - [15/Oct/2016:17:22:21 +0300] "GET /football_stat/germany/round31.htm HTTP/1.0" 404 177 "-" "Mozilla/5.0 (compatible; MJ12bot/v1.4.5; http://www.majestic12.co.uk/bot.php?+)"
51.255.48.154 - - [15/Oct/2016:17:22:22 +0300] "GET /football_stat/germany/round5.htm HTTP/1.0" 404 177 "-" "Mozilla/5.0 (compatible; MJ12bot/v1.4.5; http://www.majestic12.co.uk/bot.php?+)"
51.255.48.154 - - [15/Oct/2016:17:22:23 +0300] "GET /football_stat/germany/round6.htm HTTP/1.0" 404 177 "-" "Mozilla/5.0 (compatible; MJ12bot/v1.4.5; http://www.majestic12.co.uk/bot.php?+)"
51.255.48.154 - - [15/Oct/2016:17:22:25 +0300] "GET /index.php?format=feed&type=atom HTTP/1.0" 404 177 "-" "Mozilla/5.0 (compatible; MJ12bot/v1.4.5; http://www.majestic12.co.uk/bot.php?+)"
51.255.48.154 - - [15/Oct/2016:17:22:26 +0300] "GET /index.php?format=feed&type=rss HTTP/1.0" 404 177 "-" "Mozilla/5.0 (compatible; MJ12bot/v1.4.5; http://www.majestic12.co.uk/bot.php?+)"
51.255.48.154 - - [15/Oct/2016:17:22:28 +0300] "GET /news.html HTTP/1.0" 404 177 "-" "Mozilla/5.0 (compatible; MJ12bot/v1.4.5; http://www.majestic12.co.uk/bot.php?+)"
51.255.48.154 - - [15/Oct/2016:17:22:29 +0300] "GET /omparison.html HTTP/1.0" 404 177 "-" "Mozilla/5.0 (compatible; MJ12bot/v1.4.5; http://www.majestic12.co.uk/bot.php?+)"
157.55.39.1 - - [15/Oct/2016:17:32:11 +0300] "GET /robots.txt HTTP/1.1" 404 177 "-" "Mozilla/5.0 (compatible; bingbot/2.0; +http://www.bing.com/bingbot.htm)"
207.46.13.36 - - [15/Oct/2016:17:43:35 +0300] "GET / HTTP/1.1" 404 151 "-" "Mozilla/5.0 (compatible; bingbot/2.0; +http://www.bing.com/bingbot.htm)"
176.51.10.52 - - [15/Oct/2016:17:45:52 +0300] "GET /wp-login.php HTTP/1.1" 404 177 "-" "Mozilla/5.0 (Windows; U; Windows NT 5.1; en-US; rv:1.9.0.1) Gecko/2008070208 Firefox/3.0.1"
176.51.10.52 - - [15/Oct/2016:17:45:52 +0300] "GET /bitrix/admin HTTP/1.1" 404 177 "-" "Mozilla/5.0 (Windows; U; Windows NT 5.1; en-US; rv:1.9.0.1) Gecko/2008070208 Firefox/3.0.1"
176.51.10.52 - - [15/Oct/2016:17:45:52 +0300] "GET /admin/content/sitetree HTTP/1.1" 404 177 "-" "Mozilla/5.0 (Windows; U; Windows NT 5.1; en-US; rv:1.9.0.1) Gecko/2008070208 Firefox/3.0.1"
176.51.10.52 - - [15/Oct/2016:17:45:52 +0300] "GET /manager HTTP/1.1" 404 177 "-" "Mozilla/5.0 (Windows; U; Windows NT 5.1; en-US; rv:1.9.0.1) Gecko/2008070208 Firefox/3.0.1"
176.51.10.52 - - [15/Oct/2016:17:45:52 +0300] "GET /panel HTTP/1.1" 404 177 "-" "Mozilla/5.0 (Windows; U; Windows NT 5.1; en-US; rv:1.9.0.1) Gecko/2008070208 Firefox/3.0.1"
176.51.10.52 - - [15/Oct/2016:17:45:52 +0300] "GET /administrator HTTP/1.1" 404 177 "-" "Mozilla/5.0 (Windows; U; Windows NT 5.1; en-US; rv:1.9.0.1) Gecko/2008070208 Firefox/3.0.1"
176.51.10.52 - - [15/Oct/2016:17:45:53 +0300] "GET /user HTTP/1.1" 404 177 "-" "Mozilla/5.0 (Windows; U; Windows NT 5.1; en-US; rv:1.9.0.1) Gecko/2008070208 Firefox/3.0.1"
176.51.10.52 - - [15/Oct/2016:17:45:57 +0300] "GET /admin.php HTTP/1.1" 404 177 "-" "Mozilla/5.0 (Windows; U; Windows NT 5.1; en-US; rv:1.9.0.1) Gecko/2008070208 Firefox/3.0.1"
5.189.187.190 - - [15/Oct/2016:17:47:14 +0300] "GET / HTTP/1.1" 404 151 "-" "Mozilla/5.0 (Windows NT 5.1; rv:9.0.1) Gecko/20100101 Firefox/9.0.1"
5.189.187.190 - - [15/Oct/2016:17:47:14 +0300] "GET /HNAP1/ HTTP/1.1" 404 151 "http://37.46.131.12/" "Mozilla/5.0 (Windows NT 5.1; rv:9.0.1) Gecko/20100101 Firefox/9.0.1"
83.153.253.13 - - [15/Oct/2016:17:52:31 +0300] "GET /administrator HTTP/1.1" 404 177 "-" "Mozilla/5.0 (Windows; U; Windows NT 5.1; en-US; rv:1.9.0.1) Gecko/2008070208 Firefox/3.0.1"
83.153.253.13 - - [15/Oct/2016:17:52:31 +0300] "GET /wp-login.php HTTP/1.1" 404 177 "-" "Mozilla/5.0 (Windows; U; Windows NT 5.1; en-US; rv:1.9.0.1) Gecko/2008070208 Firefox/3.0.1"
83.153.253.13 - - [15/Oct/2016:17:52:32 +0300] "GET /panel HTTP/1.1" 404 177 "-" "Mozilla/5.0 (Windows; U; Windows NT 5.1; en-US; rv:1.9.0.1) Gecko/2008070208 Firefox/3.0.1"
83.153.253.13 - - [15/Oct/2016:17:52:32 +0300] "GET /bitrix/admin HTTP/1.1" 404 177 "-" "Mozilla/5.0 (Windows; U; Windows NT 5.1; en-US; rv:1.9.0.1) Gecko/2008070208 Firefox/3.0.1"
83.153.253.13 - - [15/Oct/2016:17:52:33 +0300] "GET /admin.php HTTP/1.1" 404 177 "-" "Mozilla/5.0 (Windows; U; Windows NT 5.1; en-US; rv:1.9.0.1) Gecko/2008070208 Firefox/3.0.1"
83.153.253.13 - - [15/Oct/2016:17:52:35 +0300] "GET /manager HTTP/1.1" 404 177 "-" "Mozilla/5.0 (Windows; U; Windows NT 5.1; en-US; rv:1.9.0.1) Gecko/2008070208 Firefox/3.0.1"
83.153.253.13 - - [15/Oct/2016:17:52:35 +0300] "GET /admin/content/sitetree HTTP/1.1" 404 177 "-" "Mozilla/5.0 (Windows; U; Windows NT 5.1; en-US; rv:1.9.0.1) Gecko/2008070208 Firefox/3.0.1"
83.153.253.13 - - [15/Oct/2016:17:52:37 +0300] "GET /user HTTP/1.1" 404 177 "-" "Mozilla/5.0 (Windows; U; Windows NT 5.1; en-US; rv:1.9.0.1) Gecko/2008070208 Firefox/3.0.1"
207.46.13.147 - - [15/Oct/2016:17:52:57 +0300] "GET /robots.txt HTTP/1.1" 404 177 "-" "Mozilla/5.0 (compatible; bingbot/2.0; +http://www.bing.com/bingbot.htm)"
207.46.13.147 - - [15/Oct/2016:17:53:07 +0300] "GET / HTTP/1.1" 404 151 "-" "Mozilla/5.0 (compatible; bingbot/2.0; +http://www.bing.com/bingbot.htm)"
94.139.243.154 - - [15/Oct/2016:18:08:20 +0300] "GET /administrator HTTP/1.1" 404 177 "-" "Mozilla/5.0 (Windows; U; Windows NT 5.1; en-US; rv:1.9.0.1) Gecko/2008070208 Firefox/3.0.1"
94.139.243.154 - - [15/Oct/2016:18:08:20 +0300] "GET /panel HTTP/1.1" 404 177 "-" "Mozilla/5.0 (Windows; U; Windows NT 5.1; en-US; rv:1.9.0.1) Gecko/2008070208 Firefox/3.0.1"
94.139.243.154 - - [15/Oct/2016:18:08:20 +0300] "GET /wp-login.php HTTP/1.1" 404 177 "-" "Mozilla/5.0 (Windows; U; Windows NT 5.1; en-US; rv:1.9.0.1) Gecko/2008070208 Firefox/3.0.1"
94.139.243.154 - - [15/Oct/2016:18:08:20 +0300] "GET /bitrix/admin HTTP/1.1" 404 177 "-" "Mozilla/5.0 (Windows; U; Windows NT 5.1; en-US; rv:1.9.0.1) Gecko/2008070208 Firefox/3.0.1"
94.139.243.154 - - [15/Oct/2016:18:08:20 +0300] "GET /admin/content/sitetree HTTP/1.1" 404 177 "-" "Mozilla/5.0 (Windows; U; Windows NT 5.1; en-US; rv:1.9.0.1) Gecko/2008070208 Firefox/3.0.1"
94.139.243.154 - - [15/Oct/2016:18:08:20 +0300] "GET /user HTTP/1.1" 404 177 "-" "Mozilla/5.0 (Windows; U; Windows NT 5.1; en-US; rv:1.9.0.1) Gecko/2008070208 Firefox/3.0.1"
94.139.243.154 - - [15/Oct/2016:18:08:24 +0300] "GET /manager HTTP/1.1" 404 177 "-" "Mozilla/5.0 (Windows; U; Windows NT 5.1; en-US; rv:1.9.0.1) Gecko/2008070208 Firefox/3.0.1"
94.139.243.154 - - [15/Oct/2016:18:08:24 +0300] "GET /admin.php HTTP/1.1" 404 177 "-" "Mozilla/5.0 (Windows; U; Windows NT 5.1; en-US; rv:1.9.0.1) Gecko/2008070208 Firefox/3.0.1"
37.9.118.28 - - [15/Oct/2016:18:27:52 +0300] "GET / HTTP/1.1" 404 151 "-" "Mozilla/5.0 (compatible; YandexMetrika/2.0; +http://yandex.com/bots mtmon01i.yandex.ru)"
46.73.129.138 - - [15/Oct/2016:18:27:52 +0300] "GET /Technology/t/ HTTP/1.1" 404 208 "-" "Mozilla/5.0 (Windows NT 6.3; WOW64) AppleWebKit/537.36 (KHTML, like Gecko) Chrome/41.0.2225.0 Safari/537.36"
95.79.25.92 - - [15/Oct/2016:18:29:55 +0300] "GET /admin/ HTTP/1.1" 404 151 "-" "Mozilla/5.0 (Windows NT 6.1; WOW64; rv:49.0) Gecko/20100101 Firefox/49.0"
23.239.208.210 - - [15/Oct/2016:18:30:54 +0300] "GET / HTTP/1.1" 404 579 "-" "Mozilla/4.0 (compatible; MSIE 8.0; Windows NT 6.0)"
23.239.208.210 - - [15/Oct/2016:18:30:54 +0300] "GET /http%3A%2F%2Fwww%2Eai%2Dforecasts%2Ecom%2F HTTP/1.1" 404 579 "-" "Mozilla/4.0 (compatible; MSIE 8.0; Windows NT 6.0)"
185.69.5.141 - - [15/Oct/2016:18:31:04 +0300] "GET / HTTP/1.1" 404 177 "-" "curl/7.17.1 (mips-unknown-linux-gnu) libcurl/7.17.1 OpenSSL/0.9.8i zlib/1.2.3"
69.30.210.242 - - [15/Oct/2016:18:31:43 +0300] "GET /robots.txt HTTP/1.0" 404 177 "-" "Mozilla/5.0 (compatible; MJ12bot/v1.4.5; http://www.majestic12.co.uk/bot.php?+)"
69.30.210.242 - - [15/Oct/2016:18:32:54 +0300] "GET /ResourceHead/management/ HTTP/1.0" 404 177 "-" "Mozilla/5.0 (compatible; MJ12bot/v1.4.5; http://www.majestic12.co.uk/bot.php?+)"
176.99.173.240 - - [15/Oct/2016:18:33:55 +0300] "GET / HTTP/1.0" 404 177 "http://www.bi-grouplabs.ru/" "Mozilla/5.0 (Windows NT 6.1; WOW64; rv:43.0) Gecko/20100101 Firefox/43.0"
178.154.234.128 - - [15/Oct/2016:18:34:40 +0300] "GET /robots.txt HTTP/1.1" 404 177 "-" "YandexBlogs"
27.153.249.172 - - [15/Oct/2016:18:35:47 +0300] "GET /ResourceHead/management/Marketing/marketing2.html HTTP/1.1" 404 151 "-" "Mozilla/5.0 (Windows NT 6.1; Trident/7.0; rv:11.0) like Gecko"
178.154.234.128 - - [15/Oct/2016:18:36:08 +0300] "GET /robots.txt HTTP/1.1" 404 177 "-" "YandexBlogs"
199.30.25.44 - - [15/Oct/2016:18:40:27 +0300] "GET /ozsybry/foto_sovremennyh_tankov_rossii_14822_0.jpg HTTP/1.1" 404 151 "http://applicationonweb.weebly.com/" "Mozilla/5.0 (iPhone; CPU iPhone OS 7_0 like Mac OS X) AppleWebKit/537.51.1 (KHTML, like Gecko) Version/7.0 Mobile/11A465 Safari/9537.53 BingPreview/1.0b"
