192.243.55.131 - - [12/Oct/2016:11:39:00 +0300] "GET /forecasts-english-premier-league-/forecasts-table-english-premier-league-.html?filternach&limit=10&page=4 HTTP/1.1" 404 151 "-" "Mozilla/5.0 (compatible; SemrushBot/1.1~bl; +http://www.semrush.com/bot.html)"
192.243.55.134 - - [12/Oct/2016:11:39:09 +0300] "GET /blog/all-blog/93-market-robotics-2.pdf HTTP/1.1" 404 151 "-" "Mozilla/5.0 (compatible; SemrushBot/1.1~bl; +http://www.semrush.com/bot.html)"
192.243.55.136 - - [12/Oct/2016:11:39:13 +0300] "GET /index.php/categories/petrochemistry/itemlist/category/15-energosbyt?format=feed HTTP/1.1" 404 151 "-" "Mozilla/5.0 (compatible; SemrushBot/1.1~bl; +http://www.semrush.com/bot.html)"
192.243.55.134 - - [12/Oct/2016:11:39:21 +0300] "GET /blog/all-blog/93-market-robotics-2.pdf HTTP/1.1" 404 151 "-" "Mozilla/5.0 (compatible; SemrushBot/1.1~bl; +http://www.semrush.com/bot.html)"
192.243.55.134 - - [12/Oct/2016:11:39:45 +0300] "GET /index.php/component/mailto?link=aHR0cDovL2JpLWdyb3VwbGFicy5ydS9pbmRleC5waHAvY2F0ZWdvcmllcy9tYXJrZXQtY2VudGVyL2l0ZW0vNDEtcmVjb21tZW5kYXRvcnktc3lzdGVtL2NhdGVnb3JpZXMvaW5kZXgucGhwL2NhdGVnb3JpZXMvbWFya2V0LWNlbnRlcg%3D%3D&tmpl=component HTTP/1.1" 404 151 "-" "Mozilla/5.0 (compatible; SemrushBot/1.1~bl; +http://www.semrush.com/bot.html)"
113.160.22.74 - - [12/Oct/2016:11:39:57 +0300] "GET /license.php HTTP/1.1" 404 151 "http://bi-grouplabs.ru/license.php" "Mozilla/5.0 (Windows NT 6.1; Win64; x64; rv:47.0); SV1)"
192.243.55.134 - - [12/Oct/2016:11:40:04 +0300] "GET /index.php/services/outsourcing-menu/services/index.php HTTP/1.1" 404 151 "-" "Mozilla/5.0 (compatible; SemrushBot/1.1~bl; +http://www.semrush.com/bot.html)"
192.243.55.133 - - [12/Oct/2016:11:40:40 +0300] "GET /forum/topic.html?id=4 HTTP/1.1" 404 151 "-" "Mozilla/5.0 (compatible; SemrushBot/1.1~bl; +http://www.semrush.com/bot.html)"
192.243.55.130 - - [12/Oct/2016:11:41:03 +0300] "GET /index.php/categories/energosbyt/itemlist/tag/%D0%AD%D0%BD%D0%B5%D1%80%D0%B3%D0%BE%D1%81%D0%B1%D1%8B%D1%82 HTTP/1.1" 404 151 "-" "Mozilla/5.0 (compatible; SemrushBot/1.1~bl; +http://www.semrush.com/bot.html)"
192.243.55.130 - - [12/Oct/2016:11:41:36 +0300] "GET /index.php/categories/energosbyt/itemlist/tag/%D0%AD%D0%BD%D0%B5%D1%80%D0%B3%D0%BE%D1%81%D0%B1%D1%8B%D1%82 HTTP/1.1" 404 151 "-" "Mozilla/5.0 (compatible; SemrushBot/1.1~bl; +http://www.semrush.com/bot.html)"
192.243.55.133 - - [12/Oct/2016:11:41:36 +0300] "GET /index.php/categories/financial-adviser/itemlist/tag/%D0%A2%D0%BE%D1%80%D0%B3%D0%BE%D0%B2%D0%BB%D1%8F/categories/financial-adviser/categories/financial-adviser/categories/index.php HTTP/1.1" 404 151 "-" "Mozilla/5.0 (compatible; SemrushBot/1.1~bl; +http://www.semrush.com/bot.html)"
192.243.55.138 - - [12/Oct/2016:11:42:04 +0300] "GET /component/mailto?link=a0ed9787ccde4b2ddd9fe8887b270e229e4b40e9&tmpl=component HTTP/1.1" 404 151 "-" "Mozilla/5.0 (compatible; SemrushBot/1.1~bl; +http://www.semrush.com/bot.html)"
192.243.55.133 - - [12/Oct/2016:11:42:10 +0300] "GET /forecasts-english-premier-league-/forecasts-table-english-premier-league-.html?filternach&limit=10&page=31 HTTP/1.1" 404 151 "-" "Mozilla/5.0 (compatible; SemrushBot/1.1~bl; +http://www.semrush.com/bot.html)"
192.243.55.133 - - [12/Oct/2016:11:42:41 +0300] "GET /index.php/categories/itemlist/tag/%D0%91%D0%B0%D0%BD%D0%BA%D0%B8?format=feed&limitstart HTTP/1.1" 404 151 "-" "Mozilla/5.0 (compatible; SemrushBot/1.1~bl; +http://www.semrush.com/bot.html)"
192.243.55.136 - - [12/Oct/2016:11:42:44 +0300] "GET /football_stat/germany/cards.htm HTTP/1.1" 404 151 "-" "Mozilla/5.0 (compatible; SemrushBot/1.1~bl; +http://www.semrush.com/bot.html)"
192.243.55.135 - - [12/Oct/2016:11:43:20 +0300] "GET /index.php/component/user/component/user/component/user/component/user/component/user/component/user/component/user/ HTTP/1.1" 404 151 "-" "Mozilla/5.0 (compatible; SemrushBot/1.1~bl; +http://www.semrush.com/bot.html)"
192.243.55.138 - - [12/Oct/2016:11:43:53 +0300] "GET /index.php/section-blog/32-languages/34-does-the-pdf-icon-render-pictures-and-special-characters?format=pdf HTTP/1.1" 404 151 "-" "Mozilla/5.0 (compatible; SemrushBot/1.1~bl; +http://www.semrush.com/bot.html)"
192.243.55.138 - - [12/Oct/2016:11:44:06 +0300] "GET /index.php/categories/petrochemistry/categories/index.php/categories/petrochemistry/categories/petrochemistry/categories/petrochemistry/categories/petrochemistry HTTP/1.1" 404 151 "-" "Mozilla/5.0 (compatible; SemrushBot/1.1~bl; +http://www.semrush.com/bot.html)"
192.243.55.134 - - [12/Oct/2016:11:44:07 +0300] "GET /index.php/categories/itemlist/tag/%D0%9F%D1%80%D0%BE%D0%B3%D0%BD%D0%BE%D0%B7%D0%B8%D1%80%D0%BE%D0%B2%D0%B0%D0%BD%D0%B8%D0%B5/categories/categories HTTP/1.1" 404 151 "-" "Mozilla/5.0 (compatible; SemrushBot/1.1~bl; +http://www.semrush.com/bot.html)"
192.243.55.135 - - [12/Oct/2016:11:44:14 +0300] "GET /index.php/component/mailto?link=aHR0cDovL2JpLWdyb3VwbGFicy5ydS9pbmRleC5waHAvY2F0ZWdvcmllcy9pdGVtLzQxLXJlY29tbWVuZGF0b3J5LXN5c3RlbS9pbmRleC5waHA%3D&tmpl=component HTTP/1.1" 404 151 "-" "Mozilla/5.0 (compatible; SemrushBot/1.1~bl; +http://www.semrush.com/bot.html)"
192.243.55.135 - - [12/Oct/2016:11:44:19 +0300] "GET /index.php/component/mailto?link=aHR0cDovL2JpLWdyb3VwbGFicy5ydS9pbmRleC5waHAvY2F0ZWdvcmllcy9pdGVtLzQxLXJlY29tbWVuZGF0b3J5LXN5c3RlbS9pbmRleC5waHA%3D&tmpl=component HTTP/1.1" 404 151 "-" "Mozilla/5.0 (compatible; SemrushBot/1.1~bl; +http://www.semrush.com/bot.html)"
192.243.55.134 - - [12/Oct/2016:11:44:24 +0300] "GET /index.php/categories/itemlist/tag/%D0%9F%D1%80%D0%BE%D0%B3%D0%BD%D0%BE%D0%B7%D0%B8%D1%80%D0%BE%D0%B2%D0%B0%D0%BD%D0%B8%D0%B5/categories/categories HTTP/1.1" 404 151 "-" "Mozilla/5.0 (compatible; SemrushBot/1.1~bl; +http://www.semrush.com/bot.html)"
192.243.55.133 - - [12/Oct/2016:11:44:33 +0300] "GET /blog/1-latest-news/6-smart-department.html HTTP/1.1" 404 151 "-" "Mozilla/5.0 (compatible; SemrushBot/1.1~bl; +http://www.semrush.com/bot.html)"
192.243.55.134 - - [12/Oct/2016:11:45:03 +0300] "GET /index.php/categories/investment-guide HTTP/1.1" 404 151 "-" "Mozilla/5.0 (compatible; SemrushBot/1.1~bl; +http://www.semrush.com/bot.html)"
192.243.55.129 - - [12/Oct/2016:11:45:04 +0300] "GET /index.php/categories/investment-guide/itemlist/category/11-recommendatory-system-ars?format=feed HTTP/1.1" 404 151 "-" "Mozilla/5.0 (compatible; SemrushBot/1.1~bl; +http://www.semrush.com/bot.html)"
192.243.55.134 - - [12/Oct/2016:11:45:08 +0300] "GET /index.php/categories/investment-guide HTTP/1.1" 404 151 "-" "Mozilla/5.0 (compatible; SemrushBot/1.1~bl; +http://www.semrush.com/bot.html)"
192.243.55.138 - - [12/Oct/2016:11:45:11 +0300] "GET /index.php/categories/energosbyt/item/42-ars-more/categories/energosbyt/categories/energosbyt HTTP/1.1" 404 151 "-" "Mozilla/5.0 (compatible; SemrushBot/1.1~bl; +http://www.semrush.com/bot.html)"
192.243.55.138 - - [12/Oct/2016:11:45:25 +0300] "GET /Product/ERP HTTP/1.1" 404 151 "-" "Mozilla/5.0 (compatible; SemrushBot/1.1~bl; +http://www.semrush.com/bot.html)"
192.243.55.134 - - [12/Oct/2016:11:45:30 +0300] "GET /index.php/categories/investment-guide HTTP/1.1" 404 151 "-" "Mozilla/5.0 (compatible; SemrushBot/1.1~bl; +http://www.semrush.com/bot.html)"
192.243.55.138 - - [12/Oct/2016:11:45:32 +0300] "GET /Product/ERP HTTP/1.1" 404 151 "-" "Mozilla/5.0 (compatible; SemrushBot/1.1~bl; +http://www.semrush.com/bot.html)"
192.243.55.138 - - [12/Oct/2016:11:45:42 +0300] "GET /index.php/categories/metallurgy/itemlist/tag/%D0%9C%D0%B5%D1%82%D0%B0%D0%BB%D0%BB%D1%83%D1%80%D0%B3%D0%B8%D1%8F/categories/metallurgy/categories/index.php HTTP/1.1" 404 151 "-" "Mozilla/5.0 (compatible; SemrushBot/1.1~bl; +http://www.semrush.com/bot.html)"
192.243.55.131 - - [12/Oct/2016:11:45:50 +0300] "GET /index.php/component/mailto?link=aHR0cDovL2JpLWdyb3VwbGFicy5ydS9pbmRleC5waHAvdXNlci9pdGVtLzQyLWFycy1tb3JlL3VzZXI%3D&tmpl=component HTTP/1.1" 404 151 "-" "Mozilla/5.0 (compatible; SemrushBot/1.1~bl; +http://www.semrush.com/bot.html)"
192.243.55.135 - - [12/Oct/2016:11:46:41 +0300] "GET /index.php/component/mailto?link=aHR0cDovL3d3dy5iaS1ncm91cGxhYnMucnUvaW5kZXgucGhwL2NhdGVnb3JpZXMvZmluYW5jaWFsLWFkdmlzZXIvaXRlbS8yOC1zY29yaW5nLXNvbHV0aW9ucy9jYXRlZ29yaWVzL2ZpbmFuY2lhbC1hZHZpc2VyL2NhdGVnb3JpZXMvZmluYW5jaWFsLWFkdmlzZXIvY2F0ZWdvcmllcy9pbmRleC5waHA%3D&tmpl=component HTTP/1.1" 404 151 "-" "Mozilla/5.0 (compatible; SemrushBot/1.1~bl; +http://www.semrush.com/bot.html)"
192.243.55.137 - - [12/Oct/2016:11:47:00 +0300] "GET /forum/topic/subscribe.html?id=11 HTTP/1.1" 404 151 "-" "Mozilla/5.0 (compatible; SemrushBot/1.1~bl; +http://www.semrush.com/bot.html)"
66.249.76.66 - - [12/Oct/2016:11:50:42 +0300] "GET /robots.txt HTTP/1.1" 404 151 "-" "Mozilla/5.0 (compatible; Googlebot/2.1; +http://www.google.com/bot.html)"
66.249.76.69 - - [12/Oct/2016:11:50:42 +0300] "GET /index.php/categories/metallurgy/item/42-ars-more?tmpl=component&print=1 HTTP/1.1" 404 208 "-" "Mozilla/5.0 (Linux; Android 6.0.1; Nexus 5X Build/MMB29P) AppleWebKit/537.36 (KHTML, like Gecko) Chrome/41.0.2272.96 Mobile Safari/537.36 (compatible; Googlebot/2.1; +http://www.google.com/bot.html)"
37.9.118.28 - - [12/Oct/2016:11:53:22 +0300] "GET / HTTP/1.1" 404 151 "-" "Mozilla/5.0 (compatible; YandexMetrika/2.0; +http://yandex.com/bots mtmon01i.yandex.ru)"
95.108.129.196 - - [12/Oct/2016:12:02:30 +0300] "GET / HTTP/1.1" 404 151 "-" "Mozilla/5.0 (compatible; YandexMetrika/2.0; +http://yandex.com/bots mtmon01e.yandex.ru)"
202.46.53.17 - - [12/Oct/2016:12:03:32 +0300] "GET / HTTP/1.1" 404 208 "-" "Mozilla/5.0 (Windows NT 10.0; WOW64) AppleWebKit/537.36 (KHTML, like Gecko) Chrome/45.0.2454.93 Safari/537.36"
95.172.47.196 - - [12/Oct/2016:12:09:48 +0300] "GET / HTTP/1.1" 404 151 "-" "Mozilla/5.0 (Windows NT 5.1; rv:12.0) Gecko/20100101 Firefox/12.0"
192.243.55.129 - - [12/Oct/2016:12:12:27 +0300] "GET /index.php/categories/metallurgy/itemlist/category/13-metallurgy/categories/index.php/categories/metallurgy HTTP/1.1" 404 151 "-" "Mozilla/5.0 (compatible; SemrushBot/1.1~bl; +http://www.semrush.com/bot.html)"
192.243.55.132 - - [12/Oct/2016:12:13:07 +0300] "GET /blog HTTP/1.1" 404 151 "-" "Mozilla/5.0 (compatible; SemrushBot/1.1~bl; +http://www.semrush.com/bot.html)"
192.243.55.130 - - [12/Oct/2016:12:13:16 +0300] "GET /football_stat/france/round32.htm HTTP/1.1" 404 151 "-" "Mozilla/5.0 (compatible; SemrushBot/1.1~bl; +http://www.semrush.com/bot.html)"
192.243.55.129 - - [12/Oct/2016:12:13:55 +0300] "GET /index.php/categories/financial-adviser/item/41-recommendatory-system/categories/financial-adviser/categories/financial-adviser/categories/financial-adviser HTTP/1.1" 404 151 "-" "Mozilla/5.0 (compatible; SemrushBot/1.1~bl; +http://www.semrush.com/bot.html)"
192.243.55.138 - - [12/Oct/2016:12:14:17 +0300] "GET /index.php/categories/itemlist/tag/credit/categories/index.php HTTP/1.1" 404 151 "-" "Mozilla/5.0 (compatible; SemrushBot/1.1~bl; +http://www.semrush.com/bot.html)"
170.0.236.103 - - [12/Oct/2016:12:14:38 +0300] "PROPFIND /webdav/ HTTP/1.1" 404 177 "-" "WEBDAV Client"
192.243.55.133 - - [12/Oct/2016:12:14:45 +0300] "GET /index.php/section-blog/28-current-users/13-what-happened-to-the-locale-setting?layout=default&page&print=1&tmpl=component HTTP/1.1" 404 151 "-" "Mozilla/5.0 (compatible; SemrushBot/1.1~bl; +http://www.semrush.com/bot.html)"
192.243.55.132 - - [12/Oct/2016:12:14:54 +0300] "GET /index.php/categories/petrochemistry/item/42-ars-more HTTP/1.1" 404 151 "-" "Mozilla/5.0 (compatible; SemrushBot/1.1~bl; +http://www.semrush.com/bot.html)"
192.243.55.133 - - [12/Oct/2016:12:14:55 +0300] "GET /index.php/section-blog/28-current-users/13-what-happened-to-the-locale-setting?layout=default&page&print=1&tmpl=component HTTP/1.1" 404 151 "-" "Mozilla/5.0 (compatible; SemrushBot/1.1~bl; +http://www.semrush.com/bot.html)"
192.243.55.131 - - [12/Oct/2016:12:15:24 +0300] "GET /index.php/categories/energosbyt/categories/energosbyt/categories/energosbyt HTTP/1.1" 404 151 "-" "Mozilla/5.0 (compatible; SemrushBot/1.1~bl; +http://www.semrush.com/bot.html)"
192.243.55.138 - - [12/Oct/2016:12:15:48 +0300] "GET /index.php/component/mailto/?link=aHR0cDovL2JpLWdyb3VwbGFicy5ydS9pbmRleC5waHAvY2F0ZWdvcmllcy9tZXRhbGx1cmd5L2l0ZW0vNDEtcmVjb21tZW5kYXRvcnktc3lzdGVtL2NhdGVnb3JpZXMvbWV0YWxsdXJneS9jYXRlZ29yaWVzL21ldGFsbHVyZ3k%3D&tmpl=component HTTP/1.1" 404 151 "-" "Mozilla/5.0 (compatible; SemrushBot/1.1~bl; +http://www.semrush.com/bot.html)"
95.172.47.196 - - [12/Oct/2016:12:16:20 +0300] "GET / HTTP/1.1" 404 151 "-" "Mozilla/5.0 (Windows NT 5.1; rv:12.0) Gecko/20100101 Firefox/12.0"
192.243.55.132 - - [12/Oct/2016:12:17:15 +0300] "GET /index.php/categories/metallurgy/categories/index.php HTTP/1.1" 404 151 "-" "Mozilla/5.0 (compatible; SemrushBot/1.1~bl; +http://www.semrush.com/bot.html)"
192.243.55.136 - - [12/Oct/2016:12:17:39 +0300] "GET /index.php/categories/financial-adviser/categories/financial-adviser/categories/financial-adviser/categories/index.php/categories/financial-adviser HTTP/1.1" 404 151 "-" "Mozilla/5.0 (compatible; SemrushBot/1.1~bl; +http://www.semrush.com/bot.html)"
192.243.55.132 - - [12/Oct/2016:12:17:56 +0300] "GET /download/smart_department.zip HTTP/1.1" 404 151 "-" "Mozilla/5.0 (compatible; SemrushBot/1.1~bl; +http://www.semrush.com/bot.html)"
192.243.55.129 - - [12/Oct/2016:12:19:17 +0300] "GET /index.php/categories/energosbyt/itemlist/category/14-petrochemistry?format=feed HTTP/1.1" 404 151 "-" "Mozilla/5.0 (compatible; SemrushBot/1.1~bl; +http://www.semrush.com/bot.html)"
95.172.47.196 - - [12/Oct/2016:12:19:39 +0300] "GET / HTTP/1.1" 404 151 "-" "Mozilla/5.0 (Windows NT 5.1; rv:12.0) Gecko/20100101 Firefox/12.0"
192.243.55.136 - - [12/Oct/2016:12:19:41 +0300] "GET /index.php/categories/energosbyt/itemlist/category/7-power-consumption/categories/energosbyt/categories/index.php/categories/energosbyt HTTP/1.1" 404 151 "-" "Mozilla/5.0 (compatible; SemrushBot/1.1~bl; +http://www.semrush.com/bot.html)"
192.243.55.134 - - [12/Oct/2016:12:20:05 +0300] "GET /index.php/categories/petrochemistry/itemlist/category/7-power-consumption/categories/index.php/categories/petrochemistry/categories/petrochemistry HTTP/1.1" 404 151 "-" "Mozilla/5.0 (compatible; SemrushBot/1.1~bl; +http://www.semrush.com/bot.html)"
192.243.55.135 - - [12/Oct/2016:12:20:20 +0300] "GET /index.php/component/user/component/user/component/user/component/user HTTP/1.1" 404 151 "-" "Mozilla/5.0 (compatible; SemrushBot/1.1~bl; +http://www.semrush.com/bot.html)"
192.243.55.129 - - [12/Oct/2016:12:20:53 +0300] "GET /index.php/categories/investment-guide/categories/index.php HTTP/1.1" 404 151 "-" "Mozilla/5.0 (compatible; SemrushBot/1.1~bl; +http://www.semrush.com/bot.html)"
192.243.55.133 - - [12/Oct/2016:12:20:55 +0300] "GET /index.php/component/mailto/?link=a338ee3e850e56eb06675ca5eaeb302ce19ecb27&tmpl=component HTTP/1.1" 404 151 "-" "Mozilla/5.0 (compatible; SemrushBot/1.1~bl; +http://www.semrush.com/bot.html)"
192.243.55.131 - - [12/Oct/2016:12:21:35 +0300] "GET /index.php/categories/financial-adviser/itemlist/category/7-power-consumption/categories/financial-adviser/categories/financial-adviser HTTP/1.1" 404 151 "-" "Mozilla/5.0 (compatible; SemrushBot/1.1~bl; +http://www.semrush.com/bot.html)"
192.243.55.134 - - [12/Oct/2016:12:21:49 +0300] "GET /forum/forum.html?filter_order=t.id&filter_order_Dir=desc&id=3 HTTP/1.1" 404 151 "-" "Mozilla/5.0 (compatible; SemrushBot/1.1~bl; +http://www.semrush.com/bot.html)"
202.46.54.182 - - [12/Oct/2016:12:21:51 +0300] "GET / HTTP/1.1" 404 208 "-" "Mozilla/5.0 (Windows NT 10.0; WOW64) AppleWebKit/537.36 (KHTML, like Gecko) Chrome/45.0.2454.93 Safari/537.36"
192.243.55.134 - - [12/Oct/2016:12:22:14 +0300] "GET /index.php/categories/investment-guide/itemlist/tag/%D0%9F%D1%80%D0%BE%D0%B3%D0%BD%D0%BE%D0%B7%D0%B8%D1%80%D0%BE%D0%B2%D0%B0%D0%BD%D0%B8%D0%B5/categories/investment-guide/categories/investment-guide/categories/index.php HTTP/1.1" 404 151 "-" "Mozilla/5.0 (compatible; SemrushBot/1.1~bl; +http://www.semrush.com/bot.html)"
192.243.55.131 - - [12/Oct/2016:12:22:33 +0300] "GET /football_stat/germany/round23.htm HTTP/1.1" 404 151 "-" "Mozilla/5.0 (compatible; SemrushBot/1.1~bl; +http://www.semrush.com/bot.html)"
192.243.55.129 - - [12/Oct/2016:12:23:35 +0300] "GET /index.php/categories/energosbyt/itemlist/tag/%D0%91%D0%B0%D0%BD%D0%BA%D0%B8/categories/index.php/categories/energosbyt HTTP/1.1" 404 151 "-" "Mozilla/5.0 (compatible; SemrushBot/1.1~bl; +http://www.semrush.com/bot.html)"
192.243.55.129 - - [12/Oct/2016:12:24:10 +0300] "GET /index.php/component/mailto?link=aHR0cDovL3d3dy5iaS1ncm91cGxhYnMucnUvaW5kZXgucGhwL2NhdGVnb3JpZXMvcGV0cm9jaGVtaXN0cnkvaXRlbS80MS1yZWNvbW1lbmRhdG9yeS1zeXN0ZW0%3D&tmpl=component HTTP/1.1" 404 151 "-" "Mozilla/5.0 (compatible; SemrushBot/1.1~bl; +http://www.semrush.com/bot.html)"
192.243.55.133 - - [12/Oct/2016:12:24:14 +0300] "GET /index.php/component/content/article/25-the-project/5-joomla-license-guidelines?page&print=1&tmpl=component HTTP/1.1" 404 151 "-" "Mozilla/5.0 (compatible; SemrushBot/1.1~bl; +http://www.semrush.com/bot.html)"
192.243.55.133 - - [12/Oct/2016:12:24:24 +0300] "GET /index.php/component/content/article/25-the-project/5-joomla-license-guidelines?page&print=1&tmpl=component HTTP/1.1" 404 151 "-" "Mozilla/5.0 (compatible; SemrushBot/1.1~bl; +http://www.semrush.com/bot.html)"
192.243.55.137 - - [12/Oct/2016:12:24:51 +0300] "GET /index.php/joomla-pages3/category-blog/44-joomla-security-strike-team HTTP/1.1" 404 151 "-" "Mozilla/5.0 (compatible; SemrushBot/1.1~bl; +http://www.semrush.com/bot.html)"
192.243.55.133 - - [12/Oct/2016:12:24:52 +0300] "GET /index.php/services/trainings/79-trainings HTTP/1.1" 404 151 "-" "Mozilla/5.0 (compatible; SemrushBot/1.1~bl; +http://www.semrush.com/bot.html)"
192.243.55.133 - - [12/Oct/2016:12:25:17 +0300] "GET /index.php/categories/financial-adviser/item/28-scoring-solutions/categories/index.php HTTP/1.1" 404 151 "-" "Mozilla/5.0 (compatible; SemrushBot/1.1~bl; +http://www.semrush.com/bot.html)"
192.243.55.131 - - [12/Oct/2016:12:25:17 +0300] "GET /index.php/categories/financial-adviser/itemlist/tag/%D0%A0%D0%B5%D0%BA%D0%BE%D0%BC%D0%B5%D0%BD%D0%B4%D0%B0%D1%82%D0%B5%D0%BB%D1%8C%D0%BD%D0%B0%D1%8F%20%D1%81%D0%B8%D1%81%D1%82%D0%B5%D0%BC%D0%B0/categories/index.php HTTP/1.1" 404 151 "-" "Mozilla/5.0 (compatible; SemrushBot/1.1~bl; +http://www.semrush.com/bot.html)"
192.243.55.133 - - [12/Oct/2016:12:25:18 +0300] "GET /index.php/services/trainings/79-trainings HTTP/1.1" 404 151 "-" "Mozilla/5.0 (compatible; SemrushBot/1.1~bl; +http://www.semrush.com/bot.html)"
192.243.55.132 - - [12/Oct/2016:12:25:49 +0300] "GET /index.php/categories/financial-adviser/itemlist/category/11-recommendatory-system-ars/categories/index.php/categories/index.php HTTP/1.1" 404 151 "-" "Mozilla/5.0 (compatible; SemrushBot/1.1~bl; +http://www.semrush.com/bot.html)"
192.243.55.129 - - [12/Oct/2016:12:25:53 +0300] "GET /index.php/categories/financial-adviser/itemlist/tag/index.php/categories/index.php HTTP/1.1" 404 151 "-" "Mozilla/5.0 (compatible; SemrushBot/1.1~bl; +http://www.semrush.com/bot.html)"
192.243.55.132 - - [12/Oct/2016:12:26:58 +0300] "GET /forecasts-english-premier-league-/forecasts-soccer.html?filternach&limit=70&page=10 HTTP/1.1" 404 151 "-" "Mozilla/5.0 (compatible; SemrushBot/1.1~bl; +http://www.semrush.com/bot.html)"
192.243.55.135 - - [12/Oct/2016:12:27:02 +0300] "GET /index.php/categories/metallurgy/item/42-ars-more/categories/metallurgy HTTP/1.1" 404 151 "-" "Mozilla/5.0 (compatible; SemrushBot/1.1~bl; +http://www.semrush.com/bot.html)"
192.243.55.130 - - [12/Oct/2016:12:27:10 +0300] "GET /partners HTTP/1.1" 404 151 "-" "Mozilla/5.0 (compatible; SemrushBot/1.1~bl; +http://www.semrush.com/bot.html)"
192.243.55.135 - - [12/Oct/2016:12:27:34 +0300] "GET /index.php/categories/metallurgy/item/42-ars-more/categories/metallurgy HTTP/1.1" 404 151 "-" "Mozilla/5.0 (compatible; SemrushBot/1.1~bl; +http://www.semrush.com/bot.html)"
192.243.55.137 - - [12/Oct/2016:12:27:45 +0300] "GET /index.php/categories/energosbyt/itemlist/category/14-petrochemistry/categories/index.php/categories/energosbyt/categories/energosbyt/categories/energosbyt HTTP/1.1" 404 151 "-" "Mozilla/5.0 (compatible; SemrushBot/1.1~bl; +http://www.semrush.com/bot.html)"
192.243.55.138 - - [12/Oct/2016:12:28:11 +0300] "GET /forum/index.php HTTP/1.1" 404 151 "-" "Mozilla/5.0 (compatible; SemrushBot/1.1~bl; +http://www.semrush.com/bot.html)"
192.243.55.132 - - [12/Oct/2016:12:28:47 +0300] "GET /forecasts-english-premier-league-/index.php?Itemid=88&choose=5&option=com_eventtableedit&page=7&task=saveOrder HTTP/1.1" 404 151 "-" "Mozilla/5.0 (compatible; SemrushBot/1.1~bl; +http://www.semrush.com/bot.html)"
192.243.55.133 - - [12/Oct/2016:12:28:47 +0300] "GET /index.php/component/mailto?link=aHR0cDovL3d3dy5iaS1ncm91cGxhYnMucnUvaW5kZXgucGhwL2NhdGVnb3JpZXMvZW5lcmdvc2J5dC9pdGVtLzQxLXJlY29tbWVuZGF0b3J5LXN5c3RlbS9jYXRlZ29yaWVzL2VuZXJnb3NieXQ%3D&tmpl=component HTTP/1.1" 404 151 "-" "Mozilla/5.0 (compatible; SemrushBot/1.1~bl; +http://www.semrush.com/bot.html)"
192.243.55.131 - - [12/Oct/2016:12:29:32 +0300] "GET /index.php/section-blog/28-current-users/13-what-happened-to-the-locale-setting?layout=default&page&print=1&tmpl=component HTTP/1.1" 404 151 "-" "Mozilla/5.0 (compatible; SemrushBot/1.1~bl; +http://www.semrush.com/bot.html)"
192.243.55.136 - - [12/Oct/2016:12:29:41 +0300] "GET /index.php/joomla-pages3/category-blog/1-welcome-to-joomla?layout=default&page&print=1&tmpl=component HTTP/1.1" 404 151 "-" "Mozilla/5.0 (compatible; SemrushBot/1.1~bl; +http://www.semrush.com/bot.html)"
192.243.55.135 - - [12/Oct/2016:12:29:48 +0300] "GET /index.php/component/user/remind/component/index.php/component/user HTTP/1.1" 404 151 "-" "Mozilla/5.0 (compatible; SemrushBot/1.1~bl; +http://www.semrush.com/bot.html)"
192.243.55.132 - - [12/Oct/2016:12:30:14 +0300] "GET /index.php/categories/metallurgy/itemlist/tag/%D0%A0%D0%B5%D0%BA%D0%BE%D0%BC%D0%B5%D0%BD%D0%B4%D0%B0%D1%82%D0%B5%D0%BB%D1%8C%D0%BD%D0%B0%D1%8F%20%D1%81%D0%B8%D1%81%D1%82%D0%B5%D0%BC%D0%B0/categories/metallurgy/categories/index.php HTTP/1.1" 404 151 "-" "Mozilla/5.0 (compatible; SemrushBot/1.1~bl; +http://www.semrush.com/bot.html)"
192.243.55.134 - - [12/Oct/2016:12:30:57 +0300] "GET /Technology/t HTTP/1.1" 404 151 "-" "Mozilla/5.0 (compatible; SemrushBot/1.1~bl; +http://www.semrush.com/bot.html)"
192.243.55.129 - - [12/Oct/2016:12:31:13 +0300] "GET /component/mailto/?link=2e2ee3d8a596cadd0dc20a3e520355a1223d7176&tmpl=component HTTP/1.1" 404 151 "-" "Mozilla/5.0 (compatible; SemrushBot/1.1~bl; +http://www.semrush.com/bot.html)"
95.79.25.92 - - [12/Oct/2016:12:31:33 +0300] "GET / HTTP/1.1" 404 151 "-" "Mozilla/5.0 (Windows NT 6.1; WOW64; rv:49.0) Gecko/20100101 Firefox/49.0"
192.243.55.137 - - [12/Oct/2016:12:31:38 +0300] "GET /football_stat/italy/round10.htm HTTP/1.1" 404 151 "-" "Mozilla/5.0 (compatible; SemrushBot/1.1~bl; +http://www.semrush.com/bot.html)"
192.243.55.130 - - [12/Oct/2016:12:32:09 +0300] "GET /index.php/section-blog/28-current-users?start=5 HTTP/1.1" 404 151 "-" "Mozilla/5.0 (compatible; SemrushBot/1.1~bl; +http://www.semrush.com/bot.html)"
66.249.69.230 - - [12/Oct/2016:12:32:09 +0300] "GET /forum/forum.html?id=6&filter_order=t.last_post&filter_order_Dir=desc HTTP/1.1" 404 208 "-" "Mozilla/5.0 (Linux; Android 6.0.1; Nexus 5X Build/MMB29P) AppleWebKit/537.36 (KHTML, like Gecko) Chrome/41.0.2272.96 Mobile Safari/537.36 (compatible; Googlebot/2.1; +http://www.google.com/bot.html)"
95.108.129.196 - - [12/Oct/2016:12:32:15 +0300] "GET / HTTP/1.1" 404 151 "-" "Mozilla/5.0 (compatible; YandexMetrika/2.0; +http://yandex.com/bots mtmon01e.yandex.ru)"
192.243.55.138 - - [12/Oct/2016:12:32:34 +0300] "GET /index.php/categories/metallurgy/itemlist/category/7-power-consumption/categories/index.php/categories/metallurgy HTTP/1.1" 404 151 "-" "Mozilla/5.0 (compatible; SemrushBot/1.1~bl; +http://www.semrush.com/bot.html)"
192.243.55.130 - - [12/Oct/2016:12:33:02 +0300] "GET /index.php/categories/investment-guide/itemlist/tag/%D0%AD%D0%BD%D0%B5%D1%80%D0%B3%D0%B5%D1%82%D0%B8%D0%BA%D0%B0/categories/index.php/categories/investment-guide/categories/investment-guide HTTP/1.1" 404 151 "-" "Mozilla/5.0 (compatible; SemrushBot/1.1~bl; +http://www.semrush.com/bot.html)"
192.243.55.133 - - [12/Oct/2016:12:33:40 +0300] "GET /index.php/component/content/article/34-template-articles/69-accuracy-prediction/component/content HTTP/1.1" 404 151 "-" "Mozilla/5.0 (compatible; SemrushBot/1.1~bl; +http://www.semrush.com/bot.html)"
192.243.55.129 - - [12/Oct/2016:12:33:44 +0300] "GET /index.php/component/user/remind/component/user/component/user/component/user/ HTTP/1.1" 404 151 "-" "Mozilla/5.0 (compatible; SemrushBot/1.1~bl; +http://www.semrush.com/bot.html)"
192.243.55.129 - - [12/Oct/2016:12:34:05 +0300] "GET /index.php/component/mailto?link=aHR0cDovL3d3dy5iaS1ncm91cGxhYnMucnUvaW5kZXgucGhwL2NhdGVnb3JpZXMvZmluYW5jaWFsLWFkdmlzZXIvaXRlbS8yOC1zY29yaW5nLXNvbHV0aW9ucy9jYXRlZ29yaWVzL2ZpbmFuY2lhbC1hZHZpc2VyL2NhdGVnb3JpZXMvaW5kZXgucGhwL2NhdGVnb3JpZXMvaW5kZXgucGhw&tmpl=component HTTP/1.1" 404 151 "-" "Mozilla/5.0 (compatible; SemrushBot/1.1~bl; +http://www.semrush.com/bot.html)"
192.243.55.132 - - [12/Oct/2016:12:34:43 +0300] "GET /index.php/categories/metallurgy/itemlist/category/11-recommendatory-system-ars/categories/metallurgy/categories/metallurgy/categories/index.php HTTP/1.1" 404 151 "-" "Mozilla/5.0 (compatible; SemrushBot/1.1~bl; +http://www.semrush.com/bot.html)"
192.243.55.136 - - [12/Oct/2016:12:35:27 +0300] "GET /index.php/categories/market-center/itemlist/tag/%D0%A0%D0%B5%D0%BA%D0%BE%D0%BC%D0%B5%D0%BD%D0%B4%D0%B0%D1%82%D0%B5%D0%BB%D1%8C%D0%BD%D0%B0%D1%8F%20%D1%81%D0%B8%D1%81%D1%82%D0%B5%D0%BC%D0%B0/categories/market-center/categories/index.php/categories/market-center HTTP/1.1" 404 151 "-" "Mozilla/5.0 (compatible; SemrushBot/1.1~bl; +http://www.semrush.com/bot.html)"
192.243.55.135 - - [12/Oct/2016:12:36:17 +0300] "GET /forecasts-english-premier-league-/forecasts-table-english-premier-league-.html?filternach&limit=10&page=11 HTTP/1.1" 404 151 "-" "Mozilla/5.0 (compatible; SemrushBot/1.1~bl; +http://www.semrush.com/bot.html)"
192.243.55.137 - - [12/Oct/2016:12:36:22 +0300] "GET /index.php/joomla-pages3/category-blog/6-we-are-volunteers/joomla-pages3/index.php HTTP/1.1" 404 151 "-" "Mozilla/5.0 (compatible; SemrushBot/1.1~bl; +http://www.semrush.com/bot.html)"
104.193.88.245 - - [12/Oct/2016:12:36:52 +0300] "GET / HTTP/1.1" 404 579 "-" "Mozilla/5.0 (Windows NT 10.0; WOW64) AppleWebKit/537.36 (KHTML, like Gecko) Chrome/45.0.2454.93 Safari/537.36"
192.243.55.134 - - [12/Oct/2016:12:36:57 +0300] "GET /forum/profile.html?user_id=2475 HTTP/1.1" 404 151 "-" "Mozilla/5.0 (compatible; SemrushBot/1.1~bl; +http://www.semrush.com/bot.html)"
192.243.55.135 - - [12/Oct/2016:12:37:19 +0300] "GET /service/faq.html HTTP/1.1" 404 151 "-" "Mozilla/5.0 (compatible; SemrushBot/1.1~bl; +http://www.semrush.com/bot.html)"
192.243.55.137 - - [12/Oct/2016:12:37:30 +0300] "GET /index.php/component/mailto/?link=aHR0cDovL2JpLWdyb3VwbGFicy5ydS9pbmRleC5waHAvdXNlci9pdGVtLzQyLWFycy1tb3Jl&tmpl=component HTTP/1.1" 404 151 "-" "Mozilla/5.0 (compatible; SemrushBot/1.1~bl; +http://www.semrush.com/bot.html)"
192.243.55.134 - - [12/Oct/2016:12:37:56 +0300] "GET /forum/forum.html?id=10 HTTP/1.1" 404 151 "-" "Mozilla/5.0 (compatible; SemrushBot/1.1~bl; +http://www.semrush.com/bot.html)"
192.243.55.136 - - [12/Oct/2016:12:38:19 +0300] "GET /index.php/categories/financial-adviser/itemlist/category/13-metallurgy/categories/index.php/categories/financial-adviser HTTP/1.1" 404 151 "-" "Mozilla/5.0 (compatible; SemrushBot/1.1~bl; +http://www.semrush.com/bot.html)"
192.243.55.130 - - [12/Oct/2016:12:38:46 +0300] "GET /index.php/component/mailto/?link=9b4fa3bcaf98f136483fc9cd5278496e3bb19414&tmpl=component HTTP/1.1" 404 151 "-" "Mozilla/5.0 (compatible; SemrushBot/1.1~bl; +http://www.semrush.com/bot.html)"
192.243.55.137 - - [12/Oct/2016:12:38:47 +0300] "GET /index.php/categories/investment-guide/itemlist/category/7-power-consumption/categories/investment-guide/categories/investment-guide/categories/investment-guide/categories/investment-guide HTTP/1.1" 404 151 "-" "Mozilla/5.0 (compatible; SemrushBot/1.1~bl; +http://www.semrush.com/bot.html)"
192.243.55.130 - - [12/Oct/2016:12:38:54 +0300] "GET /index.php/component/mailto/?link=9b4fa3bcaf98f136483fc9cd5278496e3bb19414&tmpl=component HTTP/1.1" 404 151 "-" "Mozilla/5.0 (compatible; SemrushBot/1.1~bl; +http://www.semrush.com/bot.html)"
192.243.55.132 - - [12/Oct/2016:12:39:22 +0300] "GET /football_stat/england/round15.htm HTTP/1.1" 404 151 "-" "Mozilla/5.0 (compatible; SemrushBot/1.1~bl; +http://www.semrush.com/bot.html)"
192.243.55.129 - - [12/Oct/2016:12:39:41 +0300] "GET /index.php/categories/investment-guide/itemlist/category/14-petrochemistry/categories/investment-guide/categories/investment-guide/categories/investment-guide HTTP/1.1" 404 151 "-" "Mozilla/5.0 (compatible; SemrushBot/1.1~bl; +http://www.semrush.com/bot.html)"
192.243.55.136 - - [12/Oct/2016:12:39:42 +0300] "GET /omparison.html?page&print=1&tmpl=component HTTP/1.1" 404 151 "-" "Mozilla/5.0 (compatible; SemrushBot/1.1~bl; +http://www.semrush.com/bot.html)"
192.243.55.134 - - [12/Oct/2016:12:40:01 +0300] "GET /for-students/curriculum-student.html HTTP/1.1" 404 151 "-" "Mozilla/5.0 (compatible; SemrushBot/1.1~bl; +http://www.semrush.com/bot.html)"
192.243.55.135 - - [12/Oct/2016:12:40:18 +0300] "GET /blog/1-latest-news/9-nao-darwin-op-robocup-2011.html?page&print=1&tmpl=component HTTP/1.1" 404 151 "-" "Mozilla/5.0 (compatible; SemrushBot/1.1~bl; +http://www.semrush.com/bot.html)"
192.243.55.137 - - [12/Oct/2016:12:40:40 +0300] "GET /index.php/categories/petrochemistry/item/41-recommendatory-system/categories/index.php/categories/petrochemistry HTTP/1.1" 404 151 "-" "Mozilla/5.0 (compatible; SemrushBot/1.1~bl; +http://www.semrush.com/bot.html)"
192.243.55.138 - - [12/Oct/2016:12:41:34 +0300] "GET /index.php/categories/metallurgy/itemlist/tag/%D0%9C%D0%B5%D1%82%D0%B0%D0%BB%D0%BB%D1%83%D1%80%D0%B3%D0%B8%D1%8F HTTP/1.1" 404 151 "-" "Mozilla/5.0 (compatible; SemrushBot/1.1~bl; +http://www.semrush.com/bot.html)"
192.243.55.131 - - [12/Oct/2016:12:42:01 +0300] "GET /forum/profile.html?user_id=3 HTTP/1.1" 404 151 "-" "Mozilla/5.0 (compatible; SemrushBot/1.1~bl; +http://www.semrush.com/bot.html)"
192.243.55.129 - - [12/Oct/2016:12:42:26 +0300] "GET /index.php/component/mailto?link=aHR0cDovL2JpLWdyb3VwbGFicy5ydS9pbmRleC5waHAvY2F0ZWdvcmllcy9tZXRhbGx1cmd5L2l0ZW0vNDEtcmVjb21tZW5kYXRvcnktc3lzdGVtL2NhdGVnb3JpZXMvbWV0YWxsdXJneS9jYXRlZ29yaWVzL2luZGV4LnBocA%3D%3D&tmpl=component HTTP/1.1" 404 151 "-" "Mozilla/5.0 (compatible; SemrushBot/1.1~bl; +http://www.semrush.com/bot.html)"
192.243.55.134 - - [12/Oct/2016:12:42:43 +0300] "GET /service/news-feeds/6-linux/6-linux-central-news-products.html HTTP/1.1" 404 151 "-" "Mozilla/5.0 (compatible; SemrushBot/1.1~bl; +http://www.semrush.com/bot.html)"
192.243.55.131 - - [12/Oct/2016:12:43:13 +0300] "GET /index.php/categories/energosbyt/item/41-recommendatory-system/categories/energosbyt/categories/energosbyt/categories/index.php/categories/energosbyt HTTP/1.1" 404 151 "-" "Mozilla/5.0 (compatible; SemrushBot/1.1~bl; +http://www.semrush.com/bot.html)"
192.243.55.129 - - [12/Oct/2016:12:43:25 +0300] "GET /index.php/categories/itemlist/tag/%D0%AD%D0%BD%D0%B5%D1%80%D0%B3%D0%BE%D1%81%D0%B1%D1%8B%D1%82/index.php/categories HTTP/1.1" 404 151 "-" "Mozilla/5.0 (compatible; SemrushBot/1.1~bl; +http://www.semrush.com/bot.html)"
192.243.55.133 - - [12/Oct/2016:12:43:35 +0300] "GET /index.php/user/itemlist/category/7-power-consumption?format=feed HTTP/1.1" 404 151 "-" "Mozilla/5.0 (compatible; SemrushBot/1.1~bl; +http://www.semrush.com/bot.html)"
192.243.55.129 - - [12/Oct/2016:12:43:56 +0300] "GET /index.php/categories/itemlist/category/14-petrochemistry/categories/categories/categories/categories HTTP/1.1" 404 151 "-" "Mozilla/5.0 (compatible; SemrushBot/1.1~bl; +http://www.semrush.com/bot.html)"
192.243.55.134 - - [12/Oct/2016:12:44:25 +0300] "GET /index.php/categories/energosbyt/itemlist/category/11-recommendatory-system-ars/categories/energosbyt/categories/index.php/categories/energosbyt/categories/energosbyt HTTP/1.1" 404 151 "-" "Mozilla/5.0 (compatible; SemrushBot/1.1~bl; +http://www.semrush.com/bot.html)"
192.243.55.132 - - [12/Oct/2016:12:44:41 +0300] "GET /index.php/categories/financial-adviser/item/28-scoring-solutions/categories/financial-adviser/categories/financial-adviser/categories/financial-adviser/categories/financial-adviser/categories/index.php HTTP/1.1" 404 151 "-" "Mozilla/5.0 (compatible; SemrushBot/1.1~bl; +http://www.semrush.com/bot.html)"
192.243.55.132 - - [12/Oct/2016:12:44:53 +0300] "GET /index.php/categories/financial-adviser/item/28-scoring-solutions/categories/financial-adviser/categories/financial-adviser/categories/financial-adviser/categories/financial-adviser/categories/index.php HTTP/1.1" 404 151 "-" "Mozilla/5.0 (compatible; SemrushBot/1.1~bl; +http://www.semrush.com/bot.html)"
192.243.55.134 - - [12/Oct/2016:12:45:16 +0300] "GET /index.php/component/mailto/?link=de8814e0e36d8309ea3de6358b2ee55ffcc8c580&tmpl=component HTTP/1.1" 404 151 "-" "Mozilla/5.0 (compatible; SemrushBot/1.1~bl; +http://www.semrush.com/bot.html)"
192.243.55.130 - - [12/Oct/2016:12:45:16 +0300] "GET /index.php/section-blog/28-current-users/16-only-one-edit-window-how-do-i-create-read-more?layout=default&page&print=1&tmpl=component HTTP/1.1" 404 151 "-" "Mozilla/5.0 (compatible; SemrushBot/1.1~bl; +http://www.semrush.com/bot.html)"
192.243.55.129 - - [12/Oct/2016:12:45:26 +0300] "GET /index.php/component/user/remind/component/user/component/user/component/user/component/user/component/user/ HTTP/1.1" 404 151 "-" "Mozilla/5.0 (compatible; SemrushBot/1.1~bl; +http://www.semrush.com/bot.html)"
192.243.55.132 - - [12/Oct/2016:12:45:42 +0300] "GET /biforum3/ HTTP/1.1" 404 151 "-" "Mozilla/5.0 (compatible; SemrushBot/1.1~bl; +http://www.semrush.com/bot.html)"
192.243.55.137 - - [12/Oct/2016:12:46:05 +0300] "GET /web-links/2-robotics-links/4-roboforum.html HTTP/1.1" 404 151 "-" "Mozilla/5.0 (compatible; SemrushBot/1.1~bl; +http://www.semrush.com/bot.html)"
192.243.55.135 - - [12/Oct/2016:12:46:27 +0300] "GET /projects.html?page&print=1&tmpl=component HTTP/1.1" 404 151 "-" "Mozilla/5.0 (compatible; SemrushBot/1.1~bl; +http://www.semrush.com/bot.html)"
192.243.55.136 - - [12/Oct/2016:12:46:40 +0300] "GET /component/mailto/?link=5dee47d069a0ccf734ced7ee0239485febd09a7a&tmpl=component HTTP/1.1" 404 151 "-" "Mozilla/5.0 (compatible; SemrushBot/1.1~bl; +http://www.semrush.com/bot.html)"
192.243.55.134 - - [12/Oct/2016:12:46:47 +0300] "GET /index.php/component/content/article/1-latest-news/9-millions-of-smiles/component/content/ HTTP/1.1" 404 151 "-" "Mozilla/5.0 (compatible; SemrushBot/1.1~bl; +http://www.semrush.com/bot.html)"
192.243.55.138 - - [12/Oct/2016:12:47:21 +0300] "GET /football_stat/england/round7.htm HTTP/1.1" 404 151 "-" "Mozilla/5.0 (compatible; SemrushBot/1.1~bl; +http://www.semrush.com/bot.html)"
192.243.55.129 - - [12/Oct/2016:12:47:26 +0300] "GET /index.php/categories/itemlist/tag/%D0%9F%D1%80%D0%BE%D0%B3%D0%BD%D0%BE%D0%B7%D0%B8%D1%80%D0%BE%D0%B2%D0%B0%D0%BD%D0%B8%D0%B5/index.php HTTP/1.1" 404 151 "-" "Mozilla/5.0 (compatible; SemrushBot/1.1~bl; +http://www.semrush.com/bot.html)"
192.243.55.134 - - [12/Oct/2016:12:47:41 +0300] "GET /forum.html?id=2 HTTP/1.1" 404 151 "-" "Mozilla/5.0 (compatible; SemrushBot/1.1~bl; +http://www.semrush.com/bot.html)"
192.243.55.135 - - [12/Oct/2016:12:48:10 +0300] "GET /index.php/section-blog/28-current-users/36-where-did-the-installer-go?layout=default&page&print=1&tmpl=component HTTP/1.1" 404 151 "-" "Mozilla/5.0 (compatible; SemrushBot/1.1~bl; +http://www.semrush.com/bot.html)"
192.243.55.129 - - [12/Oct/2016:12:48:21 +0300] "GET /index.php/categories/itemlist/category/15-energosbyt?format=feed HTTP/1.1" 404 151 "-" "Mozilla/5.0 (compatible; SemrushBot/1.1~bl; +http://www.semrush.com/bot.html)"
192.243.55.131 - - [12/Oct/2016:12:48:26 +0300] "GET /index.php/component/mailto/?link=73b9cd43fd5e69251e52b0035abcae1141bcf4d8&tmpl=component HTTP/1.1" 404 151 "-" "Mozilla/5.0 (compatible; SemrushBot/1.1~bl; +http://www.semrush.com/bot.html)"
192.243.55.135 - - [12/Oct/2016:12:48:57 +0300] "GET /index.php/component/content/article/32-languages/30-what-languages-are-supported-by-joomla-15/component/content HTTP/1.1" 404 151 "-" "Mozilla/5.0 (compatible; SemrushBot/1.1~bl; +http://www.semrush.com/bot.html)"
192.243.55.135 - - [12/Oct/2016:12:49:17 +0300] "GET /index.php/component/content/article/32-languages/30-what-languages-are-supported-by-joomla-15/component/content HTTP/1.1" 404 151 "-" "Mozilla/5.0 (compatible; SemrushBot/1.1~bl; +http://www.semrush.com/bot.html)"
192.243.55.129 - - [12/Oct/2016:12:49:28 +0300] "GET /index.php/component/content/article/34/69 HTTP/1.1" 404 151 "-" "Mozilla/5.0 (compatible; SemrushBot/1.1~bl; +http://www.semrush.com/bot.html)"
192.243.55.130 - - [12/Oct/2016:12:49:45 +0300] "GET /index.php/categories/financial-adviser/itemlist/category/14-petrochemistry/categories/index.php/categories/financial-adviser HTTP/1.1" 404 151 "-" "Mozilla/5.0 (compatible; SemrushBot/1.1~bl; +http://www.semrush.com/bot.html)"
192.243.55.136 - - [12/Oct/2016:12:50:25 +0300] "GET /index.php/categories/metallurgy/itemlist/tag/%D0%91%D0%B0%D0%BD%D0%BA%D0%B8/categories/metallurgy/categories/metallurgy/categories/metallurgy HTTP/1.1" 404 151 "-" "Mozilla/5.0 (compatible; SemrushBot/1.1~bl; +http://www.semrush.com/bot.html)"
95.79.25.92 - - [12/Oct/2016:12:50:54 +0300] "GET / HTTP/1.1" 404 151 "-" "Mozilla/5.0 (Windows NT 6.1; WOW64; rv:49.0) Gecko/20100101 Firefox/49.0"
95.79.25.92 - - [12/Oct/2016:12:51:00 +0300] "GET / HTTP/1.1" 404 151 "-" "Mozilla/5.0 (Windows NT 6.1; WOW64; rv:49.0) Gecko/20100101 Firefox/49.0"
192.243.55.134 - - [12/Oct/2016:12:51:00 +0300] "GET /index.php/categories/market-center/itemlist/category/7-power-consumption/categories/market-center/categories/index.php/categories/market-center HTTP/1.1" 404 151 "-" "Mozilla/5.0 (compatible; SemrushBot/1.1~bl; +http://www.semrush.com/bot.html)"
95.79.25.92 - - [12/Oct/2016:12:51:02 +0300] "GET / HTTP/1.1" 404 151 "-" "Mozilla/5.0 (Windows NT 6.1; WOW64; rv:49.0) Gecko/20100101 Firefox/49.0"
192.243.55.130 - - [12/Oct/2016:12:51:08 +0300] "GET /index.php/component/mailto?link=aHR0cDovL2JpLWdyb3VwbGFicy5ydS9pbmRleC5waHAvY2F0ZWdvcmllcy9maW5hbmNpYWwtYWR2aXNlci9pdGVtLzQyLWFycy1tb3JlL2NhdGVnb3JpZXMvaW5kZXgucGhw&tmpl=component HTTP/1.1" 404 151 "-" "Mozilla/5.0 (compatible; SemrushBot/1.1~bl; +http://www.semrush.com/bot.html)"
192.243.55.136 - - [12/Oct/2016:12:51:59 +0300] "GET /forum/topic.html?id=6 HTTP/1.1" 404 151 "-" "Mozilla/5.0 (compatible; SemrushBot/1.1~bl; +http://www.semrush.com/bot.html)"
192.243.55.133 - - [12/Oct/2016:12:52:04 +0300] "GET /index.php/categories/petrochemistry/item/41-recommendatory-system/categories/petrochemistry/categories/index.php HTTP/1.1" 404 151 "-" "Mozilla/5.0 (compatible; SemrushBot/1.1~bl; +http://www.semrush.com/bot.html)"
192.243.55.136 - - [12/Oct/2016:12:52:19 +0300] "GET /index.php/categories/market-center/itemlist/tag/%D0%A2%D0%BE%D1%80%D0%B3%D0%BE%D0%B2%D0%BB%D1%8F/categories/index.php HTTP/1.1" 404 151 "-" "Mozilla/5.0 (compatible; SemrushBot/1.1~bl; +http://www.semrush.com/bot.html)"
192.243.55.134 - - [12/Oct/2016:12:52:46 +0300] "GET /forum/forum.html?filter_order=t.num_replies&filter_order_Dir=desc&id=4 HTTP/1.1" 404 151 "-" "Mozilla/5.0 (compatible; SemrushBot/1.1~bl; +http://www.semrush.com/bot.html)"
192.243.55.132 - - [12/Oct/2016:12:53:05 +0300] "GET /football_stat/italy/round18.htm HTTP/1.1" 404 151 "-" "Mozilla/5.0 (compatible; SemrushBot/1.1~bl; +http://www.semrush.com/bot.html)"
192.243.55.135 - - [12/Oct/2016:12:53:39 +0300] "GET /index.php/categories/petrochemistry/itemlist/category/11-recommendatory-system-ars HTTP/1.1" 404 151 "-" "Mozilla/5.0 (compatible; SemrushBot/1.1~bl; +http://www.semrush.com/bot.html)"
157.55.39.63 - - [12/Oct/2016:12:53:43 +0300] "GET / HTTP/1.1" 404 151 "-" "Mozilla/5.0 (compatible; bingbot/2.0; +http://www.bing.com/bingbot.htm)"
192.243.55.131 - - [12/Oct/2016:12:54:19 +0300] "GET /index.php/categories/market-center/itemlist/category/13-metallurgy/categories/market-center HTTP/1.1" 404 151 "-" "Mozilla/5.0 (compatible; SemrushBot/1.1~bl; +http://www.semrush.com/bot.html)"
192.243.55.129 - - [12/Oct/2016:12:54:21 +0300] "GET /index.php/categories/index.php/categories/index.php HTTP/1.1" 404 151 "-" "Mozilla/5.0 (compatible; SemrushBot/1.1~bl; +http://www.semrush.com/bot.html)"
192.243.55.133 - - [12/Oct/2016:12:54:48 +0300] "GET /Rech/banks HTTP/1.1" 404 151 "-" "Mozilla/5.0 (compatible; SemrushBot/1.1~bl; +http://www.semrush.com/bot.html)"
104.193.88.245 - - [12/Oct/2016:12:55:11 +0300] "GET / HTTP/1.1" 404 579 "-" "Mozilla/5.0 (Windows NT 10.0; WOW64) AppleWebKit/537.36 (KHTML, like Gecko) Chrome/45.0.2454.93 Safari/537.36"
192.243.55.131 - - [12/Oct/2016:12:55:32 +0300] "GET /index.php/categories/financial-adviser/itemlist/tag/%D0%A0%D0%B5%D0%BA%D0%BE%D0%BC%D0%B5%D0%BD%D0%B4%D0%B0%D1%82%D0%B5%D0%BB%D1%8C%D0%BD%D0%B0%D1%8F%20%D1%81%D0%B8%D1%81%D1%82%D0%B5%D0%BC%D0%B0 HTTP/1.1" 404 151 "-" "Mozilla/5.0 (compatible; SemrushBot/1.1~bl; +http://www.semrush.com/bot.html)"
192.243.55.135 - - [12/Oct/2016:12:56:00 +0300] "GET /index.php/categories/petrochemistry/itemlist/tag/index.php/categories/petrochemistry/categories/petrochemistry HTTP/1.1" 404 151 "-" "Mozilla/5.0 (compatible; SemrushBot/1.1~bl; +http://www.semrush.com/bot.html)"
192.243.55.133 - - [12/Oct/2016:12:56:23 +0300] "GET /index.php/categories/itemlist/tag/%D0%9C%D0%B5%D1%82%D0%B0%D0%BB%D0%BB%D1%83%D1%80%D0%B3%D0%B8%D1%8F/categories/categories HTTP/1.1" 404 151 "-" "Mozilla/5.0 (compatible; SemrushBot/1.1~bl; +http://www.semrush.com/bot.html)"
192.243.55.129 - - [12/Oct/2016:12:57:20 +0300] "GET /index.php/user/user/user/user/user?start=4 HTTP/1.1" 404 151 "-" "Mozilla/5.0 (compatible; SemrushBot/1.1~bl; +http://www.semrush.com/bot.html)"
40.77.167.80 - - [12/Oct/2016:12:57:36 +0300] "GET /Rech/banks/Cred.html HTTP/1.1" 404 151 "-" "Mozilla/5.0 (compatible; bingbot/2.0; +http://www.bing.com/bingbot.htm)"
192.243.55.131 - - [12/Oct/2016:12:58:04 +0300] "GET /index.php/categories/market-center/item/41-recommendatory-system/categories/market-center/categories/market-center/categories/market-center HTTP/1.1" 404 151 "-" "Mozilla/5.0 (compatible; SemrushBot/1.1~bl; +http://www.semrush.com/bot.html)"
192.243.55.136 - - [12/Oct/2016:12:58:35 +0300] "GET /index.php/services/trainings/forecasting-electricity?format=pdf HTTP/1.1" 404 151 "-" "Mozilla/5.0 (compatible; SemrushBot/1.1~bl; +http://www.semrush.com/bot.html)"
192.243.55.131 - - [12/Oct/2016:12:58:57 +0300] "GET /service/news-feeds/5-business-general/4-business-news.html HTTP/1.1" 404 151 "-" "Mozilla/5.0 (compatible; SemrushBot/1.1~bl; +http://www.semrush.com/bot.html)"
192.243.55.132 - - [12/Oct/2016:12:59:14 +0300] "GET /index.php/categories/petrochemistry/categories/petrochemistry/categories/petrochemistry/categories/index.php HTTP/1.1" 404 151 "-" "Mozilla/5.0 (compatible; SemrushBot/1.1~bl; +http://www.semrush.com/bot.html)"
192.243.55.134 - - [12/Oct/2016:12:59:42 +0300] "GET /index.php/categories/petrochemistry/item/42-ars-more/categories/index.php HTTP/1.1" 404 151 "-" "Mozilla/5.0 (compatible; SemrushBot/1.1~bl; +http://www.semrush.com/bot.html)"
192.243.55.133 - - [12/Oct/2016:13:00:30 +0300] "GET /index.php/categories/financial-adviser/itemlist/tag/%D0%9D%D0%B5%D1%84%D1%82%D0%B5%D1%85%D0%B8%D0%BC%D0%B8%D1%8F?format=feed&limitstart HTTP/1.1" 404 151 "-" "Mozilla/5.0 (compatible; SemrushBot/1.1~bl; +http://www.semrush.com/bot.html)"
192.243.55.137 - - [12/Oct/2016:13:01:30 +0300] "GET /index.php/categories/financial-adviser/item/42-ars-more/categories/index.php/categories/financial-adviser/categories/financial-adviser/categories/financial-adviser HTTP/1.1" 404 151 "-" "Mozilla/5.0 (compatible; SemrushBot/1.1~bl; +http://www.semrush.com/bot.html)"
192.243.55.137 - - [12/Oct/2016:13:04:04 +0300] "GET /index.php/component/mailto?link=aHR0cDovL2JpLWdyb3VwbGFicy5ydS9pbmRleC5waHAvY2F0ZWdvcmllcy9tZXRhbGx1cmd5L2l0ZW0vNDItYXJzLW1vcmUvY2F0ZWdvcmllcy9tZXRhbGx1cmd5L2NhdGVnb3JpZXMvbWV0YWxsdXJneS9jYXRlZ29yaWVzL21ldGFsbHVyZ3kvY2F0ZWdvcmllcy9tZXRhbGx1cmd5&tmpl=component HTTP/1.1" 404 151 "-" "Mozilla/5.0 (compatible; SemrushBot/1.1~bl; +http://www.semrush.com/bot.html)"
192.243.55.135 - - [12/Oct/2016:13:04:04 +0300] "GET /index.php/categories/energosbyt/itemlist/category/13-metallurgy/categories/energosbyt HTTP/1.1" 404 151 "-" "Mozilla/5.0 (compatible; SemrushBot/1.1~bl; +http://www.semrush.com/bot.html)"
192.243.55.135 - - [12/Oct/2016:13:04:06 +0300] "GET /forum/forum.html?filter_order=t.id&filter_order_Dir=desc&id=3 HTTP/1.1" 404 151 "-" "Mozilla/5.0 (compatible; SemrushBot/1.1~bl; +http://www.semrush.com/bot.html)"
192.243.55.129 - - [12/Oct/2016:13:04:44 +0300] "GET /index.php/categories/investment-guide/itemlist/tag/%D0%9F%D1%80%D0%BE%D0%B3%D0%BD%D0%BE%D0%B7%D0%B8%D1%80%D0%BE%D0%B2%D0%B0%D0%BD%D0%B8%D0%B5 HTTP/1.1" 404 151 "-" "Mozilla/5.0 (compatible; SemrushBot/1.1~bl; +http://www.semrush.com/bot.html)"
192.243.55.131 - - [12/Oct/2016:13:07:47 +0300] "GET /index.php/categories/petrochemistry/itemlist/category/11-recommendatory-system-ars/categories/index.php HTTP/1.1" 404 151 "-" "Mozilla/5.0 (compatible; SemrushBot/1.1~bl; +http://www.semrush.com/bot.html)"
192.243.55.134 - - [12/Oct/2016:13:10:01 +0300] "GET /index.php/component/mailto?link=40dfa6440accc48fc6c69ee768e96e333b6244b9&tmpl=component HTTP/1.1" 404 151 "-" "Mozilla/5.0 (compatible; SemrushBot/1.1~bl; +http://www.semrush.com/bot.html)"
192.243.55.132 - - [12/Oct/2016:13:10:30 +0300] "GET /index.php/categories/metallurgy/itemlist/category/14-petrochemistry/categories/index.php/categories/metallurgy/categories/metallurgy/categories/metallurgy HTTP/1.1" 404 151 "-" "Mozilla/5.0 (compatible; SemrushBot/1.1~bl; +http://www.semrush.com/bot.html)"
66.249.76.57 - - [12/Oct/2016:13:14:16 +0300] "GET /robots.txt HTTP/1.1" 404 151 "-" "Mozilla/5.0 (compatible; Googlebot/2.1; +http://www.google.com/bot.html)"
66.249.69.81 - - [12/Oct/2016:13:14:17 +0300] "GET /forecasts-english-premier-league-/forecasts-soccer.html?limit=70&page=11&filternach= HTTP/1.1" 404 208 "-" "Mozilla/5.0 (Linux; Android 6.0.1; Nexus 5X Build/MMB29P) AppleWebKit/537.36 (KHTML, like Gecko) Chrome/41.0.2272.96 Mobile Safari/537.36 (compatible; Googlebot/2.1; +http://www.google.com/bot.html)"
213.180.206.196 - - [12/Oct/2016:13:14:34 +0300] "GET / HTTP/1.1" 404 151 "-" "Mozilla/5.0 (compatible; YandexMetrika/2.0; +http://yandex.com/bots mtmon01g.yandex.ru)"
136.243.101.174 - - [12/Oct/2016:13:17:13 +0300] "GET /ozsybry/skachat_klip_dlya_mobilnogo_telefona_364_0.jpg HTTP/1.1" 404 177 "-" "-"
192.243.55.129 - - [12/Oct/2016:13:19:12 +0300] "GET /football_stat/england/round17.htm HTTP/1.1" 404 151 "-" "Mozilla/5.0 (compatible; SemrushBot/1.1~bl; +http://www.semrush.com/bot.html)"
192.243.55.134 - - [12/Oct/2016:13:19:27 +0300] "GET /index.php/categories/financial-adviser/itemlist/category/7-power-consumption/categories/index.php HTTP/1.1" 404 151 "-" "Mozilla/5.0 (compatible; SemrushBot/1.1~bl; +http://www.semrush.com/bot.html)"
95.172.47.196 - - [12/Oct/2016:13:19:30 +0300] "GET / HTTP/1.1" 404 151 "-" "Mozilla/5.0 (Windows NT 5.1; rv:12.0) Gecko/20100101 Firefox/12.0"
192.243.55.129 - - [12/Oct/2016:13:20:25 +0300] "GET /component/mailto?link=6f8db28b333326743f4b8c3772cebe0c0e4c1557&tmpl=component HTTP/1.1" 404 151 "-" "Mozilla/5.0 (compatible; SemrushBot/1.1~bl; +http://www.semrush.com/bot.html)"
192.243.55.137 - - [12/Oct/2016:13:20:37 +0300] "GET /index.php/categories/financial-adviser/item/28-scoring-solutions/categories/financial-adviser/categories/financial-adviser/categories/financial-adviser/categories/financial-adviser/categories/financial-adviser HTTP/1.1" 404 151 "-" "Mozilla/5.0 (compatible; SemrushBot/1.1~bl; +http://www.semrush.com/bot.html)"
192.243.55.136 - - [12/Oct/2016:13:20:55 +0300] "GET /forum/profile.html?user_id=2473 HTTP/1.1" 404 151 "-" "Mozilla/5.0 (compatible; SemrushBot/1.1~bl; +http://www.semrush.com/bot.html)"
192.243.55.136 - - [12/Oct/2016:13:22:39 +0300] "GET /forum/forum.html?filter_order=t.num_replies&filter_order_Dir=desc&id=7 HTTP/1.1" 404 151 "-" "Mozilla/5.0 (compatible; SemrushBot/1.1~bl; +http://www.semrush.com/bot.html)"
192.243.55.129 - - [12/Oct/2016:13:23:16 +0300] "GET /index.php/user/itemlist/category/15-energosbyt/user/user/user HTTP/1.1" 404 151 "-" "Mozilla/5.0 (compatible; SemrushBot/1.1~bl; +http://www.semrush.com/bot.html)"
192.243.55.129 - - [12/Oct/2016:13:23:58 +0300] "GET /service/web-links/search.html HTTP/1.1" 404 151 "-" "Mozilla/5.0 (compatible; SemrushBot/1.1~bl; +http://www.semrush.com/bot.html)"
5.255.253.75 - - [12/Oct/2016:13:24:10 +0300] "GET /robots.txt HTTP/1.1" 404 177 "-" "Mozilla/5.0 (compatible; YandexBot/3.0; +http://yandex.com/bots)"
5.255.253.75 - - [12/Oct/2016:13:24:14 +0300] "GET / HTTP/1.1" 404 151 "-" "Mozilla/5.0 (compatible; YandexBot/3.0; +http://yandex.com/bots)"
192.243.55.136 - - [12/Oct/2016:13:24:20 +0300] "GET /component/mailto?link=78f2aee2ee0addb033ce56b9dd3370b66300c88f&tmpl=component HTTP/1.1" 404 151 "-" "Mozilla/5.0 (compatible; SemrushBot/1.1~bl; +http://www.semrush.com/bot.html)"
192.243.55.136 - - [12/Oct/2016:13:25:37 +0300] "GET /index.php/user/itemlist/tag/%D0%9D%D0%B5%D1%84%D1%82%D0%B5%D1%85%D0%B8%D0%BC%D0%B8%D1%8F/user/user HTTP/1.1" 404 1050 "-" "Mozilla/5.0 (compatible; SemrushBot/1.1~bl; +http://www.semrush.com/bot.html)"
192.243.55.131 - - [12/Oct/2016:13:26:39 +0300] "GET /index.php/categories/financial-adviser/itemlist/tag/%D0%9D%D0%B5%D1%84%D1%82%D0%B5%D1%85%D0%B8%D0%BC%D0%B8%D1%8F/categories/index.php/categories/financial-adviser HTTP/1.1" 404 1073 "-" "Mozilla/5.0 (compatible; SemrushBot/1.1~bl; +http://www.semrush.com/bot.html)"
