192.243.55.136 - - [12/Oct/2016:10:41:33 +0300] "GET /index.php/categories/financial-adviser HTTP/1.1" 404 976 "-" "Mozilla/5.0 (compatible; SemrushBot/1.1~bl; +http://www.semrush.com/bot.html)"
192.243.55.134 - - [12/Oct/2016:10:41:41 +0300] "GET /download/RDU.zip HTTP/1.1" 404 964 "-" "Mozilla/5.0 (compatible; SemrushBot/1.1~bl; +http://www.semrush.com/bot.html)"
157.55.39.213 - - [12/Oct/2016:10:42:02 +0300] "GET / HTTP/1.1" 200 1095 "-" "Mozilla/5.0 (compatible; bingbot/2.0; +http://www.bing.com/bingbot.htm)"
95.79.25.92 - - [12/Oct/2016:10:42:04 +0300] "GET /admin/ HTTP/1.1" 302 5 "-" "Mozilla/5.0 (Windows NT 6.1; WOW64; rv:49.0) Gecko/20100101 Firefox/49.0"
95.79.25.92 - - [12/Oct/2016:10:42:04 +0300] "GET /admin/login/?next=/admin/ HTTP/1.1" 200 879 "-" "Mozilla/5.0 (Windows NT 6.1; WOW64; rv:49.0) Gecko/20100101 Firefox/49.0"
95.79.25.92 - - [12/Oct/2016:10:42:05 +0300] "GET /static/admin/css/base.css HTTP/1.1" 404 151 "http://digital-human.ru/admin/login/?next=/admin/" "Mozilla/5.0 (Windows NT 6.1; WOW64; rv:49.0) Gecko/20100101 Firefox/49.0"
95.79.25.92 - - [12/Oct/2016:10:42:05 +0300] "GET /static/admin/css/login.css HTTP/1.1" 404 151 "http://digital-human.ru/admin/login/?next=/admin/" "Mozilla/5.0 (Windows NT 6.1; WOW64; rv:49.0) Gecko/20100101 Firefox/49.0"
192.243.55.130 - - [12/Oct/2016:10:42:19 +0300] "GET /index.php/component/user/component/user/component/user/component/user/component/user/component/user/ HTTP/1.1" 404 975 "-" "Mozilla/5.0 (compatible; SemrushBot/1.1~bl; +http://www.semrush.com/bot.html)"
192.243.55.132 - - [12/Oct/2016:10:42:23 +0300] "GET /index.php/categories/financial-adviser/itemlist/tag/%D0%9C%D0%B5%D1%82%D0%B0%D0%BB%D0%BB%D1%83%D1%80%D0%B3%D0%B8%D1%8F HTTP/1.1" 404 1068 "-" "Mozilla/5.0 (compatible; SemrushBot/1.1~bl; +http://www.semrush.com/bot.html)"
192.243.55.132 - - [12/Oct/2016:10:42:34 +0300] "GET /index.php/categories/financial-adviser/itemlist/tag/%D0%9C%D0%B5%D1%82%D0%B0%D0%BB%D0%BB%D1%83%D1%80%D0%B3%D0%B8%D1%8F HTTP/1.1" 404 1068 "-" "Mozilla/5.0 (compatible; SemrushBot/1.1~bl; +http://www.semrush.com/bot.html)"
192.243.55.134 - - [12/Oct/2016:10:42:37 +0300] "GET /component/mailto/?link=f35f6a63c0a17aaab33e3116addd0adfee5bcd90&tmpl=component HTTP/1.1" 404 1013 "-" "Mozilla/5.0 (compatible; SemrushBot/1.1~bl; +http://www.semrush.com/bot.html)"
192.243.55.135 - - [12/Oct/2016:10:43:10 +0300] "GET /index.php/categories/metallurgy/itemlist/tag/%D0%AD%D0%BD%D0%B5%D1%80%D0%B3%D0%BE%D1%81%D0%B1%D1%8B%D1%82/categories/metallurgy HTTP/1.1" 404 1066 "-" "Mozilla/5.0 (compatible; SemrushBot/1.1~bl; +http://www.semrush.com/bot.html)"
192.243.55.134 - - [12/Oct/2016:10:43:43 +0300] "GET /index.php/user/itemlist/tag/credit?format=feed&limitstart HTTP/1.1" 404 151 "-" "Mozilla/5.0 (compatible; SemrushBot/1.1~bl; +http://www.semrush.com/bot.html)"
192.243.55.129 - - [12/Oct/2016:10:43:52 +0300] "GET /index.php/categories/itemlist/category/14-petrochemistry/categories/index.php HTTP/1.1" 404 151 "-" "Mozilla/5.0 (compatible; SemrushBot/1.1~bl; +http://www.semrush.com/bot.html)"
192.243.55.129 - - [12/Oct/2016:10:43:57 +0300] "GET /index.php/categories/itemlist/category/14-petrochemistry/categories/index.php HTTP/1.1" 404 151 "-" "Mozilla/5.0 (compatible; SemrushBot/1.1~bl; +http://www.semrush.com/bot.html)"
95.172.47.196 - - [12/Oct/2016:10:44:11 +0300] "GET / HTTP/1.1" 404 151 "-" "Mozilla/5.0 (Windows NT 5.1; rv:12.0) Gecko/20100101 Firefox/12.0"
192.243.55.131 - - [12/Oct/2016:10:44:25 +0300] "GET /index.php/user/itemlist/tag/%D0%9F%D1%80%D0%BE%D0%B3%D0%BD%D0%BE%D0%B7%D0%B8%D1%80%D0%BE%D0%B2%D0%B0%D0%BD%D0%B8%D0%B5/user/user HTTP/1.1" 404 151 "-" "Mozilla/5.0 (compatible; SemrushBot/1.1~bl; +http://www.semrush.com/bot.html)"
192.243.55.135 - - [12/Oct/2016:10:44:36 +0300] "GET /component/user/remind.html HTTP/1.1" 404 151 "-" "Mozilla/5.0 (compatible; SemrushBot/1.1~bl; +http://www.semrush.com/bot.html)"
192.243.55.135 - - [12/Oct/2016:10:44:58 +0300] "GET /index.php/categories/investment-guide/itemlist/tag/%D0%9F%D1%80%D0%BE%D0%B3%D0%BD%D0%BE%D0%B7%D0%B8%D1%80%D0%BE%D0%B2%D0%B0%D0%BD%D0%B8%D0%B5/categories/index.php/categories/index.php HTTP/1.1" 404 151 "-" "Mozilla/5.0 (compatible; SemrushBot/1.1~bl; +http://www.semrush.com/bot.html)"
95.79.25.92 - - [12/Oct/2016:10:45:22 +0300] "GET / HTTP/1.1" 404 151 "-" "Mozilla/5.0 (Windows NT 6.1; WOW64; rv:49.0) Gecko/20100101 Firefox/49.0"
95.79.25.92 - - [12/Oct/2016:10:45:26 +0300] "GET / HTTP/1.1" 404 151 "-" "Mozilla/5.0 (Windows NT 6.1; WOW64; rv:49.0) Gecko/20100101 Firefox/49.0"
192.243.55.134 - - [12/Oct/2016:10:45:26 +0300] "GET /index.php/categories/petrochemistry/itemlist/category/13-metallurgy/categories/petrochemistry/categories/petrochemistry/categories/petrochemistry/categories/petrochemistry HTTP/1.1" 404 151 "-" "Mozilla/5.0 (compatible; SemrushBot/1.1~bl; +http://www.semrush.com/bot.html)"
95.172.47.196 - - [12/Oct/2016:10:45:27 +0300] "GET / HTTP/1.1" 404 151 "-" "Mozilla/5.0 (Windows NT 5.1; rv:12.0) Gecko/20100101 Firefox/12.0"
192.243.55.136 - - [12/Oct/2016:10:45:30 +0300] "GET /index.php/component/mailto/?link=68567e80b39a10ff36113918f5d62f3799717825&tmpl=component HTTP/1.1" 404 151 "-" "Mozilla/5.0 (compatible; SemrushBot/1.1~bl; +http://www.semrush.com/bot.html)"
192.243.55.136 - - [12/Oct/2016:10:45:50 +0300] "GET /index.php/component/mailto/?link=68567e80b39a10ff36113918f5d62f3799717825&tmpl=component HTTP/1.1" 404 151 "-" "Mozilla/5.0 (compatible; SemrushBot/1.1~bl; +http://www.semrush.com/bot.html)"
95.79.25.92 - - [12/Oct/2016:10:45:51 +0300] "GET / HTTP/1.1" 404 151 "-" "Mozilla/5.0 (Windows NT 6.1; WOW64; rv:49.0) Gecko/20100101 Firefox/49.0"
192.243.55.138 - - [12/Oct/2016:10:46:46 +0300] "GET /index.php/categories/energosbyt/item/42-ars-more?print=1&tmpl=component HTTP/1.1" 404 151 "-" "Mozilla/5.0 (compatible; SemrushBot/1.1~bl; +http://www.semrush.com/bot.html)"
95.79.25.92 - - [12/Oct/2016:10:46:47 +0300] "GET / HTTP/1.1" 404 151 "-" "Mozilla/5.0 (Windows NT 6.1; WOW64; rv:49.0) Gecko/20100101 Firefox/49.0"
192.243.55.137 - - [12/Oct/2016:10:46:47 +0300] "GET /Rech/plan/forecast_elektra2_l.jpg HTTP/1.1" 404 151 "-" "Mozilla/5.0 (compatible; SemrushBot/1.1~bl; +http://www.semrush.com/bot.html)"
95.79.25.92 - - [12/Oct/2016:10:46:49 +0300] "GET / HTTP/1.1" 404 151 "-" "Mozilla/5.0 (Windows NT 6.1; WOW64; rv:49.0) Gecko/20100101 Firefox/49.0"
192.243.55.137 - - [12/Oct/2016:10:47:11 +0300] "GET /index.php/categories/investment-guide/itemlist/tag/%D0%AD%D0%BD%D0%B5%D1%80%D0%B3%D0%BE%D1%81%D0%B1%D1%8B%D1%82/categories/investment-guide/categories/index.php HTTP/1.1" 404 151 "-" "Mozilla/5.0 (compatible; SemrushBot/1.1~bl; +http://www.semrush.com/bot.html)"
192.243.55.133 - - [12/Oct/2016:10:47:17 +0300] "GET /index.php/categories/petrochemistry/itemlist/category/7-power-consumption/categories/petrochemistry HTTP/1.1" 404 151 "-" "Mozilla/5.0 (compatible; SemrushBot/1.1~bl; +http://www.semrush.com/bot.html)"
192.243.55.137 - - [12/Oct/2016:10:47:50 +0300] "GET /index.php/component/mailto?link=aHR0cDovL2JpLWdyb3VwbGFicy5ydS9pbmRleC5waHAvY2F0ZWdvcmllcy9lbmVyZ29zYnl0L2l0ZW0vNDEtcmVjb21tZW5kYXRvcnktc3lzdGVtL2NhdGVnb3JpZXMvaW5kZXgucGhw&tmpl=component HTTP/1.1" 404 151 "-" "Mozilla/5.0 (compatible; SemrushBot/1.1~bl; +http://www.semrush.com/bot.html)"
192.243.55.137 - - [12/Oct/2016:10:48:04 +0300] "GET /index.php/component/mailto?link=aHR0cDovL2JpLWdyb3VwbGFicy5ydS9pbmRleC5waHAvY2F0ZWdvcmllcy9lbmVyZ29zYnl0L2l0ZW0vNDEtcmVjb21tZW5kYXRvcnktc3lzdGVtL2NhdGVnb3JpZXMvaW5kZXgucGhw&tmpl=component HTTP/1.1" 404 151 "-" "Mozilla/5.0 (compatible; SemrushBot/1.1~bl; +http://www.semrush.com/bot.html)"
192.243.55.131 - - [12/Oct/2016:10:48:09 +0300] "GET /index.php/categories/market-center/itemlist/category/7-power-consumption/categories/market-center/categories/market-center/categories/index.php HTTP/1.1" 404 151 "-" "Mozilla/5.0 (compatible; SemrushBot/1.1~bl; +http://www.semrush.com/bot.html)"
192.243.55.138 - - [12/Oct/2016:10:48:11 +0300] "GET /about-service.html?page&print=1&tmpl=component HTTP/1.1" 404 151 "-" "Mozilla/5.0 (compatible; SemrushBot/1.1~bl; +http://www.semrush.com/bot.html)"
192.243.55.131 - - [12/Oct/2016:10:48:26 +0300] "GET /index.php/component/mailto?link=aHR0cDovL2JpLWdyb3VwbGFicy5ydS9pbmRleC5waHAvY2F0ZWdvcmllcy9pbnZlc3RtZW50LWd1aWRlL2l0ZW0vNDItYXJzLW1vcmUvY2F0ZWdvcmllcy9pbnZlc3RtZW50LWd1aWRl&tmpl=component HTTP/1.1" 404 151 "-" "Mozilla/5.0 (compatible; SemrushBot/1.1~bl; +http://www.semrush.com/bot.html)"
192.243.55.130 - - [12/Oct/2016:10:48:56 +0300] "GET /component/mailto/?link=934f36b320516d0740585076b1c79a58a87a972d&tmpl=component HTTP/1.1" 404 151 "-" "Mozilla/5.0 (compatible; SemrushBot/1.1~bl; +http://www.semrush.com/bot.html)"
192.243.55.136 - - [12/Oct/2016:10:49:11 +0300] "GET /index.php/categories/metallurgy/itemlist/category/7-power-consumption/categories/metallurgy/categories/index.php/categories/metallurgy/categories/metallurgy HTTP/1.1" 404 151 "-" "Mozilla/5.0 (compatible; SemrushBot/1.1~bl; +http://www.semrush.com/bot.html)"
192.243.55.135 - - [12/Oct/2016:10:49:46 +0300] "GET /index.php/categories/financial-adviser/itemlist/category/15-energosbyt/categories/financial-adviser/categories/index.php/categories/financial-adviser HTTP/1.1" 404 151 "-" "Mozilla/5.0 (compatible; SemrushBot/1.1~bl; +http://www.semrush.com/bot.html)"
192.243.55.135 - - [12/Oct/2016:10:50:00 +0300] "GET /index.php?Itemid=84&choose=3&option=com_eventtableedit&page=1&task=saveOrder HTTP/1.1" 404 151 "-" "Mozilla/5.0 (compatible; SemrushBot/1.1~bl; +http://www.semrush.com/bot.html)"
192.243.55.135 - - [12/Oct/2016:10:50:47 +0300] "GET /component/user HTTP/1.1" 404 151 "-" "Mozilla/5.0 (compatible; SemrushBot/1.1~bl; +http://www.semrush.com/bot.html)"
192.243.55.133 - - [12/Oct/2016:10:50:56 +0300] "GET /index.php/categories/petrochemistry/itemlist/tag/%D0%9D%D0%B5%D1%84%D1%82%D0%B5%D1%85%D0%B8%D0%BC%D0%B8%D1%8F/categories/petrochemistry/categories/petrochemistry/categories/petrochemistry HTTP/1.1" 404 151 "-" "Mozilla/5.0 (compatible; SemrushBot/1.1~bl; +http://www.semrush.com/bot.html)"
192.243.55.135 - - [12/Oct/2016:10:50:58 +0300] "GET /component/user HTTP/1.1" 404 151 "-" "Mozilla/5.0 (compatible; SemrushBot/1.1~bl; +http://www.semrush.com/bot.html)"
192.243.55.130 - - [12/Oct/2016:10:51:01 +0300] "GET /index.php/component/user/component/user/component/user/component/index.php/component/user/ HTTP/1.1" 404 151 "-" "Mozilla/5.0 (compatible; SemrushBot/1.1~bl; +http://www.semrush.com/bot.html)"
192.243.55.138 - - [12/Oct/2016:10:51:28 +0300] "GET /index.php/component/mailto?link=aHR0cDovL2JpLWdyb3VwbGFicy5ydS9pbmRleC5waHAvY2F0ZWdvcmllcy9pbnZlc3RtZW50LWd1aWRlL2l0ZW0vNDEtcmVjb21tZW5kYXRvcnktc3lzdGVtL2NhdGVnb3JpZXMvaW52ZXN0bWVudC1ndWlkZQ%3D%3D&tmpl=component HTTP/1.1" 404 151 "-" "Mozilla/5.0 (compatible; SemrushBot/1.1~bl; +http://www.semrush.com/bot.html)"
192.243.55.130 - - [12/Oct/2016:10:51:32 +0300] "GET /Rech/banks/creditCastumer.html HTTP/1.1" 404 151 "-" "Mozilla/5.0 (compatible; SemrushBot/1.1~bl; +http://www.semrush.com/bot.html)"
95.172.47.196 - - [12/Oct/2016:10:52:09 +0300] "GET / HTTP/1.1" 404 151 "-" "Mozilla/5.0 (Windows NT 5.1; rv:12.0) Gecko/20100101 Firefox/12.0"
192.243.55.137 - - [12/Oct/2016:10:52:25 +0300] "GET /index.php/categories/petrochemistry/itemlist/category/7-power-consumption/categories/petrochemistry/categories/index.php HTTP/1.1" 404 151 "-" "Mozilla/5.0 (compatible; SemrushBot/1.1~bl; +http://www.semrush.com/bot.html)"
192.243.55.138 - - [12/Oct/2016:10:53:04 +0300] "GET /index.php/categories/financial-adviser/itemlist/tag/%D0%9D%D0%B5%D1%84%D1%82%D0%B5%D1%85%D0%B8%D0%BC%D0%B8%D1%8F/categories/financial-adviser HTTP/1.1" 404 151 "-" "Mozilla/5.0 (compatible; SemrushBot/1.1~bl; +http://www.semrush.com/bot.html)"
192.243.55.133 - - [12/Oct/2016:10:53:07 +0300] "GET /index.php/component/content/article/34/72/component/index.php HTTP/1.1" 404 151 "-" "Mozilla/5.0 (compatible; SemrushBot/1.1~bl; +http://www.semrush.com/bot.html)"
192.243.55.133 - - [12/Oct/2016:10:53:13 +0300] "GET /index.php/component/content/article/34/72/component/index.php HTTP/1.1" 404 151 "-" "Mozilla/5.0 (compatible; SemrushBot/1.1~bl; +http://www.semrush.com/bot.html)"
192.243.55.130 - - [12/Oct/2016:10:53:38 +0300] "GET /Product/DEDUCTOR/ded5warehouse.html HTTP/1.1" 404 980 "-" "Mozilla/5.0 (compatible; SemrushBot/1.1~bl; +http://www.semrush.com/bot.html)"
192.243.55.130 - - [12/Oct/2016:10:54:03 +0300] "GET /Product/DEDUCTOR/ded5warehouse.html HTTP/1.1" 404 980 "-" "Mozilla/5.0 (compatible; SemrushBot/1.1~bl; +http://www.semrush.com/bot.html)"
192.243.55.138 - - [12/Oct/2016:10:54:16 +0300] "GET /index.php/categories/financial-adviser/itemlist/tag/%D0%9D%D0%B5%D1%84%D1%82%D0%B5%D1%85%D0%B8%D0%BC%D0%B8%D1%8F/categories/financial-adviser HTTP/1.1" 404 1069 "-" "Mozilla/5.0 (compatible; SemrushBot/1.1~bl; +http://www.semrush.com/bot.html)"
192.243.55.135 - - [12/Oct/2016:10:54:26 +0300] "GET /index.php/services/trainings/ars/services/trainings/index.php HTTP/1.1" 404 985 "-" "Mozilla/5.0 (compatible; SemrushBot/1.1~bl; +http://www.semrush.com/bot.html)"
192.243.55.137 - - [12/Oct/2016:10:54:51 +0300] "GET /Rech/electricity/hubs_3.png HTTP/1.1" 404 974 "-" "Mozilla/5.0 (compatible; SemrushBot/1.1~bl; +http://www.semrush.com/bot.html)"
95.79.25.92 - - [12/Oct/2016:10:55:15 +0300] "GET / HTTP/1.1" 200 1095 "-" "Mozilla/5.0 (Windows NT 6.1; WOW64; rv:49.0) Gecko/20100101 Firefox/49.0"
192.243.55.133 - - [12/Oct/2016:10:55:17 +0300] "GET /index.php/user/item/42-ars-more/user/index.php/index.php HTTP/1.1" 404 983 "-" "Mozilla/5.0 (compatible; SemrushBot/1.1~bl; +http://www.semrush.com/bot.html)"
192.243.55.136 - - [12/Oct/2016:10:55:26 +0300] "GET /Product/ERP HTTP/1.1" 404 959 "-" "Mozilla/5.0 (compatible; SemrushBot/1.1~bl; +http://www.semrush.com/bot.html)"
192.243.55.136 - - [12/Oct/2016:10:55:43 +0300] "GET /Product/ERP HTTP/1.1" 404 959 "-" "Mozilla/5.0 (compatible; SemrushBot/1.1~bl; +http://www.semrush.com/bot.html)"
95.79.25.92 - - [12/Oct/2016:10:55:46 +0300] "GET /admin HTTP/1.1" 301 5 "-" "Mozilla/5.0 (Windows NT 6.1; WOW64; rv:49.0) Gecko/20100101 Firefox/49.0"
95.79.25.92 - - [12/Oct/2016:10:55:46 +0300] "GET /admin/ HTTP/1.1" 302 5 "-" "Mozilla/5.0 (Windows NT 6.1; WOW64; rv:49.0) Gecko/20100101 Firefox/49.0"
95.79.25.92 - - [12/Oct/2016:10:55:46 +0300] "GET /admin/login/?next=/admin/ HTTP/1.1" 200 880 "-" "Mozilla/5.0 (Windows NT 6.1; WOW64; rv:49.0) Gecko/20100101 Firefox/49.0"
95.79.25.92 - - [12/Oct/2016:10:55:47 +0300] "GET /static/admin/css/base.css HTTP/1.1" 404 151 "http://bi-grouplabs.ru/admin/login/?next=/admin/" "Mozilla/5.0 (Windows NT 6.1; WOW64; rv:49.0) Gecko/20100101 Firefox/49.0"
95.79.25.92 - - [12/Oct/2016:10:55:47 +0300] "GET /static/admin/css/login.css HTTP/1.1" 404 151 "http://bi-grouplabs.ru/admin/login/?next=/admin/" "Mozilla/5.0 (Windows NT 6.1; WOW64; rv:49.0) Gecko/20100101 Firefox/49.0"
95.79.25.92 - - [12/Oct/2016:10:56:25 +0300] "GET / HTTP/1.1" 404 151 "-" "Mozilla/5.0 (Windows NT 6.1; WOW64; rv:49.0) Gecko/20100101 Firefox/49.0"
95.79.25.92 - - [12/Oct/2016:10:56:27 +0300] "GET / HTTP/1.1" 404 151 "-" "Mozilla/5.0 (Windows NT 6.1; WOW64; rv:49.0) Gecko/20100101 Firefox/49.0"
95.79.25.92 - - [12/Oct/2016:10:56:48 +0300] "GET / HTTP/1.1" 404 151 "-" "Mozilla/5.0 (Windows NT 6.1; WOW64; rv:49.0) Gecko/20100101 Firefox/49.0"
95.79.25.92 - - [12/Oct/2016:10:56:56 +0300] "GET / HTTP/1.1" 200 1095 "-" "Mozilla/5.0 (Windows NT 6.1; WOW64; rv:49.0) Gecko/20100101 Firefox/49.0"
192.243.55.132 - - [12/Oct/2016:10:57:19 +0300] "GET /index.php/categories/metallurgy/itemlist/category/15-energosbyt/categories/index.php/categories/metallurgy/categories/metallurgy/categories/metallurgy HTTP/1.1" 404 151 "-" "Mozilla/5.0 (compatible; SemrushBot/1.1~bl; +http://www.semrush.com/bot.html)"
192.243.55.136 - - [12/Oct/2016:10:57:19 +0300] "GET /index.php/user/itemlist/tag/%D0%A0%D0%B5%D0%BA%D0%BE%D0%BC%D0%B5%D0%BD%D0%B4%D0%B0%D1%82%D0%B5%D0%BB%D1%8C%D0%BD%D0%B0%D1%8F%20%D1%81%D0%B8%D1%81%D1%82%D0%B5%D0%BC%D0%B0/user/user HTTP/1.1" 404 151 "-" "Mozilla/5.0 (compatible; SemrushBot/1.1~bl; +http://www.semrush.com/bot.html)"
192.243.55.132 - - [12/Oct/2016:10:57:28 +0300] "GET /index.php/categories/metallurgy/itemlist/category/15-energosbyt/categories/index.php/categories/metallurgy/categories/metallurgy/categories/metallurgy HTTP/1.1" 404 151 "-" "Mozilla/5.0 (compatible; SemrushBot/1.1~bl; +http://www.semrush.com/bot.html)"
192.243.55.132 - - [12/Oct/2016:10:57:40 +0300] "GET /Rech/electricity/Price_Forecasting_RSV.html HTTP/1.1" 404 151 "-" "Mozilla/5.0 (compatible; SemrushBot/1.1~bl; +http://www.semrush.com/bot.html)"
192.243.55.132 - - [12/Oct/2016:10:58:10 +0300] "GET /Rech/electricity/Price_Forecasting_RSV.html HTTP/1.1" 404 151 "-" "Mozilla/5.0 (compatible; SemrushBot/1.1~bl; +http://www.semrush.com/bot.html)"
192.243.55.132 - - [12/Oct/2016:10:58:28 +0300] "GET /index.php/user/itemlist/tag/%D0%9D%D0%B5%D1%84%D1%82%D0%B5%D1%85%D0%B8%D0%BC%D0%B8%D1%8F/user/user/user HTTP/1.1" 404 151 "-" "Mozilla/5.0 (compatible; SemrushBot/1.1~bl; +http://www.semrush.com/bot.html)"
192.243.55.132 - - [12/Oct/2016:10:58:29 +0300] "GET /Rech/electricity/Price_Forecasting_RSV.html HTTP/1.1" 404 151 "-" "Mozilla/5.0 (compatible; SemrushBot/1.1~bl; +http://www.semrush.com/bot.html)"
95.79.25.92 - - [12/Oct/2016:10:58:33 +0300] "GET / HTTP/1.1" 404 151 "-" "Mozilla/5.0 (Windows NT 6.1; WOW64; rv:49.0) Gecko/20100101 Firefox/49.0"
192.243.55.132 - - [12/Oct/2016:10:58:34 +0300] "GET /index.php/user/itemlist/tag/%D0%9D%D0%B5%D1%84%D1%82%D0%B5%D1%85%D0%B8%D0%BC%D0%B8%D1%8F/user/user/user HTTP/1.1" 404 151 "-" "Mozilla/5.0 (compatible; SemrushBot/1.1~bl; +http://www.semrush.com/bot.html)"
95.79.25.92 - - [12/Oct/2016:10:58:35 +0300] "GET / HTTP/1.1" 404 151 "-" "Mozilla/5.0 (Windows NT 6.1; WOW64; rv:49.0) Gecko/20100101 Firefox/49.0"
192.243.55.135 - - [12/Oct/2016:10:58:36 +0300] "GET /index.php/section-blog/28-current-users?start=5 HTTP/1.1" 404 151 "-" "Mozilla/5.0 (compatible; SemrushBot/1.1~bl; +http://www.semrush.com/bot.html)"
192.243.55.131 - - [12/Oct/2016:10:58:58 +0300] "GET /component/mailto?link=5dee47d069a0ccf734ced7ee0239485febd09a7a&tmpl=component HTTP/1.1" 404 151 "-" "Mozilla/5.0 (compatible; SemrushBot/1.1~bl; +http://www.semrush.com/bot.html)"
192.243.55.135 - - [12/Oct/2016:10:59:35 +0300] "GET /index.php/component/mailto?link=aHR0cDovL3d3dy5iaS1ncm91cGxhYnMucnUvaW5kZXgucGhwL2NhdGVnb3JpZXMvZmluYW5jaWFsLWFkdmlzZXIvaXRlbS8yOC1zY29yaW5nLXNvbHV0aW9ucy9jYXRlZ29yaWVzL2luZGV4LnBocC9jYXRlZ29yaWVzL2ZpbmFuY2lhbC1hZHZpc2Vy&tmpl=component HTTP/1.1" 404 151 "-" "Mozilla/5.0 (compatible; SemrushBot/1.1~bl; +http://www.semrush.com/bot.html)"
95.79.25.92 - - [12/Oct/2016:11:00:06 +0300] "GET / HTTP/1.1" 200 1095 "-" "Mozilla/5.0 (Windows NT 6.1; WOW64; rv:49.0) Gecko/20100101 Firefox/49.0"
95.79.25.92 - - [12/Oct/2016:11:00:15 +0300] "GET / HTTP/1.1" 200 1095 "-" "Mozilla/5.0 (Windows NT 6.1; WOW64; rv:49.0) Gecko/20100101 Firefox/49.0"
192.243.55.131 - - [12/Oct/2016:11:00:17 +0300] "GET /Rech/electricity/ascae.html HTTP/1.1" 499 0 "-" "Mozilla/5.0 (compatible; SemrushBot/1.1~bl; +http://www.semrush.com/bot.html)"
95.79.25.92 - - [12/Oct/2016:11:00:19 +0300] "GET / HTTP/1.1" 200 1095 "-" "Mozilla/5.0 (Windows NT 6.1; WOW64; rv:49.0) Gecko/20100101 Firefox/49.0"
192.243.55.131 - - [12/Oct/2016:11:00:22 +0300] "GET /Rech/electricity/ascae.html HTTP/1.1" 404 971 "-" "Mozilla/5.0 (compatible; SemrushBot/1.1~bl; +http://www.semrush.com/bot.html)"
192.243.55.137 - - [12/Oct/2016:11:00:44 +0300] "GET /forecasts-english-premier-league-/forecasts-table-english-premier-league-.html?filternach&limit=10&page=13 HTTP/1.1" 404 1023 "-" "Mozilla/5.0 (compatible; SemrushBot/1.1~bl; +http://www.semrush.com/bot.html)"
192.243.55.134 - - [12/Oct/2016:11:01:05 +0300] "GET /index.php/categories/financial-adviser/item/28-scoring-solutions/categories/financial-adviser/categories/index.php/categories/financial-adviser/categories/index.php HTTP/1.1" 404 1017 "-" "Mozilla/5.0 (compatible; SemrushBot/1.1~bl; +http://www.semrush.com/bot.html)"
157.55.39.170 - - [12/Oct/2016:11:01:12 +0300] "GET / HTTP/1.1" 200 1095 "-" "Mozilla/5.0 (compatible; bingbot/2.0; +http://www.bing.com/bingbot.htm)"
192.243.55.130 - - [12/Oct/2016:11:01:14 +0300] "GET /index.php/categories/metallurgy/item/42-ars-more?print=1&tmpl=component HTTP/1.1" 404 1010 "-" "Mozilla/5.0 (compatible; SemrushBot/1.1~bl; +http://www.semrush.com/bot.html)"
192.243.55.135 - - [12/Oct/2016:11:01:34 +0300] "GET /index.php/component/mailto?link=77700adfff6998f68a493de7de15a1d30df743b6&tmpl=component HTTP/1.1" 404 1024 "-" "Mozilla/5.0 (compatible; SemrushBot/1.1~bl; +http://www.semrush.com/bot.html)"
192.243.55.134 - - [12/Oct/2016:11:01:54 +0300] "GET /forum/profile/preview.html?user_id=3363 HTTP/1.1" 404 979 "-" "Mozilla/5.0 (compatible; SemrushBot/1.1~bl; +http://www.semrush.com/bot.html)"
192.243.55.138 - - [12/Oct/2016:11:02:13 +0300] "GET /index.php/categories/market-center/itemlist/tag/%D0%9D%D0%B5%D1%84%D1%82%D0%B5%D1%85%D0%B8%D0%BC%D0%B8%D1%8F/categories/market-center HTTP/1.1" 404 151 "-" "Mozilla/5.0 (compatible; SemrushBot/1.1~bl; +http://www.semrush.com/bot.html)"
95.79.25.92 - - [12/Oct/2016:11:02:21 +0300] "GET / HTTP/1.1" 404 151 "-" "Mozilla/5.0 (Windows NT 6.1; WOW64; rv:49.0) Gecko/20100101 Firefox/49.0"
192.243.55.134 - - [12/Oct/2016:11:02:46 +0300] "GET /index.php/component/mailto?link=aHR0cDovL3d3dy5iaS1ncm91cGxhYnMucnUvaW5kZXgucGhwL2NhdGVnb3JpZXMvbWV0YWxsdXJneS9pdGVtLzQyLWFycy1tb3Jl&tmpl=component HTTP/1.1" 404 151 "-" "Mozilla/5.0 (compatible; SemrushBot/1.1~bl; +http://www.semrush.com/bot.html)"
192.243.55.134 - - [12/Oct/2016:11:02:55 +0300] "GET /index.php/component/mailto?link=aHR0cDovL3d3dy5iaS1ncm91cGxhYnMucnUvaW5kZXgucGhwL2NhdGVnb3JpZXMvbWV0YWxsdXJneS9pdGVtLzQyLWFycy1tb3Jl&tmpl=component HTTP/1.1" 404 151 "-" "Mozilla/5.0 (compatible; SemrushBot/1.1~bl; +http://www.semrush.com/bot.html)"
192.243.55.137 - - [12/Oct/2016:11:03:02 +0300] "GET /index.php/categories/financial-adviser/item/28-scoring-solutions/categories/index.php/categories/financial-adviser/categories/financial-adviser HTTP/1.1" 404 151 "-" "Mozilla/5.0 (compatible; SemrushBot/1.1~bl; +http://www.semrush.com/bot.html)"
192.243.55.135 - - [12/Oct/2016:11:03:14 +0300] "GET /index.php/category-table/29-what-is-the-purpose-of-the-collation-selection-in-the-installation-screen?format=pdf HTTP/1.1" 404 151 "-" "Mozilla/5.0 (compatible; SemrushBot/1.1~bl; +http://www.semrush.com/bot.html)"
192.243.55.137 - - [12/Oct/2016:11:03:21 +0300] "GET /index.php/categories/financial-adviser/item/28-scoring-solutions/categories/index.php/categories/financial-adviser/categories/financial-adviser HTTP/1.1" 404 151 "-" "Mozilla/5.0 (compatible; SemrushBot/1.1~bl; +http://www.semrush.com/bot.html)"
192.243.55.138 - - [12/Oct/2016:11:03:46 +0300] "GET /football_stat/spain/round19.htm HTTP/1.1" 404 151 "-" "Mozilla/5.0 (compatible; SemrushBot/1.1~bl; +http://www.semrush.com/bot.html)"
192.243.55.130 - - [12/Oct/2016:11:03:49 +0300] "GET /index.php/categories/investment-guide/itemlist/category/11-recommendatory-system-ars/categories/index.php/categories/investment-guide HTTP/1.1" 404 151 "-" "Mozilla/5.0 (compatible; SemrushBot/1.1~bl; +http://www.semrush.com/bot.html)"
144.76.80.151 - - [12/Oct/2016:11:04:13 +0300] "GET /robots.txt HTTP/1.0" 404 579 "-" "Mozilla/5.0 (compatible; MSIE 10.0; Windows NT 6.1; Trident/6.0; SLCC2; .NET CLR 2.0.50727; .NET CLR 3.5.30729; .NET CLR 3.0.30729; Media Center PC 6.0; .NET4.0C; AskTbORJ/5.15.23.36191)"
192.243.55.138 - - [12/Oct/2016:11:04:23 +0300] "GET /football_stat/spain/round19.htm HTTP/1.1" 404 151 "-" "Mozilla/5.0 (compatible; SemrushBot/1.1~bl; +http://www.semrush.com/bot.html)"
192.243.55.138 - - [12/Oct/2016:11:04:30 +0300] "GET /index.php/categories/petrochemistry/itemlist/category/14-petrochemistry/categories/index.php/categories/petrochemistry HTTP/1.1" 404 151 "-" "Mozilla/5.0 (compatible; SemrushBot/1.1~bl; +http://www.semrush.com/bot.html)"
192.243.55.138 - - [12/Oct/2016:11:04:34 +0300] "GET /football_stat/spain/round19.htm HTTP/1.1" 404 151 "-" "Mozilla/5.0 (compatible; SemrushBot/1.1~bl; +http://www.semrush.com/bot.html)"
192.243.55.131 - - [12/Oct/2016:11:04:38 +0300] "GET /forecasts-english-premier-league-/forecasts-soccer.html?filternach&limit=70&page=9 HTTP/1.1" 404 151 "-" "Mozilla/5.0 (compatible; SemrushBot/1.1~bl; +http://www.semrush.com/bot.html)"
192.243.55.131 - - [12/Oct/2016:11:05:20 +0300] "GET /index.php/categories/metallurgy/item/41-recommendatory-system/categories/metallurgy/categories/index.php/categories/metallurgy HTTP/1.1" 404 151 "-" "Mozilla/5.0 (compatible; SemrushBot/1.1~bl; +http://www.semrush.com/bot.html)"
192.243.55.131 - - [12/Oct/2016:11:05:35 +0300] "GET /index.php/component/mailto?link=aHR0cDovL2JpLWdyb3VwbGFicy5ydS9pbmRleC5waHAvdXNlci9pdGVtLzQyLWFycy1tb3Jl&tmpl=component HTTP/1.1" 404 151 "-" "Mozilla/5.0 (compatible; SemrushBot/1.1~bl; +http://www.semrush.com/bot.html)"
192.243.55.133 - - [12/Oct/2016:11:06:14 +0300] "GET /index.php/user/itemlist/tag/%D0%AD%D0%BD%D0%B5%D1%80%D0%B3%D0%B5%D1%82%D0%B8%D0%BA%D0%B0/user/user HTTP/1.1" 404 151 "-" "Mozilla/5.0 (compatible; SemrushBot/1.1~bl; +http://www.semrush.com/bot.html)"
192.243.55.130 - - [12/Oct/2016:11:06:40 +0300] "GET /index.php/categories/metallurgy/item/42-ars-more/categories/index.php/categories/metallurgy/categories/metallurgy/categories/metallurgy HTTP/1.1" 404 151 "-" "Mozilla/5.0 (compatible; SemrushBot/1.1~bl; +http://www.semrush.com/bot.html)"
192.243.55.130 - - [12/Oct/2016:11:06:48 +0300] "GET /index.php/component/mailto/?link=aHR0cDovL3d3dy5iaS1ncm91cGxhYnMucnUvaW5kZXgucGhwL2NhdGVnb3JpZXMvZmluYW5jaWFsLWFkdmlzZXIvaXRlbS8yOC1zY29yaW5nLXNvbHV0aW9ucy9jYXRlZ29yaWVzL2ZpbmFuY2lhbC1hZHZpc2VyL2NhdGVnb3JpZXMvZmluYW5jaWFsLWFkdmlzZXIvY2F0ZWdvcmllcy9maW5hbmNpYWwtYWR2aXNlci9jYXRlZ29yaWVzL2ZpbmFuY2lhbC1hZHZpc2VyL2NhdGVnb3JpZXMvZmluYW5jaWFsLWFkdmlzZXI%3D&tmpl=component HTTP/1.1" 404 151 "-" "Mozilla/5.0 (compatible; SemrushBot/1.1~bl; +http://www.semrush.com/bot.html)"
192.243.55.130 - - [12/Oct/2016:11:06:48 +0300] "GET /index.php/categories/metallurgy/item/42-ars-more/categories/index.php/categories/metallurgy/categories/metallurgy/categories/metallurgy HTTP/1.1" 404 151 "-" "Mozilla/5.0 (compatible; SemrushBot/1.1~bl; +http://www.semrush.com/bot.html)"
192.243.55.129 - - [12/Oct/2016:11:07:16 +0300] "GET /forecasts-english-premier-league-/forecasts-table-english-premier-league-.html?filternach&limit=10&page=23 HTTP/1.1" 404 151 "-" "Mozilla/5.0 (compatible; SemrushBot/1.1~bl; +http://www.semrush.com/bot.html)"
192.243.55.130 - - [12/Oct/2016:11:08:05 +0300] "GET /index.php/component/mailto?link=aHR0cDovL3d3dy5iaS1ncm91cGxhYnMucnUvaW5kZXgucGhwL2NhdGVnb3JpZXMvbWFya2V0LWNlbnRlci9pdGVtLzQxLXJlY29tbWVuZGF0b3J5LXN5c3RlbS9jYXRlZ29yaWVzL21hcmtldC1jZW50ZXI%3D&tmpl=component HTTP/1.1" 404 151 "-" "Mozilla/5.0 (compatible; SemrushBot/1.1~bl; +http://www.semrush.com/bot.html)"
66.249.76.66 - - [12/Oct/2016:11:08:45 +0300] "GET /index.php/categories/petrochemistry/item/41-recommendatory-system HTTP/1.1" 404 208 "-" "Mozilla/5.0 (Linux; Android 6.0.1; Nexus 5X Build/MMB29P) AppleWebKit/537.36 (KHTML, like Gecko) Chrome/41.0.2272.96 Mobile Safari/537.36 (compatible; Googlebot/2.1; +http://www.google.com/bot.html)"
192.243.55.137 - - [12/Oct/2016:11:08:57 +0300] "GET /index.php/categories/energosbyt/categories/energosbyt HTTP/1.1" 404 151 "-" "Mozilla/5.0 (compatible; SemrushBot/1.1~bl; +http://www.semrush.com/bot.html)"
192.243.55.132 - - [12/Oct/2016:11:09:41 +0300] "GET /index.php/component/user/index.php/component/user/ HTTP/1.1" 404 151 "-" "Mozilla/5.0 (compatible; SemrushBot/1.1~bl; +http://www.semrush.com/bot.html)"
192.243.55.132 - - [12/Oct/2016:11:09:54 +0300] "GET /index.php/categories/itemlist/category/7-power-consumption/index.php HTTP/1.1" 404 151 "-" "Mozilla/5.0 (compatible; SemrushBot/1.1~bl; +http://www.semrush.com/bot.html)"
192.243.55.133 - - [12/Oct/2016:11:10:02 +0300] "GET /blog/robotics/index.php HTTP/1.1" 404 151 "-" "Mozilla/5.0 (compatible; SemrushBot/1.1~bl; +http://www.semrush.com/bot.html)"
192.243.55.138 - - [12/Oct/2016:11:10:21 +0300] "GET /index.php/component/content/article/34-template-articles/71-price-forecasting-rsv/component/content HTTP/1.1" 404 151 "-" "Mozilla/5.0 (compatible; SemrushBot/1.1~bl; +http://www.semrush.com/bot.html)"
192.243.55.138 - - [12/Oct/2016:11:11:10 +0300] "GET /index.php/categories/market-center/item/42-ars-more HTTP/1.1" 404 151 "-" "Mozilla/5.0 (compatible; SemrushBot/1.1~bl; +http://www.semrush.com/bot.html)"
192.243.55.133 - - [12/Oct/2016:11:11:23 +0300] "GET /index.php/categories/metallurgy/item/41-recommendatory-system/categories/index.php/categories/index.php HTTP/1.1" 404 151 "-" "Mozilla/5.0 (compatible; SemrushBot/1.1~bl; +http://www.semrush.com/bot.html)"
192.243.55.138 - - [12/Oct/2016:11:11:39 +0300] "GET /index.php/component/mailto?link=aHR0cDovL2JpLWdyb3VwbGFicy5ydS9pbmRleC5waHAvY2F0ZWdvcmllcy9tZXRhbGx1cmd5L2l0ZW0vNDItYXJzLW1vcmUvY2F0ZWdvcmllcy9pbmRleC5waHA%3D&tmpl=component HTTP/1.1" 404 151 "-" "Mozilla/5.0 (compatible; SemrushBot/1.1~bl; +http://www.semrush.com/bot.html)"
192.243.55.138 - - [12/Oct/2016:11:11:57 +0300] "GET /index.php/component/mailto?link=aHR0cDovL2JpLWdyb3VwbGFicy5ydS9pbmRleC5waHAvY2F0ZWdvcmllcy9tZXRhbGx1cmd5L2l0ZW0vNDItYXJzLW1vcmUvY2F0ZWdvcmllcy9pbmRleC5waHA%3D&tmpl=component HTTP/1.1" 404 151 "-" "Mozilla/5.0 (compatible; SemrushBot/1.1~bl; +http://www.semrush.com/bot.html)"
192.243.55.137 - - [12/Oct/2016:11:11:59 +0300] "GET /index.php/services/outsourcing-menu?page&print=1&tmpl=component HTTP/1.1" 404 151 "-" "Mozilla/5.0 (compatible; SemrushBot/1.1~bl; +http://www.semrush.com/bot.html)"
192.243.55.131 - - [12/Oct/2016:11:12:25 +0300] "GET /index.php/categories/metallurgy/itemlist/category/13-metallurgy/categories/metallurgy/categories/index.php HTTP/1.1" 404 151 "-" "Mozilla/5.0 (compatible; SemrushBot/1.1~bl; +http://www.semrush.com/bot.html)"
192.243.55.129 - - [12/Oct/2016:11:13:12 +0300] "GET /index.php/categories/financial-adviser/itemlist/category/11-recommendatory-system-ars/categories/financial-adviser/categories/index.php HTTP/1.1" 404 151 "-" "Mozilla/5.0 (compatible; SemrushBot/1.1~bl; +http://www.semrush.com/bot.html)"
192.243.55.137 - - [12/Oct/2016:11:13:31 +0300] "GET /blog/all-blog/9-nao-darwin-op-robocup-2011.pdf HTTP/1.1" 404 151 "-" "Mozilla/5.0 (compatible; SemrushBot/1.1~bl; +http://www.semrush.com/bot.html)"
192.243.55.137 - - [12/Oct/2016:11:13:33 +0300] "GET /blog/all-blog/9-nao-darwin-op-robocup-2011.pdf HTTP/1.1" 404 151 "-" "Mozilla/5.0 (compatible; SemrushBot/1.1~bl; +http://www.semrush.com/bot.html)"
192.243.55.134 - - [12/Oct/2016:11:13:33 +0300] "GET /index.php/categories/item/41-recommendatory-system/categories/categories/categories HTTP/1.1" 404 151 "-" "Mozilla/5.0 (compatible; SemrushBot/1.1~bl; +http://www.semrush.com/bot.html)"
192.243.55.131 - - [12/Oct/2016:11:13:50 +0300] "GET /index.php/component/mailto?link=07805ecc35857f8af960ededbe3f0194ae839f89&tmpl=component HTTP/1.1" 404 151 "-" "Mozilla/5.0 (compatible; SemrushBot/1.1~bl; +http://www.semrush.com/bot.html)"
192.243.55.134 - - [12/Oct/2016:11:14:33 +0300] "GET /projects.pdf HTTP/1.1" 404 151 "-" "Mozilla/5.0 (compatible; SemrushBot/1.1~bl; +http://www.semrush.com/bot.html)"
192.243.55.135 - - [12/Oct/2016:11:14:58 +0300] "GET /index.php/component/mailto/?link=aHR0cDovL2JpLWdyb3VwbGFicy5ydS9pbmRleC5waHAvdXNlci9pdGVtLzQyLWFycy1tb3JlL3VzZXIvaW5kZXgucGhwL3VzZXI%3D&tmpl=component HTTP/1.1" 404 151 "-" "Mozilla/5.0 (compatible; SemrushBot/1.1~bl; +http://www.semrush.com/bot.html)"
192.243.55.129 - - [12/Oct/2016:11:15:12 +0300] "GET /index.php/category-table/38-i-installed-with-my-own-language-but-the-back-end-is-still-in-english/category-table HTTP/1.1" 404 151 "-" "Mozilla/5.0 (compatible; SemrushBot/1.1~bl; +http://www.semrush.com/bot.html)"
192.243.55.135 - - [12/Oct/2016:11:16:03 +0300] "GET /index.php/categories/investment-guide/itemlist/category/7-power-consumption/categories/investment-guide/categories/investment-guide/categories/index.php HTTP/1.1" 404 151 "-" "Mozilla/5.0 (compatible; SemrushBot/1.1~bl; +http://www.semrush.com/bot.html)"
192.243.55.133 - - [12/Oct/2016:11:16:06 +0300] "GET /omparison.pdf HTTP/1.1" 404 151 "-" "Mozilla/5.0 (compatible; SemrushBot/1.1~bl; +http://www.semrush.com/bot.html)"
207.46.13.177 - - [12/Oct/2016:11:16:10 +0300] "GET /Compiere/technology/architecture/ HTTP/1.1" 404 151 "-" "Mozilla/5.0 (compatible; bingbot/2.0; +http://www.bing.com/bingbot.htm)"
192.243.55.134 - - [12/Oct/2016:11:16:26 +0300] "GET /blog/1-latest-news/6-smart-department.pdf HTTP/1.1" 404 151 "-" "Mozilla/5.0 (compatible; SemrushBot/1.1~bl; +http://www.semrush.com/bot.html)"
192.243.55.129 - - [12/Oct/2016:11:17:12 +0300] "GET /index.php/component/content/component/content HTTP/1.1" 404 151 "-" "Mozilla/5.0 (compatible; SemrushBot/1.1~bl; +http://www.semrush.com/bot.html)"
192.243.55.131 - - [12/Oct/2016:11:17:35 +0300] "GET /about-us.pdf HTTP/1.1" 404 151 "-" "Mozilla/5.0 (compatible; SemrushBot/1.1~bl; +http://www.semrush.com/bot.html)"
192.243.55.137 - - [12/Oct/2016:11:17:43 +0300] "GET /statistics.pdf HTTP/1.1" 404 151 "-" "Mozilla/5.0 (compatible; SemrushBot/1.1~bl; +http://www.semrush.com/bot.html)"
192.243.55.131 - - [12/Oct/2016:11:17:43 +0300] "GET /about-us.pdf HTTP/1.1" 404 151 "-" "Mozilla/5.0 (compatible; SemrushBot/1.1~bl; +http://www.semrush.com/bot.html)"
192.243.55.131 - - [12/Oct/2016:11:18:40 +0300] "GET /about-service.html HTTP/1.1" 404 151 "-" "Mozilla/5.0 (compatible; SemrushBot/1.1~bl; +http://www.semrush.com/bot.html)"
192.243.55.136 - - [12/Oct/2016:11:19:20 +0300] "GET /index.php/categories/investment-guide/itemlist/tag/%D0%91%D0%B0%D0%BD%D0%BA%D0%B8/categories/index.php HTTP/1.1" 404 151 "-" "Mozilla/5.0 (compatible; SemrushBot/1.1~bl; +http://www.semrush.com/bot.html)"
192.243.55.130 - - [12/Oct/2016:11:19:38 +0300] "GET /forecasts-english-premier-league-/forecasts-table-english-premier-league-.html?filternach&limit=10&page=5 HTTP/1.1" 404 151 "-" "Mozilla/5.0 (compatible; SemrushBot/1.1~bl; +http://www.semrush.com/bot.html)"
192.243.55.138 - - [12/Oct/2016:11:19:40 +0300] "GET /index.php/categories/financial-adviser/item/28-scoring-solutions HTTP/1.1" 404 151 "-" "Mozilla/5.0 (compatible; SemrushBot/1.1~bl; +http://www.semrush.com/bot.html)"
192.243.55.138 - - [12/Oct/2016:11:19:51 +0300] "GET /index.php/categories/financial-adviser/item/28-scoring-solutions/categories/index.php HTTP/1.1" 404 151 "-" "Mozilla/5.0 (compatible; SemrushBot/1.1~bl; +http://www.semrush.com/bot.html)"
185.159.37.8 - - [12/Oct/2016:11:20:01 +0300] "GET / HTTP/1.1" 404 151 "-" "Mozilla/5.0 (Windows NT 5.1; rv:9.0.1) Gecko/20100101 Firefox/9.0.1"
185.159.37.8 - - [12/Oct/2016:11:20:01 +0300] "GET /HNAP1/ HTTP/1.1" 404 151 "http://37.46.131.12/" "Mozilla/5.0 (Windows NT 5.1; rv:9.0.1) Gecko/20100101 Firefox/9.0.1"
192.243.55.137 - - [12/Oct/2016:11:20:18 +0300] "GET /index.php/categories/petrochemistry/itemlist/tag/index.php/categories/index.php HTTP/1.1" 404 151 "-" "Mozilla/5.0 (compatible; SemrushBot/1.1~bl; +http://www.semrush.com/bot.html)"
192.243.55.138 - - [12/Oct/2016:11:20:24 +0300] "GET /index.php/categories/itemlist/tag/%D0%A2%D0%BE%D1%80%D0%B3%D0%BE%D0%B2%D0%BB%D1%8F/categories/categories/categories/categories HTTP/1.1" 404 151 "-" "Mozilla/5.0 (compatible; SemrushBot/1.1~bl; +http://www.semrush.com/bot.html)"
192.243.55.131 - - [12/Oct/2016:11:21:33 +0300] "GET /index.php/joomla-pages3/category-blog/44-joomla-security-strike-team/joomla-pages3/index.php HTTP/1.1" 404 151 "-" "Mozilla/5.0 (compatible; SemrushBot/1.1~bl; +http://www.semrush.com/bot.html)"
192.243.55.132 - - [12/Oct/2016:11:21:45 +0300] "GET /index.php/categories/petrochemistry/item/41-recommendatory-system?print=1&tmpl=component HTTP/1.1" 404 151 "-" "Mozilla/5.0 (compatible; SemrushBot/1.1~bl; +http://www.semrush.com/bot.html)"
192.243.55.138 - - [12/Oct/2016:11:22:13 +0300] "GET /forum/profile.html?user_id=2474 HTTP/1.1" 404 151 "-" "Mozilla/5.0 (compatible; SemrushBot/1.1~bl; +http://www.semrush.com/bot.html)"
192.243.55.135 - - [12/Oct/2016:11:23:07 +0300] "GET /index.php/section-blog/31-general/12-why-does-joomla-15-use-utf-8-encoding?layout=default&page&print=1&tmpl=component HTTP/1.1" 404 151 "-" "Mozilla/5.0 (compatible; SemrushBot/1.1~bl; +http://www.semrush.com/bot.html)"
192.243.55.133 - - [12/Oct/2016:11:23:10 +0300] "GET /index.php/user/itemlist/tag/%D0%AD%D0%BD%D0%B5%D1%80%D0%B3%D0%BE%D1%81%D0%B1%D1%8B%D1%82 HTTP/1.1" 404 151 "-" "Mozilla/5.0 (compatible; SemrushBot/1.1~bl; +http://www.semrush.com/bot.html)"
192.243.55.130 - - [12/Oct/2016:11:23:16 +0300] "GET /index.php/categories/investment-guide/itemlist/tag/%D0%AD%D0%BD%D0%B5%D1%80%D0%B3%D0%BE%D1%81%D0%B1%D1%8B%D1%82 HTTP/1.1" 404 151 "-" "Mozilla/5.0 (compatible; SemrushBot/1.1~bl; +http://www.semrush.com/bot.html)"
192.243.55.132 - - [12/Oct/2016:11:23:26 +0300] "GET /index.php/categories/petrochemistry/item/41-recommendatory-system?print=1&tmpl=component HTTP/1.1" 404 151 "-" "Mozilla/5.0 (compatible; SemrushBot/1.1~bl; +http://www.semrush.com/bot.html)"
207.46.13.177 - - [12/Oct/2016:11:23:31 +0300] "GET /deductor/deductor_viewer.htm HTTP/1.1" 404 151 "-" "Mozilla/5.0 (compatible; bingbot/2.0; +http://www.bing.com/bingbot.htm)"
192.243.55.134 - - [12/Oct/2016:11:23:51 +0300] "GET /index.php/categories/itemlist/tag/%D0%A0%D0%B5%D0%BA%D0%BE%D0%BC%D0%B5%D0%BD%D0%B4%D0%B0%D1%82%D0%B5%D0%BB%D1%8C%D0%BD%D0%B0%D1%8F%20%D1%81%D0%B8%D1%81%D1%82%D0%B5%D0%BC%D0%B0/categories/categories/categories/categories HTTP/1.1" 404 151 "-" "Mozilla/5.0 (compatible; SemrushBot/1.1~bl; +http://www.semrush.com/bot.html)"
95.108.129.196 - - [12/Oct/2016:11:24:16 +0300] "GET / HTTP/1.1" 404 151 "-" "Mozilla/5.0 (compatible; YandexMetrika/2.0; +http://yandex.com/bots mtmon01e.yandex.ru)"
192.243.55.133 - - [12/Oct/2016:11:24:49 +0300] "GET /index.php/user/itemlist/tag?format=feed&limitstart HTTP/1.1" 404 151 "-" "Mozilla/5.0 (compatible; SemrushBot/1.1~bl; +http://www.semrush.com/bot.html)"
192.243.55.130 - - [12/Oct/2016:11:25:23 +0300] "GET /index.php/categories/energosbyt/itemlist/tag/%D0%9D%D0%B5%D1%84%D1%82%D0%B5%D1%85%D0%B8%D0%BC%D0%B8%D1%8F/categories/energosbyt HTTP/1.1" 404 151 "-" "Mozilla/5.0 (compatible; SemrushBot/1.1~bl; +http://www.semrush.com/bot.html)"
192.243.55.135 - - [12/Oct/2016:11:25:28 +0300] "GET /forum/profile.html?user_id=2471 HTTP/1.1" 404 151 "-" "Mozilla/5.0 (compatible; SemrushBot/1.1~bl; +http://www.semrush.com/bot.html)"
192.243.55.132 - - [12/Oct/2016:11:25:35 +0300] "GET /index.php/categories/metallurgy/itemlist/category/15-energosbyt/categories/index.php/categories/metallurgy/categories/index.php HTTP/1.1" 404 151 "-" "Mozilla/5.0 (compatible; SemrushBot/1.1~bl; +http://www.semrush.com/bot.html)"
192.243.55.132 - - [12/Oct/2016:11:25:40 +0300] "GET /index.php/categories/metallurgy/itemlist/category/15-energosbyt/categories/index.php/categories/metallurgy/categories/index.php HTTP/1.1" 404 151 "-" "Mozilla/5.0 (compatible; SemrushBot/1.1~bl; +http://www.semrush.com/bot.html)"
192.243.55.136 - - [12/Oct/2016:11:25:44 +0300] "GET /index.php/categories/investment-guide/itemlist/tag/%D0%AD%D0%BD%D0%B5%D1%80%D0%B3%D0%BE%D1%81%D0%B1%D1%8B%D1%82?format=feed&limitstart HTTP/1.1" 404 151 "-" "Mozilla/5.0 (compatible; SemrushBot/1.1~bl; +http://www.semrush.com/bot.html)"
192.243.55.136 - - [12/Oct/2016:11:26:19 +0300] "GET /index.php/categories/itemlist/category/7-power-consumption/categories/categories HTTP/1.1" 404 151 "-" "Mozilla/5.0 (compatible; SemrushBot/1.1~bl; +http://www.semrush.com/bot.html)"
192.243.55.135 - - [12/Oct/2016:11:26:25 +0300] "GET /index.php/categories/petrochemistry/item/41-recommendatory-system?print=1&tmpl=component HTTP/1.1" 404 151 "-" "Mozilla/5.0 (compatible; SemrushBot/1.1~bl; +http://www.semrush.com/bot.html)"
192.243.55.136 - - [12/Oct/2016:11:27:22 +0300] "GET /index.php/categories/energosbyt/itemlist/tag/%D0%91%D0%B0%D0%BD%D0%BA%D0%B8/categories/energosbyt HTTP/1.1" 404 151 "-" "Mozilla/5.0 (compatible; SemrushBot/1.1~bl; +http://www.semrush.com/bot.html)"
192.243.55.129 - - [12/Oct/2016:11:27:32 +0300] "GET /index.php/services/trainings/forecasting-electricity/index.php HTTP/1.1" 404 151 "-" "Mozilla/5.0 (compatible; SemrushBot/1.1~bl; +http://www.semrush.com/bot.html)"
192.243.55.134 - - [12/Oct/2016:11:27:36 +0300] "GET /index.php/categories/energosbyt/itemlist/tag/%D0%A2%D0%BE%D1%80%D0%B3%D0%BE%D0%B2%D0%BB%D1%8F?format=feed&limitstart HTTP/1.1" 404 151 "-" "Mozilla/5.0 (compatible; SemrushBot/1.1~bl; +http://www.semrush.com/bot.html)"
192.243.55.137 - - [12/Oct/2016:11:27:49 +0300] "GET /index.php/categories/metallurgy/itemlist/tag/%D0%9C%D0%B5%D1%82%D0%B0%D0%BB%D0%BB%D1%83%D1%80%D0%B3%D0%B8%D1%8F/categories/index.php HTTP/1.1" 404 151 "-" "Mozilla/5.0 (compatible; SemrushBot/1.1~bl; +http://www.semrush.com/bot.html)"
192.243.55.130 - - [12/Oct/2016:11:28:22 +0300] "GET /service/34-description-service/44-odio-turpis-nam-orci.html?layout=default&page&print=1&tmpl=component HTTP/1.1" 404 151 "-" "Mozilla/5.0 (compatible; SemrushBot/1.1~bl; +http://www.semrush.com/bot.html)"
192.243.55.137 - - [12/Oct/2016:11:28:26 +0300] "GET /index.php/categories/item/41-recommendatory-system/categories/categories HTTP/1.1" 404 151 "-" "Mozilla/5.0 (compatible; SemrushBot/1.1~bl; +http://www.semrush.com/bot.html)"
192.243.55.137 - - [12/Oct/2016:11:28:54 +0300] "GET /omparison.html?page&print=1&tmpl=component HTTP/1.1" 404 151 "-" "Mozilla/5.0 (compatible; SemrushBot/1.1~bl; +http://www.semrush.com/bot.html)"
192.243.55.136 - - [12/Oct/2016:11:29:08 +0300] "GET /index.php/categories/investment-guide/itemlist/tag/index.php HTTP/1.1" 404 151 "-" "Mozilla/5.0 (compatible; SemrushBot/1.1~bl; +http://www.semrush.com/bot.html)"
192.243.55.137 - - [12/Oct/2016:11:29:16 +0300] "GET /omparison.html?page&print=1&tmpl=component HTTP/1.1" 404 151 "-" "Mozilla/5.0 (compatible; SemrushBot/1.1~bl; +http://www.semrush.com/bot.html)"
157.55.39.170 - - [12/Oct/2016:11:29:29 +0300] "GET /Rech/nedvizh/ HTTP/1.1" 404 151 "-" "msnbot-media/1.1 (+http://search.msn.com/msnbot.htm)"
192.243.55.135 - - [12/Oct/2016:11:29:30 +0300] "GET /index.php/services/trainings/forecasting-electricity/training-program-energy/services/trainings/forecasting-electricity/index.php HTTP/1.1" 404 151 "-" "Mozilla/5.0 (compatible; SemrushBot/1.1~bl; +http://www.semrush.com/bot.html)"
192.243.55.133 - - [12/Oct/2016:11:29:35 +0300] "GET /index.php/component/mailto/?link=aHR0cDovL3d3dy5iaS1ncm91cGxhYnMucnUvaW5kZXgucGhwL3VzZXIvaXRlbS80MS1yZWNvbW1lbmRhdG9yeS1zeXN0ZW0vaW5kZXgucGhw&tmpl=component HTTP/1.1" 404 151 "-" "Mozilla/5.0 (compatible; SemrushBot/1.1~bl; +http://www.semrush.com/bot.html)"
192.243.55.130 - - [12/Oct/2016:11:30:13 +0300] "GET /index.php/categories/itemlist/tag/%D0%AD%D0%BD%D0%B5%D1%80%D0%B3%D0%BE%D1%81%D0%B1%D1%8B%D1%82?format=feed&limitstart HTTP/1.1" 404 151 "-" "Mozilla/5.0 (compatible; SemrushBot/1.1~bl; +http://www.semrush.com/bot.html)"
192.243.55.137 - - [12/Oct/2016:11:30:31 +0300] "GET /index.php/categories/index.php/categories/categories/categories/categories HTTP/1.1" 404 151 "-" "Mozilla/5.0 (compatible; SemrushBot/1.1~bl; +http://www.semrush.com/bot.html)"
192.243.55.131 - - [12/Oct/2016:11:30:40 +0300] "GET /index.php/categoryblog/35-is-it-possible-to-change-the-types-of-menu-entries HTTP/1.1" 404 151 "-" "Mozilla/5.0 (compatible; SemrushBot/1.1~bl; +http://www.semrush.com/bot.html)"
192.243.55.137 - - [12/Oct/2016:11:30:58 +0300] "GET /index.php/categories/investment-guide/categories/index.php/categories/index.php HTTP/1.1" 404 151 "-" "Mozilla/5.0 (compatible; SemrushBot/1.1~bl; +http://www.semrush.com/bot.html)"
192.243.55.138 - - [12/Oct/2016:11:31:13 +0300] "GET /index.php/component/mailto?link=affcee6e409c87e9635e2443c94493ee9b9fd232&tmpl=component HTTP/1.1" 404 151 "-" "Mozilla/5.0 (compatible; SemrushBot/1.1~bl; +http://www.semrush.com/bot.html)"
192.243.55.136 - - [12/Oct/2016:11:31:45 +0300] "GET /forum/forum.html?filter_order=t.id&filter_order_Dir=desc&id=6 HTTP/1.1" 404 151 "-" "Mozilla/5.0 (compatible; SemrushBot/1.1~bl; +http://www.semrush.com/bot.html)"
192.243.55.137 - - [12/Oct/2016:11:31:51 +0300] "GET /forecasts-english-premier-league-/index.php?Itemid=88&choose=5&option=com_eventtableedit&page=10&task=saveOrder HTTP/1.1" 404 151 "-" "Mozilla/5.0 (compatible; SemrushBot/1.1~bl; +http://www.semrush.com/bot.html)"
192.243.55.130 - - [12/Oct/2016:11:32:03 +0300] "GET /index.php/categories/energosbyt/itemlist/tag/%D0%9C%D0%B5%D1%82%D0%B0%D0%BB%D0%BB%D1%83%D1%80%D0%B3%D0%B8%D1%8F/categories/index.php/categories/energosbyt/categories/energosbyt HTTP/1.1" 404 151 "-" "Mozilla/5.0 (compatible; SemrushBot/1.1~bl; +http://www.semrush.com/bot.html)"
192.243.55.138 - - [12/Oct/2016:11:32:29 +0300] "GET /football_stat/england/round2.htm HTTP/1.1" 404 151 "-" "Mozilla/5.0 (compatible; SemrushBot/1.1~bl; +http://www.semrush.com/bot.html)"
192.243.55.138 - - [12/Oct/2016:11:32:44 +0300] "GET /index.php/services/trainings/79-trainings HTTP/1.1" 404 151 "-" "Mozilla/5.0 (compatible; SemrushBot/1.1~bl; +http://www.semrush.com/bot.html)"
192.243.55.136 - - [12/Oct/2016:11:33:14 +0300] "GET /index.php/component/mailto?link=aHR0cDovL3d3dy5iaS1ncm91cGxhYnMucnUvaW5kZXgucGhwL2NhdGVnb3JpZXMvZmluYW5jaWFsLWFkdmlzZXIvaXRlbS8yOC1zY29yaW5nLXNvbHV0aW9ucy9jYXRlZ29yaWVzL2ZpbmFuY2lhbC1hZHZpc2VyL2NhdGVnb3JpZXMvZmluYW5jaWFsLWFkdmlzZXIvY2F0ZWdvcmllcy9maW5hbmNpYWwtYWR2aXNlci9jYXRlZ29yaWVzL2ZpbmFuY2lhbC1hZHZpc2Vy&tmpl=component HTTP/1.1" 404 151 "-" "Mozilla/5.0 (compatible; SemrushBot/1.1~bl; +http://www.semrush.com/bot.html)"
192.243.55.138 - - [12/Oct/2016:11:33:37 +0300] "GET /index.php/component/content/article/34-template-articles/74-sales-growth?format=pdf HTTP/1.1" 404 151 "-" "Mozilla/5.0 (compatible; SemrushBot/1.1~bl; +http://www.semrush.com/bot.html)"
192.243.55.133 - - [12/Oct/2016:11:34:29 +0300] "GET /forum/forum.html?filter_order=t.id&filter_order_Dir=desc&id=4 HTTP/1.1" 404 151 "-" "Mozilla/5.0 (compatible; SemrushBot/1.1~bl; +http://www.semrush.com/bot.html)"
180.76.15.34 - - [12/Oct/2016:11:34:48 +0300] "GET /robots.txt HTTP/1.1" 404 151 "-" "Mozilla/5.0 (Windows NT 5.1; rv:6.0.2) Gecko/20100101 Firefox/6.0.2"
180.76.15.25 - - [12/Oct/2016:11:34:48 +0300] "GET /robots.txt HTTP/1.1" 404 151 "-" "Mozilla/5.0 (Windows NT 5.1; rv:6.0.2) Gecko/20100101 Firefox/6.0.2"
192.243.55.137 - - [12/Oct/2016:11:34:53 +0300] "GET /index.php/component/mailto/?link=aHR0cDovL2JpLWdyb3VwbGFicy5ydS9pbmRleC5waHAvY2F0ZWdvcmllcy9tZXRhbGx1cmd5L2l0ZW0vNDEtcmVjb21tZW5kYXRvcnktc3lzdGVtL2NhdGVnb3JpZXMvbWV0YWxsdXJneS9jYXRlZ29yaWVzL2luZGV4LnBocC9jYXRlZ29yaWVzL21ldGFsbHVyZ3k%3D&tmpl=component HTTP/1.1" 404 151 "-" "Mozilla/5.0 (compatible; SemrushBot/1.1~bl; +http://www.semrush.com/bot.html)"
192.243.55.136 - - [12/Oct/2016:11:35:05 +0300] "GET /index.php/categories/energosbyt/item/41-recommendatory-system/categories/energosbyt/categories/index.php/categories/energosbyt HTTP/1.1" 404 151 "-" "Mozilla/5.0 (compatible; SemrushBot/1.1~bl; +http://www.semrush.com/bot.html)"
192.243.55.129 - - [12/Oct/2016:11:35:36 +0300] "GET /index.php/component/mailto/?link=571c1483f4f82cfd6a59c06b2b93b512f5c1ea2b&tmpl=component HTTP/1.1" 404 151 "-" "Mozilla/5.0 (compatible; SemrushBot/1.1~bl; +http://www.semrush.com/bot.html)"
192.243.55.129 - - [12/Oct/2016:11:35:55 +0300] "GET /forecasts-english-premier-league-/forecasts-table-english-premier-league-.html?filternach&limit=10&page=2 HTTP/1.1" 404 151 "-" "Mozilla/5.0 (compatible; SemrushBot/1.1~bl; +http://www.semrush.com/bot.html)"
192.243.55.134 - - [12/Oct/2016:11:36:28 +0300] "GET /index.php/categories/energosbyt/item/42-ars-more HTTP/1.1" 404 151 "-" "Mozilla/5.0 (compatible; SemrushBot/1.1~bl; +http://www.semrush.com/bot.html)"
192.243.55.129 - - [12/Oct/2016:11:36:30 +0300] "GET /index.php/user/index.php/user/user HTTP/1.1" 404 151 "-" "Mozilla/5.0 (compatible; SemrushBot/1.1~bl; +http://www.semrush.com/bot.html)"
192.243.55.134 - - [12/Oct/2016:11:37:11 +0300] "GET /index.php/categories/energosbyt/itemlist/category/13-metallurgy?format=feed HTTP/1.1" 404 151 "-" "Mozilla/5.0 (compatible; SemrushBot/1.1~bl; +http://www.semrush.com/bot.html)"
192.243.55.138 - - [12/Oct/2016:11:37:31 +0300] "GET /seminars HTTP/1.1" 404 151 "-" "Mozilla/5.0 (compatible; SemrushBot/1.1~bl; +http://www.semrush.com/bot.html)"
192.243.55.134 - - [12/Oct/2016:11:37:39 +0300] "GET /for-students/articles-student.html HTTP/1.1" 404 151 "-" "Mozilla/5.0 (compatible; SemrushBot/1.1~bl; +http://www.semrush.com/bot.html)"
192.243.55.134 - - [12/Oct/2016:11:37:55 +0300] "GET /for-students/articles-student.html HTTP/1.1" 404 151 "-" "Mozilla/5.0 (compatible; SemrushBot/1.1~bl; +http://www.semrush.com/bot.html)"
192.243.55.137 - - [12/Oct/2016:11:38:08 +0300] "GET /component/user HTTP/1.1" 404 151 "-" "Mozilla/5.0 (compatible; SemrushBot/1.1~bl; +http://www.semrush.com/bot.html)"
192.243.55.131 - - [12/Oct/2016:11:38:20 +0300] "GET /index.php/component/mailto?link=aHR0cDovL3d3dy5iaS1ncm91cGxhYnMucnUvaW5kZXgucGhwL2NhdGVnb3JpZXMvbWFya2V0LWNlbnRlci9pdGVtLzQxLXJlY29tbWVuZGF0b3J5LXN5c3RlbS9jYXRlZ29yaWVzL21hcmtldC1jZW50ZXIvY2F0ZWdvcmllcy9pbmRleC5waHA%3D&tmpl=component HTTP/1.1" 404 151 "-" "Mozilla/5.0 (compatible; SemrushBot/1.1~bl; +http://www.semrush.com/bot.html)"
192.243.55.131 - - [12/Oct/2016:11:38:40 +0300] "GET /forecasts-english-premier-league-/forecasts-table-english-premier-league-.html?filternach&limit=10&page=4 HTTP/1.1" 404 151 "-" "Mozilla/5.0 (compatible; SemrushBot/1.1~bl; +http://www.semrush.com/bot.html)"
